Component: ARM Compiler 5.05 update 1 (build 106) Tool: armlink [4d0efa]

==============================================================================

Section Cross References

    .\build\main.o(i._Z11moveStepperv) refers to .\build\main.o(i._ZN4mbed10DigitalOutcviEv) for mbed::DigitalOut::operator int()
    .\build\main.o(i._Z11moveStepperv) refers to .\build\main.o(i._ZN4mbed10DigitalOutaSEi) for mbed::DigitalOut::operator =(int)
    .\build\main.o(i._Z11moveStepperv) refers to .\build\main.o(.bss) for axisX
    .\build\main.o(i._Z12moveStepperXv) refers to .\build\main.o(i._ZN4mbed10DigitalOutcviEv) for mbed::DigitalOut::operator int()
    .\build\main.o(i._Z12moveStepperXv) refers to .\build\main.o(i._ZN4mbed10DigitalOutaSEi) for mbed::DigitalOut::operator =(int)
    .\build\main.o(i._Z12moveStepperXv) refers to .\build\main.o(.bss) for axisX
    .\build\main.o(i._Z12moveStepperYv) refers to .\build\main.o(i._ZN4mbed10DigitalOutcviEv) for mbed::DigitalOut::operator int()
    .\build\main.o(i._Z12moveStepperYv) refers to .\build\main.o(i._ZN4mbed10DigitalOutaSEi) for mbed::DigitalOut::operator =(int)
    .\build\main.o(i._Z12moveStepperYv) refers to .\build\main.o(.bss) for axisY
    .\build\main.o(i._Z12moveStepperZv) refers to .\build\main.o(i._ZN4mbed10DigitalOutcviEv) for mbed::DigitalOut::operator int()
    .\build\main.o(i._Z12moveStepperZv) refers to .\build\main.o(i._ZN4mbed10DigitalOutaSEi) for mbed::DigitalOut::operator =(int)
    .\build\main.o(i._Z12moveStepperZv) refers to .\build\main.o(.bss) for axisZ
    .\build\main.o(i._Z5initXv) refers to .\build\main.o(i._ZN4mbed10DigitalOutaSEi) for mbed::DigitalOut::operator =(int)
    .\build\main.o(i._Z5initXv) refers to .\build\main.o(i._ZN4mbed9DigitalIn4readEv) for mbed::DigitalIn::read()
    .\build\main.o(i._Z5initXv) refers to .\build\main.o(.bss) for axisX
    .\build\main.o(i._Z5initYv) refers to .\build\main.o(i._ZN4mbed10DigitalOutaSEi) for mbed::DigitalOut::operator =(int)
    .\build\main.o(i._Z5initYv) refers to .\build\main.o(i._ZN4mbed9DigitalIn4readEv) for mbed::DigitalIn::read()
    .\build\main.o(i._Z5initYv) refers to .\build\main.o(.bss) for axisY
    .\build\main.o(i._Z5initZv) refers to .\build\main.o(i._ZN4mbed10DigitalOutaSEi) for mbed::DigitalOut::operator =(int)
    .\build\main.o(i._Z5initZv) refers to .\build\main.o(i._ZN4mbed9DigitalIn4readEv) for mbed::DigitalIn::read()
    .\build\main.o(i._Z5initZv) refers to .\build\main.o(.bss) for axisZ
    .\build\main.o(i._Z5setupv) refers to .\build\main.o(i._ZN12stepperMotor4initEv) for stepperMotor::init()
    .\build\main.o(i._Z5setupv) refers to .\build\main.o(.bss) for axisX
    .\build\main.o(i._ZN12stepperMotor4initEv) refers to .\build\main.o(i._ZN4mbed10DigitalOutaSEi) for mbed::DigitalOut::operator =(int)
    .\build\main.o(i._ZN12stepperMotor4initEv) refers to .\build\main.o(t._ZN4mbed8CallbackIFvvEEC1EPS1_) for mbed::Callback<void()>::Callback(void(*)())
    .\build\main.o(i._ZN12stepperMotor4initEv) refers to C:\Keil_v5\ARM\ARMCC\Bin\..\lib\armlib\fz_ws.l(fmul.o)(x$fpl$fmul) for __aeabi_fmul
    .\build\main.o(i._ZN12stepperMotor4initEv) refers to C:\Keil_v5\ARM\ARMCC\Bin\..\lib\armlib\fz_ws.l(ffixull.o)(x$fpl$llufromf) for __aeabi_f2ulz
    .\build\main.o(i._ZN12stepperMotor4initEv) refers to .\build\main.o(t._ZN4mbed8CallbackIFvvEEC1ERKS2_) for mbed::Callback<void()>::Callback(const mbed::Callback<void()>&)
    .\build\main.o(i._ZN12stepperMotor4initEv) refers to .\build\main.o(i._ZN4mbed6Ticker9attach_usENS_8CallbackIFvvEEEy) for mbed::Ticker::attach_us(mbed::Callback<void()>, unsigned long long)
    .\build\main.o(i._ZN12stepperMotor4initEv) refers to .\build\main.o(t._ZN4mbed8CallbackIFvvEED1Ev) for mbed::Callback<void()>::~Callback()
    .\build\main.o(i._ZN12stepperMotor4initEv) refers to .\build\main.o(i._Z11moveStepperv) for moveStepper()
    .\build\main.o(i.__sti___8_main_cpp_77b7c9ba) refers to .\build\main.o(i._ZN4mbed9DigitalInC1E7PinName) for mbed::DigitalIn::DigitalIn(PinName)
    .\build\main.o(i.__sti___8_main_cpp_77b7c9ba) refers to .\build\main.o(i._ZN12stepperMotorC1E7PinNameS0_S0_) for stepperMotor::stepperMotor(PinName, PinName, PinName)
    .\build\main.o(i.__sti___8_main_cpp_77b7c9ba) refers to mbed/TARGET_NUCLEO_F103RB/TOOLCHAIN_ARM_STD/mbed_retarget.o(i.__aeabi_atexit) for __aeabi_atexit
    .\build\main.o(i.__sti___8_main_cpp_77b7c9ba) refers to .\build\main.o(.bss) for limitSwitchX
    .\build\main.o(i.__sti___8_main_cpp_77b7c9ba) refers to .\build\main.o(i._ZN12stepperMotorD1Ev) for stepperMotor::~stepperMotor()
    .\build\main.o(i.main) refers to .\build\main.o(i._Z5setupv) for setup()
    .\build\main.o(i.main) refers to .\build\main.o(i._Z5initXv) for initX()
    .\build\main.o(i.main) refers to .\build\main.o(i._Z5initYv) for initY()
    .\build\main.o(i.main) refers to .\build\main.o(i._Z5initZv) for initZ()
    .\build\main.o(.ARM.exidx) refers to .\build\main.o(i._Z11moveStepperv) for i._Z11moveStepperv
[...]
    __cxa_guard_release                      0x08003c59   Thumb Code    40  mbed/TARGET_NUCLEO_F103RB/TOOLCHAIN_ARM_STD/mbed_retarget.o(i.__cxa_guard_release)
    __cxa_pure_virtual                       0x08003cc5   Thumb Code     6  C:\Keil_v5\ARM\ARMCC\Bin\..\lib\cpplib\cpprt_w.l(pure_virt.o)(i.__cxa_pure_virtual)
    __user_setup_stackheap                   0x08003d4d   Thumb Code     8  mbed/TARGET_NUCLEO_F103RB/TOOLCHAIN_ARM_STD/mbed_retarget.o(i.__user_setup_stackheap)
    _is_digit                                0x08003d55   Thumb Code    14  C:\Keil_v5\ARM\ARMCC\Bin\..\lib\armlib\c_w.l(__printf_wp.o)(i._is_digit)
    _mbed_user_setup_stackheap               0x08003d65   Thumb Code    10  mbed/TARGET_NUCLEO_F103RB/TOOLCHAIN_ARM_STD/mbed_retarget.o(i._mbed_user_setup_stackheap)
    _platform_post_stackheap_init            0x08003d75   Thumb Code    24  mbed/TARGET_NUCLEO_F103RB/TOOLCHAIN_ARM_STD/mbed_sdk_boot.o(i._platform_post_stackheap_init)
    _sys_close                               0x08003d91   Thumb Code    58  mbed/TARGET_NUCLEO_F103RB/TOOLCHAIN_ARM_STD/mbed_retarget.o(i._sys_close)
    _sys_flen                                0x08003dd1   Thumb Code    48  mbed/TARGET_NUCLEO_F103RB/TOOLCHAIN_ARM_STD/mbed_retarget.o(i._sys_flen)
    _sys_istty                               0x08003e01   Thumb Code    46  mbed/TARGET_NUCLEO_F103RB/TOOLCHAIN_ARM_STD/mbed_retarget.o(i._sys_istty)
    _sys_open                                0x08003e31   Thumb Code   138  mbed/TARGET_NUCLEO_F103RB/TOOLCHAIN_ARM_STD/mbed_retarget.o(i._sys_open)
    _sys_seek                                0x08003ec9   Thumb Code    54  mbed/TARGET_NUCLEO_F103RB/TOOLCHAIN_ARM_STD/mbed_retarget.o(i._sys_seek)
    _sys_write                               0x08003f01   Thumb Code   100  mbed/TARGET_NUCLEO_F103RB/TOOLCHAIN_ARM_STD/mbed_retarget.o(i._sys_write)
    core_util_are_interrupts_enabled         0x08004099   Thumb Code    12  mbed/TARGET_NUCLEO_F103RB/TOOLCHAIN_ARM_STD/mbed.ar(mbed_critical.o)(i.core_util_are_interrupts_enabled)
    core_util_atomic_decr_u16                0x080040a5   Thumb Code    20  mbed/TARGET_NUCLEO_F103RB/TOOLCHAIN_ARM_STD/mbed.ar(mbed_critical.o)(i.core_util_atomic_decr_u16)
    core_util_atomic_incr_u16                0x080040b9   Thumb Code    20  mbed/TARGET_NUCLEO_F103RB/TOOLCHAIN_ARM_STD/mbed.ar(mbed_critical.o)(i.core_util_atomic_incr_u16)
    core_util_critical_section_enter         0x080040cd   Thumb Code    34  mbed/TARGET_NUCLEO_F103RB/TOOLCHAIN_ARM_STD/mbed.ar(mbed_critical.o)(i.core_util_critical_section_enter)
    core_util_critical_section_exit          0x0800412d   Thumb Code    28  mbed/TARGET_NUCLEO_F103RB/TOOLCHAIN_ARM_STD/mbed.ar(mbed_critical.o)(i.core_util_critical_section_exit)
    core_util_is_isr_active                  0x0800414d   Thumb Code    12  mbed/TARGET_NUCLEO_F103RB/TOOLCHAIN_ARM_STD/mbed.ar(mbed_critical.o)(i.core_util_is_isr_active)
    error                                    0x08004171   Thumb Code    56  mbed/TARGET_NUCLEO_F103RB/TOOLCHAIN_ARM_STD/mbed.ar(mbed_error.o)(i.error)
    exit                                     0x080041cd   Thumb Code    24  mbed/TARGET_NUCLEO_F103RB/TOOLCHAIN_ARM_STD/mbed_retarget.o(i.exit)
    fputc                                    0x080041ed   Thumb Code    26  C:\Keil_v5\ARM\ARMCC\Bin\..\lib\armlib\c_w.l(fputc.o)(i.fputc)
    get_us_ticker_data                       0x08004209   Thumb Code     4  mbed/TARGET_NUCLEO_F103RB/TOOLCHAIN_ARM_STD/mbed.ar(mbed_us_ticker_api.o)(i.get_us_ticker_data)
    gpio_dir                                 0x08004211   Thumb Code   102  mbed/TARGET_NUCLEO_F103RB/TOOLCHAIN_ARM_STD/gpio_api.o(i.gpio_dir)
    gpio_init                                0x08004279   Thumb Code    78  mbed/TARGET_NUCLEO_F103RB/TOOLCHAIN_ARM_STD/gpio_api.o(i.gpio_init)
    gpio_init_in                             0x080042cd   Thumb Code    40  mbed/TARGET_NUCLEO_F103RB/TOOLCHAIN_ARM_STD/mbed.ar(mbed_gpio.o)(i.gpio_init_in)
    gpio_init_out                            0x080042f5   Thumb Code    46  mbed/TARGET_NUCLEO_F103RB/TOOLCHAIN_ARM_STD/mbed.ar(mbed_gpio.o)(i.gpio_init_out)
    gpio_mode                                0x08004323   Thumb Code     8  mbed/TARGET_NUCLEO_F103RB/TOOLCHAIN_ARM_STD/gpio_api.o(i.gpio_mode)
    hal_critical_section_enter               0x0800432d   Thumb Code    26  mbed/TARGET_NUCLEO_F103RB/TOOLCHAIN_ARM_STD/mbed.ar(mbed_critical_section_api.o)(i.hal_critical_section_enter)
    hal_critical_section_exit                0x0800434d   Thumb Code    42  mbed/TARGET_NUCLEO_F103RB/TOOLCHAIN_ARM_STD/mbed.ar(mbed_critical_section_api.o)(i.hal_critical_section_exit)
    init_uart                                0x08004435   Thumb Code    82  mbed/TARGET_NUCLEO_F103RB/TOOLCHAIN_ARM_STD/serial_api.o(i.init_uart)
    $Super$$main                             0x08004585   Thumb Code    20  .\build\main.o(i.main)
    mbed_assert_internal                     0x08004599   Thumb Code    32  mbed/TARGET_NUCLEO_F103RB/TOOLCHAIN_ARM_STD/mbed.ar(mbed_assert.o)(i.mbed_assert_internal)
    mbed_die                                 0x080045ed   Thumb Code    84  mbed/TARGET_NUCLEO_F103RB/TOOLCHAIN_ARM_STD/mbed_board.o(i.mbed_die)
    mbed_error                               0x08004641   Thumb Code    58  mbed/TARGET_NUCLEO_F103RB/TOOLCHAIN_ARM_STD/mbed.ar(mbed_error.o)(i.mbed_error)
    mbed_error_hist_put                      0x08004685   Thumb Code    66  mbed/TARGET_NUCLEO_F103RB/TOOLCHAIN_ARM_STD/mbed.ar(mbed_error_hist.o)(i.mbed_error_hist_put)
    mbed_error_printf                        0x080046d5   Thumb Code    76  mbed/TARGET_NUCLEO_F103RB/TOOLCHAIN_ARM_STD/mbed_board.o(i.mbed_error_printf)
    mbed_error_vfprintf                      0x08004729   Thumb Code    70  mbed/TARGET_NUCLEO_F103RB/TOOLCHAIN_ARM_STD/mbed_board.o(i.mbed_error_vfprintf)
    mbed_main                                0x08004779   Thumb Code     2  mbed/TARGET_NUCLEO_F103RB/TOOLCHAIN_ARM_STD/mbed_sdk_boot.o(i.mbed_main)
    mbed_sdk_init                            0x0800477b   Thumb Code    22  mbed/TARGET_NUCLEO_F103RB/TOOLCHAIN_ARM_STD/mbed_overrides.o(i.mbed_sdk_init)
    open                                     0x08004791   Thumb Code   176  mbed/TARGET_NUCLEO_F103RB/TOOLCHAIN_ARM_STD/mbed_retarget.o(i.open)
    pin_function                             0x08004849   Thumb Code   552  mbed/TARGET_NUCLEO_F103RB/TOOLCHAIN_ARM_STD/pinmap.o(i.pin_function)
    pin_mode                                 0x08004a99   Thumb Code   234  mbed/TARGET_NUCLEO_F103RB/TOOLCHAIN_ARM_STD/pinmap.o(i.pin_mode)
    pinmap_merge                             0x08004ba1   Thumb Code    48  mbed/TARGET_NUCLEO_F103RB/TOOLCHAIN_ARM_STD/mbed.ar(mbed_pinmap_common.o)(i.pinmap_merge)
    pinmap_peripheral                        0x08004be9   Thumb Code    72  mbed/TARGET_NUCLEO_F103RB/TOOLCHAIN_ARM_STD/mbed.ar(mbed_pinmap_common.o)(i.pinmap_peripheral)
    pinmap_pinout                            0x08004c55   Thumb Code    80  mbed/TARGET_NUCLEO_F103RB/TOOLCHAIN_ARM_STD/mbed.ar(mbed_pinmap_common.o)(i.pinmap_pinout)
    serial_baud                              0x08004f5d   Thumb Code    28  mbed/TARGET_NUCLEO_F103RB/TOOLCHAIN_ARM_STD/serial_api.o(i.serial_baud)
    serial_init                              0x08004fa5   Thumb Code   382  mbed/TARGET_NUCLEO_F103RB/TOOLCHAIN_ARM_STD/serial_api.o(i.serial_init)
    serial_putc                              0x080051b1   Thumb Code    46  mbed/TARGET_NUCLEO_F103RB/TOOLCHAIN_ARM_STD/serial_device.o(i.serial_putc)
    serial_writable                          0x080051e5   Thumb Code    18  mbed/TARGET_NUCLEO_F103RB/TOOLCHAIN_ARM_STD/serial_api.o(i.serial_writable)
    sleep_manager_lock_deep_sleep_internal   0x080051fd   Thumb Code    54  mbed/TARGET_NUCLEO_F103RB/TOOLCHAIN_ARM_STD/mbed.ar(mbed_sleep_manager.o)(i.sleep_manager_lock_deep_sleep_internal)
    sleep_manager_unlock_deep_sleep_internal 0x08005265   Thumb Code    48  mbed/TARGET_NUCLEO_F103RB/TOOLCHAIN_ARM_STD/mbed.ar(mbed_sleep_manager.o)(i.sleep_manager_unlock_deep_sleep_internal)
    ticker_insert_event_us                   0x080053b5   Thumb Code   112  mbed/TARGET_NUCLEO_F103RB/TOOLCHAIN_ARM_STD/mbed.ar(mbed_ticker_api.o)(i.ticker_insert_event_us)
    ticker_irq_handler                       0x08005425   Thumb Code    78  mbed/TARGET_NUCLEO_F103RB/TOOLCHAIN_ARM_STD/mbed.ar(mbed_ticker_api.o)(i.ticker_irq_handler)
    ticker_read                              0x08005473   Thumb Code    28  mbed/TARGET_NUCLEO_F103RB/TOOLCHAIN_ARM_STD/mbed.ar(mbed_ticker_api.o)(i.ticker_read)
    ticker_read_us                           0x0800548f   Thumb Code    30  mbed/TARGET_NUCLEO_F103RB/TOOLCHAIN_ARM_STD/mbed.ar(mbed_ticker_api.o)(i.ticker_read_us)
    ticker_remove_event                      0x080054ad   Thumb Code    56  mbed/TARGET_NUCLEO_F103RB/TOOLCHAIN_ARM_STD/mbed.ar(mbed_ticker_api.o)(i.ticker_remove_event)
    ticker_set_handler                       0x080054e5   Thumb Code    26  mbed/TARGET_NUCLEO_F103RB/TOOLCHAIN_ARM_STD/mbed.ar(mbed_ticker_api.o)(i.ticker_set_handler)
    timer_irq_handler                        0x08005501   Thumb Code    32  mbed/TARGET_NUCLEO_F103RB/TOOLCHAIN_ARM_STD/hal_tick_16b.o(i.timer_irq_handler)
    us_ticker_clear_interrupt                0x08005629   Thumb Code    12  mbed/TARGET_NUCLEO_F103RB/TOOLCHAIN_ARM_STD/us_ticker.o(i.us_ticker_clear_interrupt)
    us_ticker_disable_interrupt              0x08005639   Thumb Code    14  mbed/TARGET_NUCLEO_F103RB/TOOLCHAIN_ARM_STD/us_ticker.o(i.us_ticker_disable_interrupt)
    us_ticker_fire_interrupt                 0x0800564d   Thumb Code    32  mbed/TARGET_NUCLEO_F103RB/TOOLCHAIN_ARM_STD/us_ticker.o(i.us_ticker_fire_interrupt)
    us_ticker_get_info                       0x08005671   Thumb Code     4  mbed/TARGET_NUCLEO_F103RB/TOOLCHAIN_ARM_STD/us_ticker.o(i.us_ticker_get_info)
    us_ticker_init                           0x08005679   Thumb Code    14  mbed/TARGET_NUCLEO_F103RB/TOOLCHAIN_ARM_STD/us_ticker.o(i.us_ticker_init)
    us_ticker_irq_handler                    0x0800568d   Thumb Code    14  mbed/TARGET_NUCLEO_F103RB/TOOLCHAIN_ARM_STD/mbed.ar(mbed_us_ticker_api.o)(i.us_ticker_irq_handler)
    us_ticker_read                           0x080056a5   Thumb Code     6  mbed/TARGET_NUCLEO_F103RB/TOOLCHAIN_ARM_STD/us_ticker.o(i.us_ticker_read)
    us_ticker_set_interrupt                  0x080056b1   Thumb Code    26  mbed/TARGET_NUCLEO_F103RB/TOOLCHAIN_ARM_STD/us_ticker.o(i.us_ticker_set_interrupt)
    wait_ms                                  0x080056d1   Thumb Code    36  mbed/TARGET_NUCLEO_F103RB/TOOLCHAIN_ARM_STD/mbed.ar(mbed_wait_api_no_rtos.o)(i.wait_ms)
    _get_lc_numeric                          0x080056f5   Thumb Code    44  C:\Keil_v5\ARM\ARMCC\Bin\..\lib\armlib\c_w.l(lc_numeric_c.o)(locale$$code)
    _get_lc_ctype                            0x08005721   Thumb Code    44  C:\Keil_v5\ARM\ARMCC\Bin\..\lib\armlib\c_w.l(lc_ctype_c.o)(locale$$code)
    SingletonPtr<PlatformMutex>::operator ->() 0x0800574d   Thumb Code    36  mbed/TARGET_NUCLEO_F103RB/TOOLCHAIN_ARM_STD/mbed.ar(FileBase.o)(t._ZN12SingletonPtrI13PlatformMutexEptEv)
    void mbed::Callback<void()>::function_call<void(*)()>(const void*) 0x08005779   Thumb Code    10  .\build\main.o(t._ZN4mbed8CallbackIFvvEE13function_callIPS1_EEvPKv)
    void mbed::Callback<void()>::function_dtor<void(*)()>(void*) 0x08005783   Thumb Code     2  .\build\main.o(t._ZN4mbed8CallbackIFvvEE13function_dtorIPS1_EEvPv)
    void mbed::Callback<void()>::function_move<void(*)()>(void*, const void*) 0x08005785   Thumb Code    14  .\build\main.o(t._ZN4mbed8CallbackIFvvEE13function_moveIPS1_EEvPvPKv)
    mbed::Callback<void()>::Callback(void(*)()) 0x08005795   Thumb Code    50  .\build\main.o(t._ZN4mbed8CallbackIFvvEEC1EPS1_)
    mbed::Callback<void()>::Callback__sub_object(void(*)()) 0x08005795   Thumb Code     0  .\build\main.o(t._ZN4mbed8CallbackIFvvEEC1EPS1_)
    mbed::Callback<void()>::Callback(const mbed::Callback<void()>&) 0x080057cd   Thumb Code    28  .\build\main.o(t._ZN4mbed8CallbackIFvvEEC1ERKS2_)
    mbed::Callback<void()>::Callback__sub_object(const mbed::Callback<void()>&) 0x080057cd   Thumb Code     0  .\build\main.o(t._ZN4mbed8CallbackIFvvEEC1ERKS2_)
    mbed::Callback<void()>::~Callback()      0x080057e9   Thumb Code    20  .\build\main.o(t._ZN4mbed8CallbackIFvvEED1Ev)
    mbed::Callback<void()>::~Callback__sub_object() 0x080057e9   Thumb Code     0  .\build\main.o(t._ZN4mbed8CallbackIFvvEED1Ev)
    __aeabi_fmul                             0x080057fd   Thumb Code     0  C:\Keil_v5\ARM\ARMCC\Bin\..\lib\armlib\fz_ws.l(fmul.o)(x$fpl$fmul)
    _fmul                                    0x080057fd   Thumb Code   258  C:\Keil_v5\ARM\ARMCC\Bin\..\lib\armlib\fz_ws.l(fmul.o)(x$fpl$fmul)
    __fpl_fnaninf                            0x080058ff   Thumb Code   140  C:\Keil_v5\ARM\ARMCC\Bin\..\lib\armlib\fz_ws.l(fnaninf.o)(x$fpl$fnaninf)
    __fpl_fretinf                            0x0800598b   Thumb Code    10  C:\Keil_v5\ARM\ARMCC\Bin\..\lib\armlib\fz_ws.l(fretinf.o)(x$fpl$fretinf)
    __aeabi_f2ulz                            0x08005995   Thumb Code     0  C:\Keil_v5\ARM\ARMCC\Bin\..\lib\armlib\fz_ws.l(ffixull.o)(x$fpl$llufromf)
    _ll_ufrom_f                              0x08005995   Thumb Code    92  C:\Keil_v5\ARM\ARMCC\Bin\..\lib\armlib\fz_ws.l(ffixull.o)(x$fpl$llufromf)
    _printf_fp_dec                           0x080059f1   Thumb Code     4  C:\Keil_v5\ARM\ARMCC\Bin\..\lib\armlib\fz_ws.l(printf1.o)(x$fpl$printf1)
    _printf_fp_hex                           0x080059f5   Thumb Code     4  C:\Keil_v5\ARM\ARMCC\Bin\..\lib\armlib\fz_ws.l(printf2.o)(x$fpl$printf2)
    __I$use$fp                               0x080059f8   Number         0  C:\Keil_v5\ARM\ARMCC\Bin\..\lib\armlib\fz_ws.l(usenofp.o)(x$fpl$usenofp)
    __stdin_name                             0x080059f8   Data           7  mbed/TARGET_NUCLEO_F103RB/TOOLCHAIN_ARM_STD/mbed_retarget.o(.constdata)
    __stdout_name                            0x080059ff   Data           8  mbed/TARGET_NUCLEO_F103RB/TOOLCHAIN_ARM_STD/mbed_retarget.o(.constdata)
    __stderr_name                            0x08005a07   Data           8  mbed/TARGET_NUCLEO_F103RB/TOOLCHAIN_ARM_STD/mbed_retarget.o(.constdata)
    PinMap_UART_TX                           0x08005a20   Data          72  mbed/TARGET_NUCLEO_F103RB/TOOLCHAIN_ARM_STD/PeripheralPins.o(.constdata)
    PinMap_UART_RX                           0x08005a68   Data          72  mbed/TARGET_NUCLEO_F103RB/TOOLCHAIN_ARM_STD/PeripheralPins.o(.constdata)
    ll_pin_defines                           0x08005ab0   Data          64  mbed/TARGET_NUCLEO_F103RB/TOOLCHAIN_ARM_STD/pinmap.o(.constdata)
    AHBPrescTable                            0x08005af0   Data          16  mbed/TARGET_NUCLEO_F103RB/TOOLCHAIN_ARM_STD/system_stm32f1xx.o(.constdata)
    APBPrescTable                            0x08005b00   Data           8  mbed/TARGET_NUCLEO_F103RB/TOOLCHAIN_ARM_STD/system_stm32f1xx.o(.constdata)
    vtable for DirectSerial                  0x08005c34   Data          80  mbed/TARGET_NUCLEO_F103RB/TOOLCHAIN_ARM_STD/mbed_retarget.o(.constdata__ZTV12DirectSerial)
    vtable for mbed::TimerEvent              0x08005c84   Data          20  mbed/TARGET_NUCLEO_F103RB/TOOLCHAIN_ARM_STD/mbed.ar(TimerEvent.o)(.constdata__ZTVN4mbed10TimerEventE)
    vtable for mbed::Ticker                  0x08005c98   Data          20  mbed/TARGET_NUCLEO_F103RB/TOOLCHAIN_ARM_STD/mbed.ar(Ticker.o)(.constdata__ZTVN4mbed6TickerE)
    SingletonPtr<PlatformMutex>::get()::string 0x08005cac   Data          20  mbed/TARGET_NUCLEO_F103RB/TOOLCHAIN_ARM_STD/mbed_retarget.o(.constdata__ZZN12SingletonPtrI13PlatformMutexE3getEvEs)
    SingletonPtr<PlatformMutex>::get()::string (instance 2) 0x08005cc0   Data          93  mbed/TARGET_NUCLEO_F103RB/TOOLCHAIN_ARM_STD/mbed_retarget.o(.constdata__ZZN12SingletonPtrI13PlatformMutexE3getEvEs_0)
    void mbed::Callback<void()>::generate<void(*)()>(const T1&)::ops 0x08005d20   Data          12  .\build\main.o(.constdata__ZZN4mbed8CallbackIFvvEE8generateIPS1_EEvRKT_E3ops)
    Region$$Table$$Base                      0x08006040   Number         0  anon$$obj.o(Region$$Table)
    Region$$Table$$Limit                     0x08006060   Number         0  anon$$obj.o(Region$$Table)
    __ctype                                  0x08006089   Data           0  C:\Keil_v5\ARM\ARMCC\Bin\..\lib\armlib\c_w.l(lc_ctype_c.o)(locale$$data)
    SHT$$INIT_ARRAY$$Base                    0x0800618c   Number         0  .\build\main.o(.init_array)
    SHT$$INIT_ARRAY$$Limit                   0x08006190   Number         0  C:\Keil_v5\ARM\ARMCC\Bin\..\lib\armlib\c_w.l(init_aeabi.o)(.init_array)
    stdio_uart_inited                        0x2000014c   Data           4  mbed/TARGET_NUCLEO_F103RB/TOOLCHAIN_ARM_STD/serial_api.o(.data)
    SystemCoreClock                          0x20000150   Data           4  mbed/TARGET_NUCLEO_F103RB/TOOLCHAIN_ARM_STD/system_stm32f1xx.o(.data)
    mbed::FileBase::_head                    0x20000184   Data           4  mbed/TARGET_NUCLEO_F103RB/TOOLCHAIN_ARM_STD/mbed.ar(FileBase.o)(.data)
    mbed::FileBase::_mutex                   0x20000188   Data           8  mbed/TARGET_NUCLEO_F103RB/TOOLCHAIN_ARM_STD/mbed.ar(FileBase.o)(.data)
    __aeabi_stdin                            0x20000194   Data           4  C:\Keil_v5\ARM\ARMCC\Bin\..\lib\armlib\c_w.l(stdio_streams.o)(.data)
    __aeabi_stdout                           0x20000198   Data           4  C:\Keil_v5\ARM\ARMCC\Bin\..\lib\armlib\c_w.l(stdio_streams.o)(.data)
    __aeabi_stderr                           0x2000019c   Data           4  C:\Keil_v5\ARM\ARMCC\Bin\..\lib\armlib\c_w.l(stdio_streams.o)(.data)
    limitSwitchX                             0x200001a8   Data          28  .\build\main.o(.bss)
    limitSwitchY                             0x200001c4   Data          28  .\build\main.o(.bss)
    limitSwitchZ                             0x200001e0   Data          28  .\build\main.o(.bss)
    axisX                                    0x20000200   Data         152  .\build\main.o(.bss)
    axisY                                    0x20000298   Data         152  .\build\main.o(.bss)
    axisZ                                    0x20000330   Data         152  .\build\main.o(.bss)
    stdio_uart                               0x200004ec   Data          76  mbed/TARGET_NUCLEO_F103RB/TOOLCHAIN_ARM_STD/serial_api.o(.bss)
    serial_irq_ids                           0x20000538   Data          12  mbed/TARGET_NUCLEO_F103RB/TOOLCHAIN_ARM_STD/serial_device.o(.bss)
    uart_handlers                            0x20000544   Data         192  mbed/TARGET_NUCLEO_F103RB/TOOLCHAIN_ARM_STD/serial_device.o(.bss)
    TimMasterHandle                          0x20000604   Data          64  mbed/TARGET_NUCLEO_F103RB/TOOLCHAIN_ARM_STD/us_ticker.o(.bss)
    __stdin                                  0x2000074c   Data          84  C:\Keil_v5\ARM\ARMCC\Bin\..\lib\armlib\c_w.l(stdio_streams.o)(.bss)
    __stdout                                 0x200007a0   Data          84  C:\Keil_v5\ARM\ARMCC\Bin\..\lib\armlib\c_w.l(stdio_streams.o)(.bss)
    __stderr                                 0x200007f4   Data          84  C:\Keil_v5\ARM\ARMCC\Bin\..\lib\armlib\c_w.l(stdio_streams.o)(.bss)
    Image$$RW_IRAM1$$ZI$$Limit               0x20000860   Number         0  anon$$obj.o ABSOLUTE



==============================================================================

Memory Map of the image

  Image Entry point : 0x080000ed

  Load Region LR_IROM1 (Base: 0x08000000, Size: 0x00006248, Max: 0x00020000, ABSOLUTE)

    Execution Region ER_IROM1 (Base: 0x08000000, Size: 0x00006190, Max: 0x00020000, ABSOLUTE)

    Base Addr    Size         Type   Attr      Idx    E Section Name        Object

    0x08000000   0x000000ec   Data   RO         1608    RESET               mbed/TARGET_NUCLEO_F103RB/TOOLCHAIN_ARM_STD/startup_stm32f103xb.o
    0x080000ec   0x00000008   Code   RO         3990  * !!!main             C:\Keil_v5\ARM\ARMCC\Bin\..\lib\armlib\c_w.l(__main.o)
    0x080000f4   0x00000034   Code   RO         4554    !!!scatter          C:\Keil_v5\ARM\ARMCC\Bin\..\lib\armlib\c_w.l(__scatter.o)
    0x08000128   0x0000001a   Code   RO         4556    !!handler_copy      C:\Keil_v5\ARM\ARMCC\Bin\..\lib\armlib\c_w.l(__scatter_copy.o)
    0x08000142   0x00000002   PAD
    0x08000144   0x0000001c   Code   RO         4558    !!handler_zi        C:\Keil_v5\ARM\ARMCC\Bin\..\lib\armlib\c_w.l(__scatter_zi.o)
    0x08000160   0x00000000   Code   RO         3947    .ARM.Collect$$_printf_percent$$00000000  C:\Keil_v5\ARM\ARMCC\Bin\..\lib\armlib\c_w.l(_printf_percent.o)
    0x08000160   0x00000006   Code   RO         4197    .ARM.Collect$$_printf_percent$$00000001  C:\Keil_v5\ARM\ARMCC\Bin\..\lib\armlib\c_w.l(_printf_n.o)
    0x08000166   0x00000006   Code   RO         4198    .ARM.Collect$$_printf_percent$$00000002  C:\Keil_v5\ARM\ARMCC\Bin\..\lib\armlib\c_w.l(_printf_p.o)
    0x0800016c   0x00000006   Code   RO         4202    .ARM.Collect$$_printf_percent$$00000003  C:\Keil_v5\ARM\ARMCC\Bin\..\lib\armlib\c_w.l(_printf_f.o)
    0x08000172   0x00000006   Code   RO         4203    .ARM.Collect$$_printf_percent$$00000004  C:\Keil_v5\ARM\ARMCC\Bin\..\lib\armlib\c_w.l(_printf_e.o)
    0x08000178   0x00000006   Code   RO         4204    .ARM.Collect$$_printf_percent$$00000005  C:\Keil_v5\ARM\ARMCC\Bin\..\lib\armlib\c_w.l(_printf_g.o)
    0x0800017e   0x00000006   Code   RO         4205    .ARM.Collect$$_printf_percent$$00000006  C:\Keil_v5\ARM\ARMCC\Bin\..\lib\armlib\c_w.l(_printf_a.o)
    0x08000184   0x0000000a   Code   RO         4210    .ARM.Collect$$_printf_percent$$00000007  C:\Keil_v5\ARM\ARMCC\Bin\..\lib\armlib\c_w.l(_printf_ll.o)
    0x0800018e   0x00000006   Code   RO         4200    .ARM.Collect$$_printf_percent$$00000008  C:\Keil_v5\ARM\ARMCC\Bin\..\lib\armlib\c_w.l(_printf_i.o)
    0x08000194   0x00000006   Code   RO         3946    .ARM.Collect$$_printf_percent$$00000009  C:\Keil_v5\ARM\ARMCC\Bin\..\lib\armlib\c_w.l(_printf_d.o)
    0x0800019a   0x00000006   Code   RO         4201    .ARM.Collect$$_printf_percent$$0000000A  C:\Keil_v5\ARM\ARMCC\Bin\..\lib\armlib\c_w.l(_printf_u.o)
    0x080001a0   0x00000006   Code   RO         4199    .ARM.Collect$$_printf_percent$$0000000B  C:\Keil_v5\ARM\ARMCC\Bin\..\lib\armlib\c_w.l(_printf_o.o)
    0x080001a6   0x00000006   Code   RO         3945    .ARM.Collect$$_printf_percent$$0000000C  C:\Keil_v5\ARM\ARMCC\Bin\..\lib\armlib\c_w.l(_printf_x.o)
    0x080001ac   0x00000006   Code   RO         4207    .ARM.Collect$$_printf_percent$$0000000D  C:\Keil_v5\ARM\ARMCC\Bin\..\lib\armlib\c_w.l(_printf_lli.o)
    0x080001b2   0x00000006   Code   RO         4208    .ARM.Collect$$_printf_percent$$0000000E  C:\Keil_v5\ARM\ARMCC\Bin\..\lib\armlib\c_w.l(_printf_lld.o)
    0x080001b8   0x00000006   Code   RO         4209    .ARM.Collect$$_printf_percent$$0000000F  C:\Keil_v5\ARM\ARMCC\Bin\..\lib\armlib\c_w.l(_printf_llu.o)
    0x080001be   0x00000006   Code   RO         4214    .ARM.Collect$$_printf_percent$$00000010  C:\Keil_v5\ARM\ARMCC\Bin\..\lib\armlib\c_w.l(_printf_llo.o)
    0x080001c4   0x00000006   Code   RO         4215    .ARM.Collect$$_printf_percent$$00000011  C:\Keil_v5\ARM\ARMCC\Bin\..\lib\armlib\c_w.l(_printf_llx.o)
    0x080001ca   0x0000000a   Code   RO         4211    .ARM.Collect$$_printf_percent$$00000012  C:\Keil_v5\ARM\ARMCC\Bin\..\lib\armlib\c_w.l(_printf_l.o)
    0x080001d4   0x00000006   Code   RO         4195    .ARM.Collect$$_printf_percent$$00000013  C:\Keil_v5\ARM\ARMCC\Bin\..\lib\armlib\c_w.l(_printf_c.o)
    0x080001da   0x00000006   Code   RO         4196    .ARM.Collect$$_printf_percent$$00000014  C:\Keil_v5\ARM\ARMCC\Bin\..\lib\armlib\c_w.l(_printf_s.o)
    0x080001e0   0x00000006   Code   RO         4212    .ARM.Collect$$_printf_percent$$00000015  C:\Keil_v5\ARM\ARMCC\Bin\..\lib\armlib\c_w.l(_printf_lc.o)
    0x080001e6   0x00000006   Code   RO         4213    .ARM.Collect$$_printf_percent$$00000016  C:\Keil_v5\ARM\ARMCC\Bin\..\lib\armlib\c_w.l(_printf_ls.o)
    0x080001ec   0x00000004   Code   RO         4206    .ARM.Collect$$_printf_percent$$00000017  C:\Keil_v5\ARM\ARMCC\Bin\..\lib\armlib\c_w.l(_printf_percent_end.o)
    0x080001f0   0x00000002   Code   RO         4500    .ARM.Collect$$libinit$$00000000  C:\Keil_v5\ARM\ARMCC\Bin\..\lib\armlib\c_w.l(libinit.o)
    0x080001f2   0x00000000   Code   RO         4244    .ARM.Collect$$libinit$$00000002  C:\Keil_v5\ARM\ARMCC\Bin\..\lib\armlib\c_w.l(libinit2.o)
    0x080001f2   0x00000000   Code   RO         4246    .ARM.Collect$$libinit$$00000004  C:\Keil_v5\ARM\ARMCC\Bin\..\lib\armlib\c_w.l(libinit2.o)
    0x080001f2   0x00000008   Code   RO         4247    .ARM.Collect$$libinit$$00000005  C:\Keil_v5\ARM\ARMCC\Bin\..\lib\armlib\c_w.l(libinit2.o)
    0x080001fa   0x00000000   Code   RO         4249    .ARM.Collect$$libinit$$0000000A  C:\Keil_v5\ARM\ARMCC\Bin\..\lib\armlib\c_w.l(libinit2.o)
    0x080001fa   0x00000000   Code   RO         4251    .ARM.Collect$$libinit$$0000000C  C:\Keil_v5\ARM\ARMCC\Bin\..\lib\armlib\c_w.l(libinit2.o)
    0x080001fa   0x00000000   Code   RO         4253    .ARM.Collect$$libinit$$0000000E  C:\Keil_v5\ARM\ARMCC\Bin\..\lib\armlib\c_w.l(libinit2.o)
    0x080001fa   0x00000006   Code   RO         4254    .ARM.Collect$$libinit$$0000000F  C:\Keil_v5\ARM\ARMCC\Bin\..\lib\armlib\c_w.l(libinit2.o)
    0x08000200   0x00000000   Code   RO         4256    .ARM.Collect$$libinit$$00000011  C:\Keil_v5\ARM\ARMCC\Bin\..\lib\armlib\c_w.l(libinit2.o)
    0x08000200   0x0000000c   Code   RO         4257    .ARM.Collect$$libinit$$00000012  C:\Keil_v5\ARM\ARMCC\Bin\..\lib\armlib\c_w.l(libinit2.o)
    0x0800020c   0x00000000   Code   RO         4258    .ARM.Collect$$libinit$$00000013  C:\Keil_v5\ARM\ARMCC\Bin\..\lib\armlib\c_w.l(libinit2.o)
    0x0800020c   0x00000000   Code   RO         4260    .ARM.Collect$$libinit$$00000015  C:\Keil_v5\ARM\ARMCC\Bin\..\lib\armlib\c_w.l(libinit2.o)
    0x0800020c   0x0000000a   Code   RO         4261    .ARM.Collect$$libinit$$00000016  C:\Keil_v5\ARM\ARMCC\Bin\..\lib\armlib\c_w.l(libinit2.o)
    0x08000216   0x00000000   Code   RO         4262    .ARM.Collect$$libinit$$00000017  C:\Keil_v5\ARM\ARMCC\Bin\..\lib\armlib\c_w.l(libinit2.o)
    0x08000216   0x00000000   Code   RO         4264    .ARM.Collect$$libinit$$00000019  C:\Keil_v5\ARM\ARMCC\Bin\..\lib\armlib\c_w.l(libinit2.o)
    0x08000216   0x00000000   Code   RO         4266    .ARM.Collect$$libinit$$0000001B  C:\Keil_v5\ARM\ARMCC\Bin\..\lib\armlib\c_w.l(libinit2.o)
    0x08000216   0x00000000   Code   RO         4268    .ARM.Collect$$libinit$$0000001D  C:\Keil_v5\ARM\ARMCC\Bin\..\lib\armlib\c_w.l(libinit2.o)
    0x08000216   0x00000000   Code   RO         4270    .ARM.Collect$$libinit$$0000001F  C:\Keil_v5\ARM\ARMCC\Bin\..\lib\armlib\c_w.l(libinit2.o)
    0x08000216   0x00000000   Code   RO         4272    .ARM.Collect$$libinit$$00000021  C:\Keil_v5\ARM\ARMCC\Bin\..\lib\armlib\c_w.l(libinit2.o)
    0x08000216   0x00000000   Code   RO         4274    .ARM.Collect$$libinit$$00000023  C:\Keil_v5\ARM\ARMCC\Bin\..\lib\armlib\c_w.l(libinit2.o)
    0x08000216   0x00000004   Code   RO         4275    .ARM.Collect$$libinit$$00000024  C:\Keil_v5\ARM\ARMCC\Bin\..\lib\armlib\c_w.l(libinit2.o)
    0x0800021a   0x00000000   Code   RO         4276    .ARM.Collect$$libinit$$00000025  C:\Keil_v5\ARM\ARMCC\Bin\..\lib\armlib\c_w.l(libinit2.o)
    0x0800021a   0x00000000   Code   RO         4280    .ARM.Collect$$libinit$$0000002C  C:\Keil_v5\ARM\ARMCC\Bin\..\lib\armlib\c_w.l(libinit2.o)
    0x0800021a   0x00000000   Code   RO         4282    .ARM.Collect$$libinit$$0000002E  C:\Keil_v5\ARM\ARMCC\Bin\..\lib\armlib\c_w.l(libinit2.o)
    0x0800021a   0x00000000   Code   RO         4284    .ARM.Collect$$libinit$$00000030  C:\Keil_v5\ARM\ARMCC\Bin\..\lib\armlib\c_w.l(libinit2.o)
    0x0800021a   0x00000004   Code   RO         4285    .ARM.Collect$$libinit$$00000031  C:\Keil_v5\ARM\ARMCC\Bin\..\lib\armlib\c_w.l(libinit2.o)
    0x0800021e   0x00000000   Code   RO         4286    .ARM.Collect$$libinit$$00000032  C:\Keil_v5\ARM\ARMCC\Bin\..\lib\armlib\c_w.l(libinit2.o)
    0x0800021e   0x00000002   Code   RO         4287    .ARM.Collect$$libinit$$00000033  C:\Keil_v5\ARM\ARMCC\Bin\..\lib\armlib\c_w.l(libinit2.o)
    0x08000220   0x00000000   Code   RO         4401    .ARM.Collect$$libshutdown$$00000003  C:\Keil_v5\ARM\ARMCC\Bin\..\lib\armlib\c_w.l(libshutdown2.o)
    0x08000220   0x00000000   Code   RO         4136    .ARM.Collect$$rtentry$$00000000  C:\Keil_v5\ARM\ARMCC\Bin\..\lib\armlib\c_w.l(__rtentry.o)
    0x08000220   0x00000000   Code   RO         4317    .ARM.Collect$$rtentry$$00000002  C:\Keil_v5\ARM\ARMCC\Bin\..\lib\armlib\c_w.l(__rtentry2.o)
    0x08000220   0x00000006   Code   RO         4329    .ARM.Collect$$rtentry$$00000004  C:\Keil_v5\ARM\ARMCC\Bin\..\lib\armlib\c_w.l(__rtentry4.o)
    0x08000226   0x00000008   Code   RO         4318    .ARM.Collect$$rtentry$$00000008  C:\Keil_v5\ARM\ARMCC\Bin\..\lib\armlib\c_w.l(__rtentry2.o)
    0x0800022e   0x00000004   Code   RO         4320    .ARM.Collect$$rtentry$$0000000A  C:\Keil_v5\ARM\ARMCC\Bin\..\lib\armlib\c_w.l(__rtentry2.o)
    0x08000232   0x00000000   Code   RO         4322    .ARM.Collect$$rtentry$$0000000C  C:\Keil_v5\ARM\ARMCC\Bin\..\lib\armlib\c_w.l(__rtentry2.o)
    0x08000232   0x00000008   Code   RO         4323    .ARM.Collect$$rtentry$$0000000D  C:\Keil_v5\ARM\ARMCC\Bin\..\lib\armlib\c_w.l(__rtentry2.o)
    0x0800023a   0x00000002   PAD
    0x0800023c   0x00000000   Code   RO         4337    .emb_text           C:\Keil_v5\ARM\ARMCC\Bin\..\lib\armlib\c_w.l(maybetermalloc1.o)
    0x0800023c   0x00000024   Code   RO         1609    .text               mbed/TARGET_NUCLEO_F103RB/TOOLCHAIN_ARM_STD/startup_stm32f103xb.o
    0x08000260   0x00000008   Code   RO         3819    .text               C:\Keil_v5\ARM\ARMCC\Bin\..\lib\armlib\c_w.l(rt_errno_addr.o)
    0x08000268   0x0000005e   Code   RO         3828    .text               C:\Keil_v5\ARM\ARMCC\Bin\..\lib\armlib\c_w.l(h1_alloc.o)
    0x080002c6   0x0000004e   Code   RO         3830    .text               C:\Keil_v5\ARM\ARMCC\Bin\..\lib\armlib\c_w.l(h1_free.o)
    0x08000314   0x000000ee   Code   RO         3886    .text               C:\Keil_v5\ARM\ARMCC\Bin\..\lib\armlib\c_w.l(lludivv7m.o)
    0x08000402   0x00000026   Code   RO         3888    .text               C:\Keil_v5\ARM\ARMCC\Bin\..\lib\armlib\c_w.l(llshl.o)
    0x08000428   0x00000026   Code   RO         3890    .text               C:\Keil_v5\ARM\ARMCC\Bin\..\lib\armlib\c_w.l(llushr.o)
    0x0800044e   0x0000000a   Code   RO         3892    .text               C:\Keil_v5\ARM\ARMCC\Bin\..\lib\armlib\c_w.l(vfprintf.o)
    0x08000458   0x00000034   Code   RO         3894    .text               C:\Keil_v5\ARM\ARMCC\Bin\..\lib\armlib\c_w.l(vsnprintf.o)
    0x0800048c   0x00000078   Code   RO         3902    .text               C:\Keil_v5\ARM\ARMCC\Bin\..\lib\armlib\c_w.l(_printf_dec.o)
    0x08000504   0x00000094   Code   RO         3922    .text               C:\Keil_v5\ARM\ARMCC\Bin\..\lib\armlib\c_w.l(_printf_hex_int_ll_ptr.o)
    0x08000598   0x00000188   Code   RO         3942    .text               C:\Keil_v5\ARM\ARMCC\Bin\..\lib\armlib\c_w.l(__printf_flags_ss_wp.o)
    0x08000720   0x00000064   Code   RO         3948    .text               C:\Keil_v5\ARM\ARMCC\Bin\..\lib\armlib\c_w.l(fflush.o)
    0x08000784   0x000000ec   Code   RO         3956    .text               C:\Keil_v5\ARM\ARMCC\Bin\..\lib\armlib\c_w.l(fopen.o)
    0x08000870   0x0000004c   Code   RO         3966    .text               C:\Keil_v5\ARM\ARMCC\Bin\..\lib\armlib\c_w.l(fclose.o)
    0x080008bc   0x0000001c   Code   RO         3976    .text               C:\Keil_v5\ARM\ARMCC\Bin\..\lib\armlib\c_w.l(strspn.o)
    0x080008d8   0x0000003e   Code   RO         3978    .text               C:\Keil_v5\ARM\ARMCC\Bin\..\lib\armlib\c_w.l(strlen.o)
    0x08000916   0x00000096   Code   RO         3980    .text               C:\Keil_v5\ARM\ARMCC\Bin\..\lib\armlib\c_w.l(strncmp.o)
    0x080009ac   0x00000064   Code   RO         3982    .text               C:\Keil_v5\ARM\ARMCC\Bin\..\lib\armlib\c_w.l(rt_memcpy_w.o)
    0x08000a10   0x0000004e   Code   RO         3986    .text               C:\Keil_v5\ARM\ARMCC\Bin\..\lib\armlib\c_w.l(rt_memclr_w.o)
    0x08000a5e   0x00000002   PAD
    0x08000a60   0x00000080   Code   RO         3988    .text               C:\Keil_v5\ARM\ARMCC\Bin\..\lib\armlib\c_w.l(strcmpv7m.o)
    0x08000ae0   0x00000024   Code   RO         3995    .text               C:\Keil_v5\ARM\ARMCC\Bin\..\lib\armlib\c_w.l(init_aeabi.o)
    0x08000b04   0x00000008   Code   RO         4141    .text               C:\Keil_v5\ARM\ARMCC\Bin\..\lib\armlib\c_w.l(rt_heap_descriptor.o)
    0x08000b0c   0x00000004   Code   RO         4146    .text               C:\Keil_v5\ARM\ARMCC\Bin\..\lib\armlib\c_w.l(hguard.o)
    0x08000b10   0x0000008a   Code   RO         4148    .text               C:\Keil_v5\ARM\ARMCC\Bin\..\lib\armlib\c_w.l(init_alloc.o)
    0x08000b9a   0x0000000e   Code   RO         4152    .text               C:\Keil_v5\ARM\ARMCC\Bin\..\lib\armlib\c_w.l(h1_init.o)
    0x08000ba8   0x0000004e   Code   RO         4166    .text               C:\Keil_v5\ARM\ARMCC\Bin\..\lib\armlib\c_w.l(_printf_pad.o)
    0x08000bf6   0x00000024   Code   RO         4168    .text               C:\Keil_v5\ARM\ARMCC\Bin\..\lib\armlib\c_w.l(_printf_truncate.o)
    0x08000c1a   0x00000052   Code   RO         4170    .text               C:\Keil_v5\ARM\ARMCC\Bin\..\lib\armlib\c_w.l(_printf_str.o)
    0x08000c6c   0x000000b2   Code   RO         4172    .text               C:\Keil_v5\ARM\ARMCC\Bin\..\lib\armlib\c_w.l(_printf_intcommon.o)
    0x08000d1e   0x00000028   Code   RO         4174    .text               C:\Keil_v5\ARM\ARMCC\Bin\..\lib\armlib\c_w.l(_printf_charcount.o)
    0x08000d46   0x00000002   PAD
    0x08000d48   0x00000030   Code   RO         4176    .text               C:\Keil_v5\ARM\ARMCC\Bin\..\lib\armlib\c_w.l(_printf_char_common.o)
    0x08000d78   0x0000000a   Code   RO         4178    .text               C:\Keil_v5\ARM\ARMCC\Bin\..\lib\armlib\c_w.l(_sputc.o)
    0x08000d82   0x00000010   Code   RO         4180    .text               C:\Keil_v5\ARM\ARMCC\Bin\..\lib\armlib\c_w.l(_snputc.o)
    0x08000d92   0x00000002   PAD
    0x08000d94   0x00000024   Code   RO         4182    .text               C:\Keil_v5\ARM\ARMCC\Bin\..\lib\armlib\c_w.l(_printf_char_file.o)
    0x08000db8   0x000000bc   Code   RO         4184    .text               C:\Keil_v5\ARM\ARMCC\Bin\..\lib\armlib\c_w.l(_printf_wctomb.o)
    0x08000e74   0x0000007c   Code   RO         4187    .text               C:\Keil_v5\ARM\ARMCC\Bin\..\lib\armlib\c_w.l(_printf_longlong_dec.o)
    0x08000ef0   0x00000070   Code   RO         4193    .text               C:\Keil_v5\ARM\ARMCC\Bin\..\lib\armlib\c_w.l(_printf_oct_int_ll.o)
    0x08000f60   0x00000008   Code   RO         4216    .text               C:\Keil_v5\ARM\ARMCC\Bin\..\lib\armlib\c_w.l(ferror.o)
    0x08000f68   0x000000f8   Code   RO         4220    .text               C:\Keil_v5\ARM\ARMCC\Bin\..\lib\armlib\c_w.l(fseek.o)
    0x08001060   0x00000046   Code   RO         4222    .text               C:\Keil_v5\ARM\ARMCC\Bin\..\lib\armlib\c_w.l(setvbuf.o)
    0x080010a6   0x00000002   PAD
    0x080010a8   0x000000f0   Code   RO         4224    .text               C:\Keil_v5\ARM\ARMCC\Bin\..\lib\armlib\c_w.l(stdio.o)
    0x08001198   0x00000138   Code   RO         4227    .text               C:\Keil_v5\ARM\ARMCC\Bin\..\lib\armlib\c_w.l(initio.o)
    0x080012d0   0x0000000e   Code   RO         4235    .text               C:\Keil_v5\ARM\ARMCC\Bin\..\lib\armlib\c_w.l(defsig_pvfn_outer.o)
    0x080012de   0x00000034   Code   RO         4339    .text               C:\Keil_v5\ARM\ARMCC\Bin\..\lib\armlib\c_w.l(h1_extend.o)
    0x08001312   0x0000008a   Code   RO         4343    .text               C:\Keil_v5\ARM\ARMCC\Bin\..\lib\armlib\c_w.l(lludiv10.o)
    0x0800139c   0x0000041a   Code   RO         4345    .text               C:\Keil_v5\ARM\ARMCC\Bin\..\lib\armlib\c_w.l(_printf_fp_dec.o)
    0x080017b6   0x00000002   PAD
    0x080017b8   0x000002fc   Code   RO         4347    .text               C:\Keil_v5\ARM\ARMCC\Bin\..\lib\armlib\c_w.l(_printf_fp_hex.o)
    0x08001ab4   0x0000002c   Code   RO         4352    .text               C:\Keil_v5\ARM\ARMCC\Bin\..\lib\armlib\c_w.l(_printf_char.o)
    0x08001ae0   0x0000002c   Code   RO         4354    .text               C:\Keil_v5\ARM\ARMCC\Bin\..\lib\armlib\c_w.l(_printf_wchar.o)
    0x08001b0c   0x00000042   Code   RO         4360    .text               C:\Keil_v5\ARM\ARMCC\Bin\..\lib\armlib\c_w.l(ftell.o)
    0x08001b4e   0x00000040   Code   RO         4378    .text               C:\Keil_v5\ARM\ARMCC\Bin\..\lib\armlib\c_w.l(_wcrtomb.o)
    0x08001b8e   0x0000000a   Code   RO         4380    .text               C:\Keil_v5\ARM\ARMCC\Bin\..\lib\armlib\c_w.l(defsig_exit.o)
    0x08001b98   0x0000000e   Code   RO         4382    .text               C:\Keil_v5\ARM\ARMCC\Bin\..\lib\armlib\c_w.l(defsig_rtred_outer.o)
    0x08001ba6   0x0000000e   Code   RO         4386    .text               C:\Keil_v5\ARM\ARMCC\Bin\..\lib\armlib\c_w.l(defsig_rtmem_outer.o)
    0x08001bb4   0x00000030   Code   RO         4390    .text               C:\Keil_v5\ARM\ARMCC\Bin\..\lib\armlib\c_w.l(defsig_pvfn_inner.o)
    0x08001be4   0x00000050   Code   RO         4392    .text               C:\Keil_v5\ARM\ARMCC\Bin\..\lib\armlib\c_w.l(heapauxa.o)
    0x08001c34   0x0000000c   Code   RO         4429    .text               C:\Keil_v5\ARM\ARMCC\Bin\..\lib\armlib\c_w.l(sys_exit.o)
    0x08001c40   0x00000010   Code   RO         4431    .text               C:\Keil_v5\ARM\ARMCC\Bin\..\lib\armlib\c_w.l(rt_ctype_table.o)
    0x08001c50   0x00000008   Code   RO         4433    .text               C:\Keil_v5\ARM\ARMCC\Bin\..\lib\armlib\c_w.l(rt_locale.o)
    0x08001c58   0x00000080   Code   RO         4445    .text               C:\Keil_v5\ARM\ARMCC\Bin\..\lib\armlib\c_w.l(_printf_fp_infnan.o)
    0x08001cd8   0x000000dc   Code   RO         4447    .text               C:\Keil_v5\ARM\ARMCC\Bin\..\lib\armlib\c_w.l(bigflt0.o)
    0x08001db4   0x000001d6   Code   RO         4472    .text               C:\Keil_v5\ARM\ARMCC\Bin\..\lib\armlib\c_w.l(flsbuf.o)
    0x08001f8a   0x00000032   Code   RO         4481    .text               C:\Keil_v5\ARM\ARMCC\Bin\..\lib\armlib\c_w.l(defsig_general.o)
    0x08001fbc   0x00000034   Code   RO         4487    .text               C:\Keil_v5\ARM\ARMCC\Bin\..\lib\armlib\c_w.l(defsig_rtred_inner.o)
    0x08001ff0   0x00000050   Code   RO         4489    .text               C:\Keil_v5\ARM\ARMCC\Bin\..\lib\armlib\c_w.l(defsig_rtmem_inner.o)
    0x08002040   0x0000000e   Code   RO         4510    .text               C:\Keil_v5\ARM\ARMCC\Bin\..\lib\armlib\c_w.l(sys_wrch.o)
    0x0800204e   0x00000002   Code   RO         4512    .text               C:\Keil_v5\ARM\ARMCC\Bin\..\lib\armlib\c_w.l(use_no_semi.o)
    0x08002050   0x00000000   Code   RO         4514    .text               C:\Keil_v5\ARM\ARMCC\Bin\..\lib\armlib\c_w.l(indicate_semi.o)
    0x08002050   0x0000003e   Code   RO         4450    CL$$btod_d2e        C:\Keil_v5\ARM\ARMCC\Bin\..\lib\armlib\c_w.l(btod.o)
    0x0800208e   0x00000046   Code   RO         4452    CL$$btod_d2e_denorm_low  C:\Keil_v5\ARM\ARMCC\Bin\..\lib\armlib\c_w.l(btod.o)
    0x080020d4   0x00000060   Code   RO         4451    CL$$btod_d2e_norm_op1  C:\Keil_v5\ARM\ARMCC\Bin\..\lib\armlib\c_w.l(btod.o)
    0x08002134   0x00000338   Code   RO         4460    CL$$btod_div_common  C:\Keil_v5\ARM\ARMCC\Bin\..\lib\armlib\c_w.l(btod.o)
    0x0800246c   0x000000c6   Code   RO         4457    CL$$btod_e2e        C:\Keil_v5\ARM\ARMCC\Bin\..\lib\armlib\c_w.l(btod.o)
    0x08002532   0x00000028   Code   RO         4454    CL$$btod_ediv       C:\Keil_v5\ARM\ARMCC\Bin\..\lib\armlib\c_w.l(btod.o)
    0x0800255a   0x00000028   Code   RO         4453    CL$$btod_emul       C:\Keil_v5\ARM\ARMCC\Bin\..\lib\armlib\c_w.l(btod.o)
    0x08002582   0x00000244   Code   RO         4459    CL$$btod_mult_common  C:\Keil_v5\ARM\ARMCC\Bin\..\lib\armlib\c_w.l(btod.o)
    0x080027c6   0x0000000e   Code   RO         1388    i.$Sub$$main        mbed/TARGET_NUCLEO_F103RB/TOOLCHAIN_ARM_STD/mbed_sdk_boot.o
    0x080027d4   0x0000000c   Code   RO          807    i.CAN1_SCE_IRQHandler  mbed/TARGET_NUCLEO_F103RB/TOOLCHAIN_ARM_STD/can_api.o
    0x080027e0   0x00000016   Code   RO          951    i.HAL_GetTick       mbed/TARGET_NUCLEO_F103RB/TOOLCHAIN_ARM_STD/hal_tick_common.o
    0x080027f6   0x00000002   PAD
    0x080027f8   0x00000024   Code   RO         1628    i.HAL_Init          mbed/TARGET_NUCLEO_F103RB/TOOLCHAIN_ARM_STD/stm32f1xx_hal.o
    0x0800281c   0x00000094   Code   RO          934    i.HAL_InitTick      mbed/TARGET_NUCLEO_F103RB/TOOLCHAIN_ARM_STD/hal_tick_16b.o
    0x080028b0   0x00000002   Code   RO         1631    i.HAL_MspInit       mbed/TARGET_NUCLEO_F103RB/TOOLCHAIN_ARM_STD/stm32f1xx_hal.o
    0x080028b2   0x00000002   PAD
    0x080028b4   0x00000024   Code   RO         1810    i.HAL_NVIC_SetPriorityGrouping  mbed/TARGET_NUCLEO_F103RB/TOOLCHAIN_ARM_STD/stm32f1xx_hal_cortex.o
    0x080028d8   0x000001e0   Code   RO         2363    i.HAL_RCC_ClockConfig  mbed/TARGET_NUCLEO_F103RB/TOOLCHAIN_ARM_STD/stm32f1xx_hal_rcc.o
    0x08002ab8   0x00000020   Code   RO         2370    i.HAL_RCC_GetPCLK1Freq  mbed/TARGET_NUCLEO_F103RB/TOOLCHAIN_ARM_STD/stm32f1xx_hal_rcc.o
    0x08002ad8   0x00000020   Code   RO         2371    i.HAL_RCC_GetPCLK2Freq  mbed/TARGET_NUCLEO_F103RB/TOOLCHAIN_ARM_STD/stm32f1xx_hal_rcc.o
    0x08002af8   0x00000074   Code   RO         2372    i.HAL_RCC_GetSysClockFreq  mbed/TARGET_NUCLEO_F103RB/TOOLCHAIN_ARM_STD/stm32f1xx_hal_rcc.o
    0x08002b6c   0x000003a0   Code   RO         2375    i.HAL_RCC_OscConfig  mbed/TARGET_NUCLEO_F103RB/TOOLCHAIN_ARM_STD/stm32f1xx_hal_rcc.o
    0x08002f0c   0x00000036   Code   RO         2705    i.HAL_TIM_Base_Init  mbed/TARGET_NUCLEO_F103RB/TOOLCHAIN_ARM_STD/stm32f1xx_hal_tim.o
    0x08002f42   0x00000002   Code   RO         2707    i.HAL_TIM_Base_MspInit  mbed/TARGET_NUCLEO_F103RB/TOOLCHAIN_ARM_STD/stm32f1xx_hal_tim.o
    0x08002f44   0x0000001a   Code   RO         2708    i.HAL_TIM_Base_Start  mbed/TARGET_NUCLEO_F103RB/TOOLCHAIN_ARM_STD/stm32f1xx_hal_tim.o
    0x08002f5e   0x00000036   Code   RO         2755    i.HAL_TIM_OC_Start  mbed/TARGET_NUCLEO_F103RB/TOOLCHAIN_ARM_STD/stm32f1xx_hal_tim.o
    0x08002f94   0x00000062   Code   RO         3002    i.HAL_UART_Init     mbed/TARGET_NUCLEO_F103RB/TOOLCHAIN_ARM_STD/stm32f1xx_hal_uart.o
    0x08002ff6   0x00000002   Code   RO         3004    i.HAL_UART_MspInit  mbed/TARGET_NUCLEO_F103RB/TOOLCHAIN_ARM_STD/stm32f1xx_hal_uart.o
    0x08002ff8   0x0000008c   Code   RO         3317    i.SetSysClock       mbed/TARGET_NUCLEO_F103RB/TOOLCHAIN_ARM_STD/system_clock.o
    0x08003084   0x000000b8   Code   RO          876    i.Set_GPIO_Clock    mbed/TARGET_NUCLEO_F103RB/TOOLCHAIN_ARM_STD/gpio_api.o
    0x0800313c   0x00000070   Code   RO         3331    i.SystemCoreClockUpdate  mbed/TARGET_NUCLEO_F103RB/TOOLCHAIN_ARM_STD/system_stm32f1xx.o
    0x080031ac   0x00000048   Code   RO         3320    i.SystemInit        mbed/TARGET_NUCLEO_F103RB/TOOLCHAIN_ARM_STD/system_clock.o
    0x080031f4   0x00000078   Code   RO         2789    i.TIM_Base_SetConfig  mbed/TARGET_NUCLEO_F103RB/TOOLCHAIN_ARM_STD/stm32f1xx_hal_tim.o
    0x0800326c   0x000001b4   Code   RO         3025    i.UART_SetConfig    mbed/TARGET_NUCLEO_F103RB/TOOLCHAIN_ARM_STD/stm32f1xx_hal_uart.o
    0x08003420   0x0000000c   Code   RO          808    i.USB_HP_CAN1_TX_IRQHandler  mbed/TARGET_NUCLEO_F103RB/TOOLCHAIN_ARM_STD/can_api.o
    0x0800342c   0x0000000c   Code   RO          809    i.USB_LP_CAN1_RX0_IRQHandler  mbed/TARGET_NUCLEO_F103RB/TOOLCHAIN_ARM_STD/can_api.o
    0x08003438   0x000000a0   Code   RO            4    i._Z11moveStepperv  .\build\main.o
    0x080034d8   0x000000ac   Code   RO         1066    i._Z18reserve_filehandlev  mbed/TARGET_NUCLEO_F103RB/TOOLCHAIN_ARM_STD/mbed_retarget.o
    0x08003584   0x00000044   Code   RO            8    i._Z5initXv         .\build\main.o
    0x080035c8   0x00000048   Code   RO            9    i._Z5initYv         .\build\main.o
    0x08003610   0x00000048   Code   RO           10    i._Z5initZv         .\build\main.o
    0x08003658   0x00000024   Code   RO           11    i._Z5setupv         .\build\main.o
    0x0800367c   0x000000ac   Code   RO         1067    i._Z7get_fhci       mbed/TARGET_NUCLEO_F103RB/TOOLCHAIN_ARM_STD/mbed_retarget.o
    0x08003728   0x00000014   Code   RO           12    i._Z9gpio_readP6gpio_t  .\build\main.o
    0x0800373c   0x00000006   Code   RO         1316    i._ZN12DirectSerial4seekEli  mbed/TARGET_NUCLEO_F103RB/TOOLCHAIN_ARM_STD/mbed_retarget.o
    0x08003742   0x00000006   Code   RO         1319    i._ZN12DirectSerial4sizeEv  mbed/TARGET_NUCLEO_F103RB/TOOLCHAIN_ARM_STD/mbed_retarget.o
    0x08003748   0x00000004   Code   RO         1325    i._ZN12DirectSerial5closeEv  mbed/TARGET_NUCLEO_F103RB/TOOLCHAIN_ARM_STD/mbed_retarget.o
    0x0800374c   0x00000024   Code   RO         1069    i._ZN12DirectSerial5writeEPKvj  mbed/TARGET_NUCLEO_F103RB/TOOLCHAIN_ARM_STD/mbed_retarget.o
    0x08003770   0x00000004   Code   RO         1322    i._ZN12DirectSerial6isattyEv  mbed/TARGET_NUCLEO_F103RB/TOOLCHAIN_ARM_STD/mbed_retarget.o
    0x08003774   0x00000002   Code   RO         1310    i._ZN12DirectSerialD1Ev  mbed/TARGET_NUCLEO_F103RB/TOOLCHAIN_ARM_STD/mbed_retarget.o
    0x08003776   0x00000002   PAD
    0x08003778   0x00000078   Code   RO           13    i._ZN12stepperMotor4initEv  .\build\main.o
    0x080037f0   0x00000070   Code   RO          117    i._ZN12stepperMotorC1E7PinNameS0_S0_  .\build\main.o
    0x08003860   0x0000003c   Code   RO          153    i._ZN12stepperMotorD1Ev  .\build\main.o
    0x0800389c   0x0000001a   Code   RO          147    i._ZN4mbed10DigitalOutC1E7PinName  .\build\main.o
    0x080038b6   0x0000001c   Code   RO           99    i._ZN4mbed10DigitalOutaSEi  .\build\main.o
    0x080038d2   0x0000000e   Code   RO          123    i._ZN4mbed10DigitalOutcviEv  .\build\main.o
    0x080038e0   0x00000014   Code   RO         3393    i._ZN4mbed10TimerEvent15insert_absoluteEy  mbed/TARGET_NUCLEO_F103RB/TOOLCHAIN_ARM_STD/mbed.ar(TimerEvent.o)
    0x080038f4   0x00000006   Code   RO         3394    i._ZN4mbed10TimerEvent3irqEj  mbed/TARGET_NUCLEO_F103RB/TOOLCHAIN_ARM_STD/mbed.ar(TimerEvent.o)
    0x080038fa   0x0000000c   Code   RO         3396    i._ZN4mbed10TimerEvent6removeEv  mbed/TARGET_NUCLEO_F103RB/TOOLCHAIN_ARM_STD/mbed.ar(TimerEvent.o)
    0x08003906   0x00000002   PAD
    0x08003908   0x0000002c   Code   RO         3398    i._ZN4mbed10TimerEventC2Ev  mbed/TARGET_NUCLEO_F103RB/TOOLCHAIN_ARM_STD/mbed.ar(TimerEvent.o)
    0x08003934   0x0000001c   Code   RO         3400    i._ZN4mbed10TimerEventD2Ev  mbed/TARGET_NUCLEO_F103RB/TOOLCHAIN_ARM_STD/mbed.ar(TimerEvent.o)
    0x08003950   0x00000004   Code   RO         1075    i._ZN4mbed21mbed_override_consoleEi  mbed/TARGET_NUCLEO_F103RB/TOOLCHAIN_ARM_STD/mbed_retarget.o
    0x08003954   0x00000004   Code   RO         1077    i._ZN4mbed28mbed_target_override_consoleEi  mbed/TARGET_NUCLEO_F103RB/TOOLCHAIN_ARM_STD/mbed_retarget.o
    0x08003958   0x00000032   Code   RO         3364    i._ZN4mbed6Ticker5setupEy  mbed/TARGET_NUCLEO_F103RB/TOOLCHAIN_ARM_STD/mbed.ar(Ticker.o)
    0x0800398a   0x00000064   Code   RO         3365    i._ZN4mbed6Ticker6detachEv  mbed/TARGET_NUCLEO_F103RB/TOOLCHAIN_ARM_STD/mbed.ar(Ticker.o)
    0x080039ee   0x0000002a   Code   RO         3366    i._ZN4mbed6Ticker7handlerEv  mbed/TARGET_NUCLEO_F103RB/TOOLCHAIN_ARM_STD/mbed.ar(Ticker.o)
    0x08003a18   0x0000005e   Code   RO          135    i._ZN4mbed6Ticker9attach_usENS_8CallbackIFvvEEEy  .\build\main.o
    0x08003a76   0x00000004   Code   RO         3763    i._ZN4mbed8FileBase11getPathTypeEv  mbed/TARGET_NUCLEO_F103RB/TOOLCHAIN_ARM_STD/mbed.ar(FileBase.o)
    0x08003a7a   0x00000002   PAD
    0x08003a7c   0x0000006c   Code   RO         3765    i._ZN4mbed8FileBase6lookupEPKcj  mbed/TARGET_NUCLEO_F103RB/TOOLCHAIN_ARM_STD/mbed.ar(FileBase.o)
    0x08003ae8   0x0000001e   Code   RO         3480    i._ZN4mbed8FilePath10fileSystemEv  mbed/TARGET_NUCLEO_F103RB/TOOLCHAIN_ARM_STD/mbed.ar(FilePath.o)
    0x08003b06   0x0000001c   Code   RO         3482    i._ZN4mbed8FilePath4fileEv  mbed/TARGET_NUCLEO_F103RB/TOOLCHAIN_ARM_STD/mbed.ar(FilePath.o)
    0x08003b22   0x0000000a   Code   RO         3483    i._ZN4mbed8FilePath6existsEv  mbed/TARGET_NUCLEO_F103RB/TOOLCHAIN_ARM_STD/mbed.ar(FilePath.o)
    0x08003b2c   0x00000018   Code   RO         3484    i._ZN4mbed8FilePath6isFileEv  mbed/TARGET_NUCLEO_F103RB/TOOLCHAIN_ARM_STD/mbed.ar(FilePath.o)
    0x08003b44   0x00000004   Code   RO         3485    i._ZN4mbed8FilePath8fileNameEv  mbed/TARGET_NUCLEO_F103RB/TOOLCHAIN_ARM_STD/mbed.ar(FilePath.o)
    0x08003b48   0x00000060   Code   RO         3486    i._ZN4mbed8FilePathC1EPKc  mbed/TARGET_NUCLEO_F103RB/TOOLCHAIN_ARM_STD/mbed.ar(FilePath.o)
    0x08003ba8   0x0000000c   Code   RO          141    i._ZN4mbed9DigitalIn4readEv  .\build\main.o
    0x08003bb4   0x0000001a   Code   RO          156    i._ZN4mbed9DigitalInC1E7PinName  .\build\main.o
    0x08003bce   0x00000028   Code   RO         4508    i.__ARM_fpclassify  C:\Keil_v5\ARM\ARMCC\Bin\..\lib\armlib\m_ws.l(fpclassify.o)
    0x08003bf6   0x00000004   Code   RO         1088    i.__aeabi_atexit    mbed/TARGET_NUCLEO_F103RB/TOOLCHAIN_ARM_STD/mbed_retarget.o
    0x08003bfa   0x00000002   PAD
    0x08003bfc   0x0000005c   Code   RO         1092    i.__cxa_guard_acquire  mbed/TARGET_NUCLEO_F103RB/TOOLCHAIN_ARM_STD/mbed_retarget.o
    0x08003c58   0x0000006c   Code   RO         1093    i.__cxa_guard_release  mbed/TARGET_NUCLEO_F103RB/TOOLCHAIN_ARM_STD/mbed_retarget.o
    0x08003cc4   0x00000006   Code   RO         3998    i.__cxa_pure_virtual  C:\Keil_v5\ARM\ARMCC\Bin\..\lib\cpplib\cpprt_w.l(pure_virt.o)
    0x08003cca   0x00000002   PAD
    0x08003ccc   0x00000080   Code   RO           14    i.__sti___8_main_cpp_77b7c9ba  .\build\main.o
    0x08003d4c   0x00000008   Code   RO         1094    i.__user_setup_stackheap  mbed/TARGET_NUCLEO_F103RB/TOOLCHAIN_ARM_STD/mbed_retarget.o
    0x08003d54   0x0000000e   Code   RO         3935    i._is_digit         C:\Keil_v5\ARM\ARMCC\Bin\..\lib\armlib\c_w.l(__printf_wp.o)
    0x08003d62   0x00000002   PAD
    0x08003d64   0x00000010   Code   RO         1095    i._mbed_user_setup_stackheap  mbed/TARGET_NUCLEO_F103RB/TOOLCHAIN_ARM_STD/mbed_retarget.o
    0x08003d74   0x0000001c   Code   RO         1389    i._platform_post_stackheap_init  mbed/TARGET_NUCLEO_F103RB/TOOLCHAIN_ARM_STD/mbed_sdk_boot.o
    0x08003d90   0x00000040   Code   RO         1096    i._sys_close        mbed/TARGET_NUCLEO_F103RB/TOOLCHAIN_ARM_STD/mbed_retarget.o
    0x08003dd0   0x00000030   Code   RO         1099    i._sys_flen         mbed/TARGET_NUCLEO_F103RB/TOOLCHAIN_ARM_STD/mbed_retarget.o
    0x08003e00   0x0000002e   Code   RO         1100    i._sys_istty        mbed/TARGET_NUCLEO_F103RB/TOOLCHAIN_ARM_STD/mbed_retarget.o
    0x08003e2e   0x00000002   PAD
    0x08003e30   0x00000098   Code   RO         1101    i._sys_open         mbed/TARGET_NUCLEO_F103RB/TOOLCHAIN_ARM_STD/mbed_retarget.o
    0x08003ec8   0x00000036   Code   RO         1103    i._sys_seek         mbed/TARGET_NUCLEO_F103RB/TOOLCHAIN_ARM_STD/mbed_retarget.o
    0x08003efe   0x00000002   PAD
    0x08003f00   0x00000068   Code   RO         1104    i._sys_write        mbed/TARGET_NUCLEO_F103RB/TOOLCHAIN_ARM_STD/mbed_retarget.o
    0x08003f68   0x00000130   Code   RO          815    i.can_irq           mbed/TARGET_NUCLEO_F103RB/TOOLCHAIN_ARM_STD/can_api.o
    0x08004098   0x0000000c   Code   RO         3571    i.core_util_are_interrupts_enabled  mbed/TARGET_NUCLEO_F103RB/TOOLCHAIN_ARM_STD/mbed.ar(mbed_critical.o)
    0x080040a4   0x00000014   Code   RO         3577    i.core_util_atomic_decr_u16  mbed/TARGET_NUCLEO_F103RB/TOOLCHAIN_ARM_STD/mbed.ar(mbed_critical.o)
    0x080040b8   0x00000014   Code   RO         3581    i.core_util_atomic_incr_u16  mbed/TARGET_NUCLEO_F103RB/TOOLCHAIN_ARM_STD/mbed.ar(mbed_critical.o)
    0x080040cc   0x00000060   Code   RO         3584    i.core_util_critical_section_enter  mbed/TARGET_NUCLEO_F103RB/TOOLCHAIN_ARM_STD/mbed.ar(mbed_critical.o)
    0x0800412c   0x00000020   Code   RO         3585    i.core_util_critical_section_exit  mbed/TARGET_NUCLEO_F103RB/TOOLCHAIN_ARM_STD/mbed.ar(mbed_critical.o)
    0x0800414c   0x0000000c   Code   RO         3587    i.core_util_is_isr_active  mbed/TARGET_NUCLEO_F103RB/TOOLCHAIN_ARM_STD/mbed.ar(mbed_critical.o)
    0x08004158   0x00000018   Code   RO         1513    i.debug             mbed/TARGET_NUCLEO_F103RB/TOOLCHAIN_ARM_STD/serial_api.o
    0x08004170   0x0000005c   Code   RO         3613    i.error             mbed/TARGET_NUCLEO_F103RB/TOOLCHAIN_ARM_STD/mbed.ar(mbed_error.o)
    0x080041cc   0x00000020   Code   RO         1108    i.exit              mbed/TARGET_NUCLEO_F103RB/TOOLCHAIN_ARM_STD/mbed_retarget.o
    0x080041ec   0x0000001a   Code   RO         4357    i.fputc             C:\Keil_v5\ARM\ARMCC\Bin\..\lib\armlib\c_w.l(fputc.o)
    0x08004206   0x00000002   PAD
    0x08004208   0x00000008   Code   RO         3446    i.get_us_ticker_data  mbed/TARGET_NUCLEO_F103RB/TOOLCHAIN_ARM_STD/mbed.ar(mbed_us_ticker_api.o)
    0x08004210   0x00000066   Code   RO          888    i.gpio_dir          mbed/TARGET_NUCLEO_F103RB/TOOLCHAIN_ARM_STD/gpio_api.o
    0x08004276   0x00000002   PAD
    0x08004278   0x00000054   Code   RO          877    i.gpio_init         mbed/TARGET_NUCLEO_F103RB/TOOLCHAIN_ARM_STD/gpio_api.o
    0x080042cc   0x00000028   Code   RO         3430    i.gpio_init_in      mbed/TARGET_NUCLEO_F103RB/TOOLCHAIN_ARM_STD/mbed.ar(mbed_gpio.o)
    0x080042f4   0x0000002e   Code   RO         3433    i.gpio_init_out     mbed/TARGET_NUCLEO_F103RB/TOOLCHAIN_ARM_STD/mbed.ar(mbed_gpio.o)
    0x08004322   0x00000008   Code   RO          878    i.gpio_mode         mbed/TARGET_NUCLEO_F103RB/TOOLCHAIN_ARM_STD/gpio_api.o
    0x0800432a   0x00000002   PAD
    0x0800432c   0x00000020   Code   RO         3749    i.hal_critical_section_enter  mbed/TARGET_NUCLEO_F103RB/TOOLCHAIN_ARM_STD/mbed.ar(mbed_critical_section_api.o)
    0x0800434c   0x00000050   Code   RO         3750    i.hal_critical_section_exit  mbed/TARGET_NUCLEO_F103RB/TOOLCHAIN_ARM_STD/mbed.ar(mbed_critical_section_api.o)
    0x0800439c   0x00000098   Code   RO         3614    i.handle_error      mbed/TARGET_NUCLEO_F103RB/TOOLCHAIN_ARM_STD/mbed.ar(mbed_error.o)
    0x08004434   0x00000058   Code   RO         1515    i.init_uart         mbed/TARGET_NUCLEO_F103RB/TOOLCHAIN_ARM_STD/serial_api.o
    0x0800448c   0x000000f8   Code   RO         3655    i.initialize        mbed/TARGET_NUCLEO_F103RB/TOOLCHAIN_ARM_STD/mbed.ar(mbed_ticker_api.o)
    0x08004584   0x00000014   Code   RO           15    i.main              .\build\main.o
    0x08004598   0x00000054   Code   RO         3533    i.mbed_assert_internal  mbed/TARGET_NUCLEO_F103RB/TOOLCHAIN_ARM_STD/mbed.ar(mbed_assert.o)
    0x080045ec   0x00000054   Code   RO         1039    i.mbed_die          mbed/TARGET_NUCLEO_F103RB/TOOLCHAIN_ARM_STD/mbed_board.o
    0x08004640   0x00000044   Code   RO         3616    i.mbed_error        mbed/TARGET_NUCLEO_F103RB/TOOLCHAIN_ARM_STD/mbed.ar(mbed_error.o)
    0x08004684   0x00000050   Code   RO         3804    i.mbed_error_hist_put  mbed/TARGET_NUCLEO_F103RB/TOOLCHAIN_ARM_STD/mbed.ar(mbed_error_hist.o)
    0x080046d4   0x00000054   Code   RO         1040    i.mbed_error_printf  mbed/TARGET_NUCLEO_F103RB/TOOLCHAIN_ARM_STD/mbed_board.o
    0x08004728   0x00000050   Code   RO         1041    i.mbed_error_vfprintf  mbed/TARGET_NUCLEO_F103RB/TOOLCHAIN_ARM_STD/mbed_board.o
    0x08004778   0x00000002   Code   RO         1391    i.mbed_main         mbed/TARGET_NUCLEO_F103RB/TOOLCHAIN_ARM_STD/mbed_sdk_boot.o
    0x0800477a   0x00000016   Code   RO         1057    i.mbed_sdk_init     mbed/TARGET_NUCLEO_F103RB/TOOLCHAIN_ARM_STD/mbed_overrides.o
    0x08004790   0x000000b8   Code   RO         1116    i.open              mbed/TARGET_NUCLEO_F103RB/TOOLCHAIN_ARM_STD/mbed_retarget.o
    0x08004848   0x00000250   Code   RO         1427    i.pin_function      mbed/TARGET_NUCLEO_F103RB/TOOLCHAIN_ARM_STD/pinmap.o
    0x08004a98   0x00000108   Code   RO         1428    i.pin_mode          mbed/TARGET_NUCLEO_F103RB/TOOLCHAIN_ARM_STD/pinmap.o
    0x08004ba0   0x00000048   Code   RO         3465    i.pinmap_merge      mbed/TARGET_NUCLEO_F103RB/TOOLCHAIN_ARM_STD/mbed.ar(mbed_pinmap_common.o)
    0x08004be8   0x0000006c   Code   RO         3466    i.pinmap_peripheral  mbed/TARGET_NUCLEO_F103RB/TOOLCHAIN_ARM_STD/mbed.ar(mbed_pinmap_common.o)
    0x08004c54   0x00000068   Code   RO         3467    i.pinmap_pinout     mbed/TARGET_NUCLEO_F103RB/TOOLCHAIN_ARM_STD/mbed.ar(mbed_pinmap_common.o)
    0x08004cbc   0x000001ac   Code   RO         3628    i.print_error_report  mbed/TARGET_NUCLEO_F103RB/TOOLCHAIN_ARM_STD/mbed.ar(mbed_error.o)
    0x08004e68   0x000000f4   Code   RO         3656    i.schedule_interrupt  mbed/TARGET_NUCLEO_F103RB/TOOLCHAIN_ARM_STD/mbed.ar(mbed_ticker_api.o)
    0x08004f5c   0x00000048   Code   RO         1516    i.serial_baud       mbed/TARGET_NUCLEO_F103RB/TOOLCHAIN_ARM_STD/serial_api.o
    0x08004fa4   0x0000020c   Code   RO         1520    i.serial_init       mbed/TARGET_NUCLEO_F103RB/TOOLCHAIN_ARM_STD/serial_api.o
    0x080051b0   0x00000034   Code   RO         1552    i.serial_putc       mbed/TARGET_NUCLEO_F103RB/TOOLCHAIN_ARM_STD/serial_device.o
    0x080051e4   0x00000018   Code   RO         1523    i.serial_writable   mbed/TARGET_NUCLEO_F103RB/TOOLCHAIN_ARM_STD/serial_api.o
    0x080051fc   0x00000068   Code   RO         3546    i.sleep_manager_lock_deep_sleep_internal  mbed/TARGET_NUCLEO_F103RB/TOOLCHAIN_ARM_STD/mbed.ar(mbed_sleep_manager.o)
    0x08005264   0x00000058   Code   RO         3548    i.sleep_manager_unlock_deep_sleep_internal  mbed/TARGET_NUCLEO_F103RB/TOOLCHAIN_ARM_STD/mbed.ar(mbed_sleep_manager.o)
    0x080052bc   0x000000f8   Code   RO         1429    i.stm_pin_PullConfig  mbed/TARGET_NUCLEO_F103RB/TOOLCHAIN_ARM_STD/pinmap.o
    0x080053b4   0x00000070   Code   RO         3659    i.ticker_insert_event_us  mbed/TARGET_NUCLEO_F103RB/TOOLCHAIN_ARM_STD/mbed.ar(mbed_ticker_api.o)
    0x08005424   0x0000004e   Code   RO         3660    i.ticker_irq_handler  mbed/TARGET_NUCLEO_F103RB/TOOLCHAIN_ARM_STD/mbed.ar(mbed_ticker_api.o)
    0x08005472   0x0000001c   Code   RO         3661    i.ticker_read       mbed/TARGET_NUCLEO_F103RB/TOOLCHAIN_ARM_STD/mbed.ar(mbed_ticker_api.o)
    0x0800548e   0x0000001e   Code   RO         3662    i.ticker_read_us    mbed/TARGET_NUCLEO_F103RB/TOOLCHAIN_ARM_STD/mbed.ar(mbed_ticker_api.o)
    0x080054ac   0x00000038   Code   RO         3663    i.ticker_remove_event  mbed/TARGET_NUCLEO_F103RB/TOOLCHAIN_ARM_STD/mbed.ar(mbed_ticker_api.o)
    0x080054e4   0x0000001a   Code   RO         3664    i.ticker_set_handler  mbed/TARGET_NUCLEO_F103RB/TOOLCHAIN_ARM_STD/mbed.ar(mbed_ticker_api.o)
    0x080054fe   0x00000002   PAD
    0x08005500   0x00000028   Code   RO          935    i.timer_irq_handler  mbed/TARGET_NUCLEO_F103RB/TOOLCHAIN_ARM_STD/hal_tick_16b.o
    0x08005528   0x00000100   Code   RO         3665    i.update_present_time  mbed/TARGET_NUCLEO_F103RB/TOOLCHAIN_ARM_STD/mbed.ar(mbed_ticker_api.o)
    0x08005628   0x00000010   Code   RO         3342    i.us_ticker_clear_interrupt  mbed/TARGET_NUCLEO_F103RB/TOOLCHAIN_ARM_STD/us_ticker.o
    0x08005638   0x00000014   Code   RO         3343    i.us_ticker_disable_interrupt  mbed/TARGET_NUCLEO_F103RB/TOOLCHAIN_ARM_STD/us_ticker.o
    0x0800564c   0x00000024   Code   RO         3344    i.us_ticker_fire_interrupt  mbed/TARGET_NUCLEO_F103RB/TOOLCHAIN_ARM_STD/us_ticker.o
    0x08005670   0x00000008   Code   RO         3345    i.us_ticker_get_info  mbed/TARGET_NUCLEO_F103RB/TOOLCHAIN_ARM_STD/us_ticker.o
    0x08005678   0x00000014   Code   RO         3346    i.us_ticker_init    mbed/TARGET_NUCLEO_F103RB/TOOLCHAIN_ARM_STD/us_ticker.o
    0x0800568c   0x00000018   Code   RO         3448    i.us_ticker_irq_handler  mbed/TARGET_NUCLEO_F103RB/TOOLCHAIN_ARM_STD/mbed.ar(mbed_us_ticker_api.o)
    0x080056a4   0x0000000c   Code   RO         3347    i.us_ticker_read    mbed/TARGET_NUCLEO_F103RB/TOOLCHAIN_ARM_STD/us_ticker.o
    0x080056b0   0x00000020   Code   RO         3348    i.us_ticker_set_interrupt  mbed/TARGET_NUCLEO_F103RB/TOOLCHAIN_ARM_STD/us_ticker.o
    0x080056d0   0x00000024   Code   RO         3686    i.wait_ms           mbed/TARGET_NUCLEO_F103RB/TOOLCHAIN_ARM_STD/mbed.ar(mbed_wait_api_no_rtos.o)
    0x080056f4   0x0000002c   Code   RO         4475    locale$$code        C:\Keil_v5\ARM\ARMCC\Bin\..\lib\armlib\c_w.l(lc_numeric_c.o)
    0x08005720   0x0000002c   Code   RO         4526    locale$$code        C:\Keil_v5\ARM\ARMCC\Bin\..\lib\armlib\c_w.l(lc_ctype_c.o)
    0x0800574c   0x0000002c   Code   RO         3790    t._ZN12SingletonPtrI13PlatformMutexEptEv  mbed/TARGET_NUCLEO_F103RB/TOOLCHAIN_ARM_STD/mbed.ar(FileBase.o)
    0x08005778   0x0000000a   Code   RO          163    t._ZN4mbed8CallbackIFvvEE13function_callIPS1_EEvPKv  .\build\main.o
    0x08005782   0x00000002   Code   RO          175    t._ZN4mbed8CallbackIFvvEE13function_dtorIPS1_EEvPv  .\build\main.o
    0x08005784   0x0000000e   Code   RO          169    t._ZN4mbed8CallbackIFvvEE13function_moveIPS1_EEvPvPKv  .\build\main.o
    0x08005792   0x00000002   PAD
    0x08005794   0x00000038   Code   RO          105    t._ZN4mbed8CallbackIFvvEEC1EPS1_  .\build\main.o
    0x080057cc   0x0000001c   Code   RO          111    t._ZN4mbed8CallbackIFvvEEC1ERKS2_  .\build\main.o
    0x080057e8   0x00000014   Code   RO          129    t._ZN4mbed8CallbackIFvvEED1Ev  .\build\main.o
    0x080057fc   0x00000102   Code   RO         4129    x$fpl$fmul          C:\Keil_v5\ARM\ARMCC\Bin\..\lib\armlib\fz_ws.l(fmul.o)
    0x080058fe   0x0000008c   Code   RO         4303    x$fpl$fnaninf       C:\Keil_v5\ARM\ARMCC\Bin\..\lib\armlib\fz_ws.l(fnaninf.o)
    0x0800598a   0x0000000a   Code   RO         4305    x$fpl$fretinf       C:\Keil_v5\ARM\ARMCC\Bin\..\lib\armlib\fz_ws.l(fretinf.o)
    0x08005994   0x0000005c   Code   RO         4119    x$fpl$llufromf      C:\Keil_v5\ARM\ARMCC\Bin\..\lib\armlib\fz_ws.l(ffixull.o)
    0x080059f0   0x00000004   Code   RO         4307    x$fpl$printf1       C:\Keil_v5\ARM\ARMCC\Bin\..\lib\armlib\fz_ws.l(printf1.o)
    0x080059f4   0x00000004   Code   RO         4309    x$fpl$printf2       C:\Keil_v5\ARM\ARMCC\Bin\..\lib\armlib\fz_ws.l(printf2.o)
    0x080059f8   0x00000000   Code   RO         4315    x$fpl$usenofp       C:\Keil_v5\ARM\ARMCC\Bin\..\lib\armlib\fz_ws.l(usenofp.o)
    0x080059f8   0x00000028   Data   RO         1200    .constdata          mbed/TARGET_NUCLEO_F103RB/TOOLCHAIN_ARM_STD/mbed_retarget.o
    0x08005a20   0x00000048   Data   RO         1411    .constdata          mbed/TARGET_NUCLEO_F103RB/TOOLCHAIN_ARM_STD/PeripheralPins.o
    0x08005a68   0x00000048   Data   RO         1412    .constdata          mbed/TARGET_NUCLEO_F103RB/TOOLCHAIN_ARM_STD/PeripheralPins.o
    0x08005ab0   0x00000040   Data   RO         1430    .constdata          mbed/TARGET_NUCLEO_F103RB/TOOLCHAIN_ARM_STD/pinmap.o
    0x08005af0   0x00000010   Data   RO         3332    .constdata          mbed/TARGET_NUCLEO_F103RB/TOOLCHAIN_ARM_STD/system_stm32f1xx.o
    0x08005b00   0x00000008   Data   RO         3333    .constdata          mbed/TARGET_NUCLEO_F103RB/TOOLCHAIN_ARM_STD/system_stm32f1xx.o
    0x08005b08   0x00000008   Data   RO         3350    .constdata          mbed/TARGET_NUCLEO_F103RB/TOOLCHAIN_ARM_STD/us_ticker.o
    0x08005b10   0x0000001c   Data   RO         3450    .constdata          mbed/TARGET_NUCLEO_F103RB/TOOLCHAIN_ARM_STD/mbed.ar(mbed_us_ticker_api.o)
    0x08005b2c   0x00000008   Data   RO         3451    .constdata          mbed/TARGET_NUCLEO_F103RB/TOOLCHAIN_ARM_STD/mbed.ar(mbed_us_ticker_api.o)
    0x08005b34   0x00000028   Data   RO         3923    .constdata          C:\Keil_v5\ARM\ARMCC\Bin\..\lib\armlib\c_w.l(_printf_hex_int_ll_ptr.o)
    0x08005b5c   0x00000011   Data   RO         3943    .constdata          C:\Keil_v5\ARM\ARMCC\Bin\..\lib\armlib\c_w.l(__printf_flags_ss_wp.o)
    0x08005b6d   0x00000003   PAD
    0x08005b70   0x00000008   Data   RO         4185    .constdata          C:\Keil_v5\ARM\ARMCC\Bin\..\lib\armlib\c_w.l(_printf_wctomb.o)
    0x08005b78   0x00000026   Data   RO         4348    .constdata          C:\Keil_v5\ARM\ARMCC\Bin\..\lib\armlib\c_w.l(_printf_fp_hex.o)
    0x08005b9e   0x00000002   PAD
    0x08005ba0   0x00000094   Data   RO         4448    .constdata          C:\Keil_v5\ARM\ARMCC\Bin\..\lib\armlib\c_w.l(bigflt0.o)
    0x08005c34   0x00000050   Data   RO         1305    .constdata__ZTV12DirectSerial  mbed/TARGET_NUCLEO_F103RB/TOOLCHAIN_ARM_STD/mbed_retarget.o
    0x08005c84   0x00000014   Data   RO         3422    .constdata__ZTVN4mbed10TimerEventE  mbed/TARGET_NUCLEO_F103RB/TOOLCHAIN_ARM_STD/mbed.ar(TimerEvent.o)
    0x08005c98   0x00000014   Data   RO         3377    .constdata__ZTVN4mbed6TickerE  mbed/TARGET_NUCLEO_F103RB/TOOLCHAIN_ARM_STD/mbed.ar(Ticker.o)
    0x08005cac   0x00000014   Data   RO         1308    .constdata__ZZN12SingletonPtrI13PlatformMutexE3getEvEs  mbed/TARGET_NUCLEO_F103RB/TOOLCHAIN_ARM_STD/mbed_retarget.o
    0x08005cc0   0x0000005d   Data   RO         1309    .constdata__ZZN12SingletonPtrI13PlatformMutexE3getEvEs_0  mbed/TARGET_NUCLEO_F103RB/TOOLCHAIN_ARM_STD/mbed_retarget.o
    0x08005d1d   0x00000003   PAD
    0x08005d20   0x0000000c   Data   RO          162    .constdata__ZZN4mbed8CallbackIFvvEE8generateIPS1_EEvRKT_E3ops  .\build\main.o
    0x08005d2c   0x00000055   Data   RO         1201    .conststring        mbed/TARGET_NUCLEO_F103RB/TOOLCHAIN_ARM_STD/mbed_retarget.o
    0x08005d81   0x00000003   PAD
    0x08005d84   0x00000056   Data   RO         1431    .conststring        mbed/TARGET_NUCLEO_F103RB/TOOLCHAIN_ARM_STD/pinmap.o
    0x08005dda   0x00000002   PAD
    0x08005ddc   0x0000005a   Data   RO         1525    .conststring        mbed/TARGET_NUCLEO_F103RB/TOOLCHAIN_ARM_STD/serial_api.o
    0x08005e36   0x00000002   PAD
    0x08005e38   0x00000050   Data   RO         3494    .conststring        mbed/TARGET_NUCLEO_F103RB/TOOLCHAIN_ARM_STD/mbed.ar(FilePath.o)
    0x08005e88   0x00000053   Data   RO         3588    .conststring        mbed/TARGET_NUCLEO_F103RB/TOOLCHAIN_ARM_STD/mbed.ar(mbed_critical.o)
    0x08005edb   0x00000001   PAD
    0x08005edc   0x000000b5   Data   RO         3630    .conststring        mbed/TARGET_NUCLEO_F103RB/TOOLCHAIN_ARM_STD/mbed.ar(mbed_error.o)
    0x08005f91   0x00000003   PAD
    0x08005f94   0x00000050   Data   RO         3666    .conststring        mbed/TARGET_NUCLEO_F103RB/TOOLCHAIN_ARM_STD/mbed.ar(mbed_ticker_api.o)
    0x08005fe4   0x0000005a   Data   RO         3752    .conststring        mbed/TARGET_NUCLEO_F103RB/TOOLCHAIN_ARM_STD/mbed.ar(mbed_critical_section_api.o)
    0x0800603e   0x00000002   PAD
    0x08006040   0x00000020   Data   RO         4552    Region$$Table       anon$$obj.o
    0x08006060   0x0000001c   Data   RO         4474    locale$$data        C:\Keil_v5\ARM\ARMCC\Bin\..\lib\armlib\c_w.l(lc_numeric_c.o)
    0x0800607c   0x00000110   Data   RO         4525    locale$$data        C:\Keil_v5\ARM\ARMCC\Bin\..\lib\armlib\c_w.l(lc_ctype_c.o)
    0x0800618c   0x00000004   Data   RO           29    .init_array         .\build\main.o
    0x08006190   0x00000000   Data   RO         3993    .init_array         C:\Keil_v5\ARM\ARMCC\Bin\..\lib\armlib\c_w.l(init_aeabi.o)


    Execution Region RW_IRAM1 (Base: 0x200000ec, Size: 0x00000774, Max: 0x00004f14, ABSOLUTE)

    Base Addr    Size         Type   Attr      Idx    E Section Name        Object

    0x200000ec   0x00000008   Data   RW          828    .data               mbed/TARGET_NUCLEO_F103RB/TOOLCHAIN_ARM_STD/can_api.o
    0x200000f4   0x00000058   Data   RW         1204    .data               mbed/TARGET_NUCLEO_F103RB/TOOLCHAIN_ARM_STD/mbed_retarget.o
    0x2000014c   0x00000004   Data   RW         1526    .data               mbed/TARGET_NUCLEO_F103RB/TOOLCHAIN_ARM_STD/serial_api.o
    0x20000150   0x00000004   Data   RW         3334    .data               mbed/TARGET_NUCLEO_F103RB/TOOLCHAIN_ARM_STD/system_stm32f1xx.o
    0x20000154   0x00000004   Data   RW         3452    .data               mbed/TARGET_NUCLEO_F103RB/TOOLCHAIN_ARM_STD/mbed.ar(mbed_us_ticker_api.o)
    0x20000158   0x00000018   Data   RW         3549    .data               mbed/TARGET_NUCLEO_F103RB/TOOLCHAIN_ARM_STD/mbed.ar(mbed_sleep_manager.o)
    0x20000170   0x00000004   Data   RW         3589    .data               mbed/TARGET_NUCLEO_F103RB/TOOLCHAIN_ARM_STD/mbed.ar(mbed_critical.o)
    0x20000174   0x0000000c   Data   RW         3631    .data               mbed/TARGET_NUCLEO_F103RB/TOOLCHAIN_ARM_STD/mbed.ar(mbed_error.o)
    0x20000180   0x00000002   Data   RW         3753    .data               mbed/TARGET_NUCLEO_F103RB/TOOLCHAIN_ARM_STD/mbed.ar(mbed_critical_section_api.o)
    0x20000182   0x00000002   PAD
    0x20000184   0x0000000c   Data   RW         3777    .data               mbed/TARGET_NUCLEO_F103RB/TOOLCHAIN_ARM_STD/mbed.ar(FileBase.o)
    0x20000190   0x00000004   Data   RW         3807    .data               mbed/TARGET_NUCLEO_F103RB/TOOLCHAIN_ARM_STD/mbed.ar(mbed_error_hist.o)
    0x20000194   0x00000004   Data   RW         3963    .data               C:\Keil_v5\ARM\ARMCC\Bin\..\lib\armlib\c_w.l(stdio_streams.o)
    0x20000198   0x00000004   Data   RW         3964    .data               C:\Keil_v5\ARM\ARMCC\Bin\..\lib\armlib\c_w.l(stdio_streams.o)
    0x2000019c   0x00000004   Data   RW         3965    .data               C:\Keil_v5\ARM\ARMCC\Bin\..\lib\armlib\c_w.l(stdio_streams.o)
    0x200001a0   0x00000004   Data   RW         4393    .data               C:\Keil_v5\ARM\ARMCC\Bin\..\lib\armlib\c_w.l(heapauxa.o)
    0x200001a4   0x00000004   PAD
    0x200001a8   0x00000220   Zero   RW           28    .bss                .\build\main.o
    0x200003c8   0x00000121   Zero   RW         1199    .bss                mbed/TARGET_NUCLEO_F103RB/TOOLCHAIN_ARM_STD/mbed_retarget.o
    0x200004e9   0x00000003   PAD
    0x200004ec   0x0000004c   Zero   RW         1524    .bss                mbed/TARGET_NUCLEO_F103RB/TOOLCHAIN_ARM_STD/serial_api.o
    0x20000538   0x000000cc   Zero   RW         1564    .bss                mbed/TARGET_NUCLEO_F103RB/TOOLCHAIN_ARM_STD/serial_device.o
    0x20000604   0x00000040   Zero   RW         3349    .bss                mbed/TARGET_NUCLEO_F103RB/TOOLCHAIN_ARM_STD/us_ticker.o
    0x20000644   0x00000004   PAD
    0x20000648   0x00000040   Zero   RW         3449    .bss                mbed/TARGET_NUCLEO_F103RB/TOOLCHAIN_ARM_STD/mbed.ar(mbed_us_ticker_api.o)
    0x20000688   0x00000040   Zero   RW         3629    .bss                mbed/TARGET_NUCLEO_F103RB/TOOLCHAIN_ARM_STD/mbed.ar(mbed_error.o)
    0x200006c8   0x00000080   Zero   RW         3806    .bss                mbed/TARGET_NUCLEO_F103RB/TOOLCHAIN_ARM_STD/mbed.ar(mbed_error_hist.o)
    0x20000748   0x00000004   Zero   RW         3820    .bss                C:\Keil_v5\ARM\ARMCC\Bin\..\lib\armlib\c_w.l(rt_errno_addr.o)
    0x2000074c   0x00000054   Zero   RW         3960    .bss                C:\Keil_v5\ARM\ARMCC\Bin\..\lib\armlib\c_w.l(stdio_streams.o)
    0x200007a0   0x00000054   Zero   RW         3961    .bss                C:\Keil_v5\ARM\ARMCC\Bin\..\lib\armlib\c_w.l(stdio_streams.o)
    0x200007f4   0x00000054   Zero   RW         3962    .bss                C:\Keil_v5\ARM\ARMCC\Bin\..\lib\armlib\c_w.l(stdio_streams.o)
    0x20000848   0x00000004   Zero   RW         4142    .bss                C:\Keil_v5\ARM\ARMCC\Bin\..\lib\armlib\c_w.l(rt_heap_descriptor.o)
    0x2000084c   0x00000014   Zero   RW         4434    .bss                C:\Keil_v5\ARM\ARMCC\Bin\..\lib\armlib\c_w.l(rt_locale.o)


==============================================================================

Image component sizes


      Code (inc. data)   RO Data    RW Data    ZI Data      Debug   Object Name

         0          0        144          0          0          0   mbed/TARGET_NUCLEO_F103RB/TOOLCHAIN_ARM_STD/PeripheralPins.o
       340         28          0          8          0        312   mbed/TARGET_NUCLEO_F103RB/TOOLCHAIN_ARM_STD/can_api.o
       378         72          0          0          0        312   mbed/TARGET_NUCLEO_F103RB/TOOLCHAIN_ARM_STD/gpio_api.o
       188         36          0          0          0        144   mbed/TARGET_NUCLEO_F103RB/TOOLCHAIN_ARM_STD/hal_tick_16b.o
        22          0          0          0          0         76   mbed/TARGET_NUCLEO_F103RB/TOOLCHAIN_ARM_STD/hal_tick_common.o
      1198        128         16          0        544     383771   .\build\main.o
       248         18          0          0          0        260   mbed/TARGET_NUCLEO_F103RB/TOOLCHAIN_ARM_STD/mbed_board.o
        22          0          0          0          0         80   mbed/TARGET_NUCLEO_F103RB/TOOLCHAIN_ARM_STD/mbed_overrides.o
      1322        216        318         88        289       1760   mbed/TARGET_NUCLEO_F103RB/TOOLCHAIN_ARM_STD/mbed_retarget.o
        44          4          0          0          0        224   mbed/TARGET_NUCLEO_F103RB/TOOLCHAIN_ARM_STD/mbed_sdk_boot.o
      1104         82        150          0          0        312   mbed/TARGET_NUCLEO_F103RB/TOOLCHAIN_ARM_STD/pinmap.o
       732        202         90          4         76        404   mbed/TARGET_NUCLEO_F103RB/TOOLCHAIN_ARM_STD/serial_api.o
        52          6          0          0        204         80   mbed/TARGET_NUCLEO_F103RB/TOOLCHAIN_ARM_STD/serial_device.o
        36          8        236          0          0        228   mbed/TARGET_NUCLEO_F103RB/TOOLCHAIN_ARM_STD/startup_stm32f103xb.o
        38          4          0          0          0        144   mbed/TARGET_NUCLEO_F103RB/TOOLCHAIN_ARM_STD/stm32f1xx_hal.o
        36          6          0          0          0         68   mbed/TARGET_NUCLEO_F103RB/TOOLCHAIN_ARM_STD/stm32f1xx_hal_cortex.o
      1588        108          0          0          0        428   mbed/TARGET_NUCLEO_F103RB/TOOLCHAIN_ARM_STD/stm32f1xx_hal_rcc.o
       256         14          0          0          0        360   mbed/TARGET_NUCLEO_F103RB/TOOLCHAIN_ARM_STD/stm32f1xx_hal_tim.o
       536          4          0          0          0        232   mbed/TARGET_NUCLEO_F103RB/TOOLCHAIN_ARM_STD/stm32f1xx_hal_uart.o
       212         12          0          0          0        168   mbed/TARGET_NUCLEO_F103RB/TOOLCHAIN_ARM_STD/system_clock.o
       112         22         24          4          0         68   mbed/TARGET_NUCLEO_F103RB/TOOLCHAIN_ARM_STD/system_stm32f1xx.o
       144         36          8          0         64        476   mbed/TARGET_NUCLEO_F103RB/TOOLCHAIN_ARM_STD/us_ticker.o

    ----------------------------------------------------------------------
      8626       1006       1028        104       1184     389907   Object Totals
         0          0         32          0          0          0   (incl. Generated)
        18          0         10          0          7          0   (incl. Padding)

    ----------------------------------------------------------------------

      Code (inc. data)   RO Data    RW Data    ZI Data      Debug   Library Member Name

         8          0          0          0          0         68   C:\Keil_v5\ARM\ARMCC\Bin\..\lib\armlib\c_w.l(__main.o)
       392          4         17          0          0         92   C:\Keil_v5\ARM\ARMCC\Bin\..\lib\armlib\c_w.l(__printf_flags_ss_wp.o)
        14          0          0          0          0         68   C:\Keil_v5\ARM\ARMCC\Bin\..\lib\armlib\c_w.l(__printf_wp.o)
         0          0          0          0          0          0   C:\Keil_v5\ARM\ARMCC\Bin\..\lib\armlib\c_w.l(__rtentry.o)
        20          0          0          0          0          0   C:\Keil_v5\ARM\ARMCC\Bin\..\lib\armlib\c_w.l(__rtentry2.o)
         6          0          0          0          0          0   C:\Keil_v5\ARM\ARMCC\Bin\..\lib\armlib\c_w.l(__rtentry4.o)
        52          8          0          0          0          0   C:\Keil_v5\ARM\ARMCC\Bin\..\lib\armlib\c_w.l(__scatter.o)
        26          0          0          0          0          0   C:\Keil_v5\ARM\ARMCC\Bin\..\lib\armlib\c_w.l(__scatter_copy.o)
        28          0          0          0          0          0   C:\Keil_v5\ARM\ARMCC\Bin\..\lib\armlib\c_w.l(__scatter_zi.o)
         6          0          0          0          0          0   C:\Keil_v5\ARM\ARMCC\Bin\..\lib\armlib\c_w.l(_printf_a.o)
         6          0          0          0          0          0   C:\Keil_v5\ARM\ARMCC\Bin\..\lib\armlib\c_w.l(_printf_c.o)
        44          0          0          0          0        108   C:\Keil_v5\ARM\ARMCC\Bin\..\lib\armlib\c_w.l(_printf_char.o)
        48          6          0          0          0         96   C:\Keil_v5\ARM\ARMCC\Bin\..\lib\armlib\c_w.l(_printf_char_common.o)
        36          4          0          0          0         80   C:\Keil_v5\ARM\ARMCC\Bin\..\lib\armlib\c_w.l(_printf_char_file.o)
        40          0          0          0          0         68   C:\Keil_v5\ARM\ARMCC\Bin\..\lib\armlib\c_w.l(_printf_charcount.o)
         6          0          0          0          0          0   C:\Keil_v5\ARM\ARMCC\Bin\..\lib\armlib\c_w.l(_printf_d.o)
       120         16          0          0          0         92   C:\Keil_v5\ARM\ARMCC\Bin\..\lib\armlib\c_w.l(_printf_dec.o)
         6          0          0          0          0          0   C:\Keil_v5\ARM\ARMCC\Bin\..\lib\armlib\c_w.l(_printf_e.o)
         6          0          0          0          0          0   C:\Keil_v5\ARM\ARMCC\Bin\..\lib\armlib\c_w.l(_printf_f.o)
      1050          0          0          0          0        216   C:\Keil_v5\ARM\ARMCC\Bin\..\lib\armlib\c_w.l(_printf_fp_dec.o)
       764         10         38          0          0        100   C:\Keil_v5\ARM\ARMCC\Bin\..\lib\armlib\c_w.l(_printf_fp_hex.o)
       128         16          0          0          0         84   C:\Keil_v5\ARM\ARMCC\Bin\..\lib\armlib\c_w.l(_printf_fp_infnan.o)
         6          0          0          0          0          0   C:\Keil_v5\ARM\ARMCC\Bin\..\lib\armlib\c_w.l(_printf_g.o)
       148          4         40          0          0        160   C:\Keil_v5\ARM\ARMCC\Bin\..\lib\armlib\c_w.l(_printf_hex_int_ll_ptr.o)
         6          0          0          0          0          0   C:\Keil_v5\ARM\ARMCC\Bin\..\lib\armlib\c_w.l(_printf_i.o)
       178          0          0          0          0         88   C:\Keil_v5\ARM\ARMCC\Bin\..\lib\armlib\c_w.l(_printf_intcommon.o)
        10          0          0          0          0          0   C:\Keil_v5\ARM\ARMCC\Bin\..\lib\armlib\c_w.l(_printf_l.o)
         6          0          0          0          0          0   C:\Keil_v5\ARM\ARMCC\Bin\..\lib\armlib\c_w.l(_printf_lc.o)
        10          0          0          0          0          0   C:\Keil_v5\ARM\ARMCC\Bin\..\lib\armlib\c_w.l(_printf_ll.o)
         6          0          0          0          0          0   C:\Keil_v5\ARM\ARMCC\Bin\..\lib\armlib\c_w.l(_printf_lld.o)
         6          0          0          0          0          0   C:\Keil_v5\ARM\ARMCC\Bin\..\lib\armlib\c_w.l(_printf_lli.o)
         6          0          0          0          0          0   C:\Keil_v5\ARM\ARMCC\Bin\..\lib\armlib\c_w.l(_printf_llo.o)
         6          0          0          0          0          0   C:\Keil_v5\ARM\ARMCC\Bin\..\lib\armlib\c_w.l(_printf_llu.o)
         6          0          0          0          0          0   C:\Keil_v5\ARM\ARMCC\Bin\..\lib\armlib\c_w.l(_printf_llx.o)
       124         16          0          0          0         92   C:\Keil_v5\ARM\ARMCC\Bin\..\lib\armlib\c_w.l(_printf_longlong_dec.o)
         6          0          0          0          0          0   C:\Keil_v5\ARM\ARMCC\Bin\..\lib\armlib\c_w.l(_printf_ls.o)
         6          0          0          0          0          0   C:\Keil_v5\ARM\ARMCC\Bin\..\lib\armlib\c_w.l(_printf_n.o)
         6          0          0          0          0          0   C:\Keil_v5\ARM\ARMCC\Bin\..\lib\armlib\c_w.l(_printf_o.o)
       112          8          0          0          0        124   C:\Keil_v5\ARM\ARMCC\Bin\..\lib\armlib\c_w.l(_printf_oct_int_ll.o)
         6          0          0          0          0          0   C:\Keil_v5\ARM\ARMCC\Bin\..\lib\armlib\c_w.l(_printf_p.o)
        78          0          0          0          0        108   C:\Keil_v5\ARM\ARMCC\Bin\..\lib\armlib\c_w.l(_printf_pad.o)
         0          0          0          0          0          0   C:\Keil_v5\ARM\ARMCC\Bin\..\lib\armlib\c_w.l(_printf_percent.o)
         4          0          0          0          0          0   C:\Keil_v5\ARM\ARMCC\Bin\..\lib\armlib\c_w.l(_printf_percent_end.o)
         6          0          0          0          0          0   C:\Keil_v5\ARM\ARMCC\Bin\..\lib\armlib\c_w.l(_printf_s.o)
        82          0          0          0          0         80   C:\Keil_v5\ARM\ARMCC\Bin\..\lib\armlib\c_w.l(_printf_str.o)
        36          0          0          0          0         84   C:\Keil_v5\ARM\ARMCC\Bin\..\lib\armlib\c_w.l(_printf_truncate.o)
         6          0          0          0          0          0   C:\Keil_v5\ARM\ARMCC\Bin\..\lib\armlib\c_w.l(_printf_u.o)
        44          0          0          0          0        108   C:\Keil_v5\ARM\ARMCC\Bin\..\lib\armlib\c_w.l(_printf_wchar.o)
       188          6          8          0          0         92   C:\Keil_v5\ARM\ARMCC\Bin\..\lib\armlib\c_w.l(_printf_wctomb.o)
         6          0          0          0          0          0   C:\Keil_v5\ARM\ARMCC\Bin\..\lib\armlib\c_w.l(_printf_x.o)
        16          0          0          0          0         68   C:\Keil_v5\ARM\ARMCC\Bin\..\lib\armlib\c_w.l(_snputc.o)
        10          0          0          0          0         68   C:\Keil_v5\ARM\ARMCC\Bin\..\lib\armlib\c_w.l(_sputc.o)
        64          0          0          0          0         92   C:\Keil_v5\ARM\ARMCC\Bin\..\lib\armlib\c_w.l(_wcrtomb.o)
       220          4        148          0          0         96   C:\Keil_v5\ARM\ARMCC\Bin\..\lib\armlib\c_w.l(bigflt0.o)
      1910        128          0          0          0        672   C:\Keil_v5\ARM\ARMCC\Bin\..\lib\armlib\c_w.l(btod.o)
        10          0          0          0          0         68   C:\Keil_v5\ARM\ARMCC\Bin\..\lib\armlib\c_w.l(defsig_exit.o)
        50          0          0          0          0         88   C:\Keil_v5\ARM\ARMCC\Bin\..\lib\armlib\c_w.l(defsig_general.o)
        48         34          0          0          0         76   C:\Keil_v5\ARM\ARMCC\Bin\..\lib\armlib\c_w.l(defsig_pvfn_inner.o)
        14          0          0          0          0         80   C:\Keil_v5\ARM\ARMCC\Bin\..\lib\armlib\c_w.l(defsig_pvfn_outer.o)
        80         58          0          0          0         76   C:\Keil_v5\ARM\ARMCC\Bin\..\lib\armlib\c_w.l(defsig_rtmem_inner.o)
        14          0          0          0          0         80   C:\Keil_v5\ARM\ARMCC\Bin\..\lib\armlib\c_w.l(defsig_rtmem_outer.o)
        52         38          0          0          0         76   C:\Keil_v5\ARM\ARMCC\Bin\..\lib\armlib\c_w.l(defsig_rtred_inner.o)
        14          0          0          0          0         80   C:\Keil_v5\ARM\ARMCC\Bin\..\lib\armlib\c_w.l(defsig_rtred_outer.o)
        76          0          0          0          0         88   C:\Keil_v5\ARM\ARMCC\Bin\..\lib\armlib\c_w.l(fclose.o)
         8          0          0          0          0         68   C:\Keil_v5\ARM\ARMCC\Bin\..\lib\armlib\c_w.l(ferror.o)
       100          4          0          0          0        120   C:\Keil_v5\ARM\ARMCC\Bin\..\lib\armlib\c_w.l(fflush.o)
       470          0          0          0          0         88   C:\Keil_v5\ARM\ARMCC\Bin\..\lib\armlib\c_w.l(flsbuf.o)
       236          4          0          0          0        128   C:\Keil_v5\ARM\ARMCC\Bin\..\lib\armlib\c_w.l(fopen.o)
        26          0          0          0          0         68   C:\Keil_v5\ARM\ARMCC\Bin\..\lib\armlib\c_w.l(fputc.o)
       248          6          0          0          0         84   C:\Keil_v5\ARM\ARMCC\Bin\..\lib\armlib\c_w.l(fseek.o)
        66          0          0          0          0         76   C:\Keil_v5\ARM\ARMCC\Bin\..\lib\armlib\c_w.l(ftell.o)
        94          0          0          0          0         80   C:\Keil_v5\ARM\ARMCC\Bin\..\lib\armlib\c_w.l(h1_alloc.o)
        52          0          0          0          0         68   C:\Keil_v5\ARM\ARMCC\Bin\..\lib\armlib\c_w.l(h1_extend.o)
        78          0          0          0          0         80   C:\Keil_v5\ARM\ARMCC\Bin\..\lib\armlib\c_w.l(h1_free.o)
        14          0          0          0          0         84   C:\Keil_v5\ARM\ARMCC\Bin\..\lib\armlib\c_w.l(h1_init.o)
        80          6          0          4          0         96   C:\Keil_v5\ARM\ARMCC\Bin\..\lib\armlib\c_w.l(heapauxa.o)
         4          0          0          0          0        136   C:\Keil_v5\ARM\ARMCC\Bin\..\lib\armlib\c_w.l(hguard.o)
         0          0          0          0          0          0   C:\Keil_v5\ARM\ARMCC\Bin\..\lib\armlib\c_w.l(indicate_semi.o)
        36         10          0          0          0         80   C:\Keil_v5\ARM\ARMCC\Bin\..\lib\armlib\c_w.l(init_aeabi.o)
       138          0          0          0          0        168   C:\Keil_v5\ARM\ARMCC\Bin\..\lib\armlib\c_w.l(init_alloc.o)
       312         46          0          0          0        112   C:\Keil_v5\ARM\ARMCC\Bin\..\lib\armlib\c_w.l(initio.o)
        44         10        272          0          0         76   C:\Keil_v5\ARM\ARMCC\Bin\..\lib\armlib\c_w.l(lc_ctype_c.o)
        44         10         28          0          0         76   C:\Keil_v5\ARM\ARMCC\Bin\..\lib\armlib\c_w.l(lc_numeric_c.o)
         2          0          0          0          0          0   C:\Keil_v5\ARM\ARMCC\Bin\..\lib\armlib\c_w.l(libinit.o)
        46          0          0          0          0          0   C:\Keil_v5\ARM\ARMCC\Bin\..\lib\armlib\c_w.l(libinit2.o)
         0          0          0          0          0          0   C:\Keil_v5\ARM\ARMCC\Bin\..\lib\armlib\c_w.l(libshutdown2.o)
        38          0          0          0          0         68   C:\Keil_v5\ARM\ARMCC\Bin\..\lib\armlib\c_w.l(llshl.o)
       138          0          0          0          0         80   C:\Keil_v5\ARM\ARMCC\Bin\..\lib\armlib\c_w.l(lludiv10.o)
       238          0          0          0          0        100   C:\Keil_v5\ARM\ARMCC\Bin\..\lib\armlib\c_w.l(lludivv7m.o)
        38          0          0          0          0         68   C:\Keil_v5\ARM\ARMCC\Bin\..\lib\armlib\c_w.l(llushr.o)
         0          0          0          0          0          0   C:\Keil_v5\ARM\ARMCC\Bin\..\lib\armlib\c_w.l(maybetermalloc1.o)
        16          4          0          0          0         76   C:\Keil_v5\ARM\ARMCC\Bin\..\lib\armlib\c_w.l(rt_ctype_table.o)
         8          4          0          0          4         68   C:\Keil_v5\ARM\ARMCC\Bin\..\lib\armlib\c_w.l(rt_errno_addr.o)
         8          4          0          0          4         68   C:\Keil_v5\ARM\ARMCC\Bin\..\lib\armlib\c_w.l(rt_heap_descriptor.o)
         8          4          0          0         20         68   C:\Keil_v5\ARM\ARMCC\Bin\..\lib\armlib\c_w.l(rt_locale.o)
        78          0          0          0          0         80   C:\Keil_v5\ARM\ARMCC\Bin\..\lib\armlib\c_w.l(rt_memclr_w.o)
       100          0          0          0          0         80   C:\Keil_v5\ARM\ARMCC\Bin\..\lib\armlib\c_w.l(rt_memcpy_w.o)
        70          0          0          0          0         80   C:\Keil_v5\ARM\ARMCC\Bin\..\lib\armlib\c_w.l(setvbuf.o)
       240          6          0          0          0        156   C:\Keil_v5\ARM\ARMCC\Bin\..\lib\armlib\c_w.l(stdio.o)
         0          0          0         12        252          0   C:\Keil_v5\ARM\ARMCC\Bin\..\lib\armlib\c_w.l(stdio_streams.o)
       128          0          0          0          0         68   C:\Keil_v5\ARM\ARMCC\Bin\..\lib\armlib\c_w.l(strcmpv7m.o)
        62          0          0          0          0         76   C:\Keil_v5\ARM\ARMCC\Bin\..\lib\armlib\c_w.l(strlen.o)
       150          0          0          0          0         80   C:\Keil_v5\ARM\ARMCC\Bin\..\lib\armlib\c_w.l(strncmp.o)
        28          0          0          0          0         80   C:\Keil_v5\ARM\ARMCC\Bin\..\lib\armlib\c_w.l(strspn.o)
        12          4          0          0          0         68   C:\Keil_v5\ARM\ARMCC\Bin\..\lib\armlib\c_w.l(sys_exit.o)
        14          0          0          0          0         76   C:\Keil_v5\ARM\ARMCC\Bin\..\lib\armlib\c_w.l(sys_wrch.o)
         2          0          0          0          0         68   C:\Keil_v5\ARM\ARMCC\Bin\..\lib\armlib\c_w.l(use_no_semi.o)
        10          0          0          0          0         68   C:\Keil_v5\ARM\ARMCC\Bin\..\lib\armlib\c_w.l(vfprintf.o)
        52          4          0          0          0         80   C:\Keil_v5\ARM\ARMCC\Bin\..\lib\armlib\c_w.l(vsnprintf.o)
         6          0          0          0          0         68   C:\Keil_v5\ARM\ARMCC\Bin\..\lib\cpplib\cpprt_w.l(pure_virt.o)
        92          4          0          0          0         84   C:\Keil_v5\ARM\ARMCC\Bin\..\lib\armlib\fz_ws.l(ffixull.o)
       258          4          0          0          0         84   C:\Keil_v5\ARM\ARMCC\Bin\..\lib\armlib\fz_ws.l(fmul.o)
       140          4          0          0          0         84   C:\Keil_v5\ARM\ARMCC\Bin\..\lib\armlib\fz_ws.l(fnaninf.o)
        10          0          0          0          0         68   C:\Keil_v5\ARM\ARMCC\Bin\..\lib\armlib\fz_ws.l(fretinf.o)
         4          0          0          0          0         68   C:\Keil_v5\ARM\ARMCC\Bin\..\lib\armlib\fz_ws.l(printf1.o)
         4          0          0          0          0         68   C:\Keil_v5\ARM\ARMCC\Bin\..\lib\armlib\fz_ws.l(printf2.o)
         0          0          0          0          0          0   C:\Keil_v5\ARM\ARMCC\Bin\..\lib\armlib\fz_ws.l(usenofp.o)
        40          0          0          0          0         68   C:\Keil_v5\ARM\ARMCC\Bin\..\lib\armlib\m_ws.l(fpclassify.o)
       156         26          0         12          0        224   mbed/TARGET_NUCLEO_F103RB/TOOLCHAIN_ARM_STD/mbed.ar(FileBase.o)
       192         22         80          0          0        444   mbed/TARGET_NUCLEO_F103RB/TOOLCHAIN_ARM_STD/mbed.ar(FilePath.o)
       192          0         20          0          0        252   mbed/TARGET_NUCLEO_F103RB/TOOLCHAIN_ARM_STD/mbed.ar(Ticker.o)
       110         16         20          0          0        364   mbed/TARGET_NUCLEO_F103RB/TOOLCHAIN_ARM_STD/mbed.ar(TimerEvent.o)
        84         52          0          0          0         88   mbed/TARGET_NUCLEO_F103RB/TOOLCHAIN_ARM_STD/mbed.ar(mbed_assert.o)
       192         66         83          4          0        416   mbed/TARGET_NUCLEO_F103RB/TOOLCHAIN_ARM_STD/mbed.ar(mbed_critical.o)
       112         44         90          2          0        144   mbed/TARGET_NUCLEO_F103RB/TOOLCHAIN_ARM_STD/mbed.ar(mbed_critical_section_api.o)
       740        300        181         12         64        352   mbed/TARGET_NUCLEO_F103RB/TOOLCHAIN_ARM_STD/mbed.ar(mbed_error.o)
        80         14          0          4        128         76   mbed/TARGET_NUCLEO_F103RB/TOOLCHAIN_ARM_STD/mbed.ar(mbed_error_hist.o)
        86          0          0          0          0        176   mbed/TARGET_NUCLEO_F103RB/TOOLCHAIN_ARM_STD/mbed.ar(mbed_gpio.o)
       284         84          0          0          0        244   mbed/TARGET_NUCLEO_F103RB/TOOLCHAIN_ARM_STD/mbed.ar(mbed_pinmap_common.o)
       192         90          0         24          0        168   mbed/TARGET_NUCLEO_F103RB/TOOLCHAIN_ARM_STD/mbed.ar(mbed_sleep_manager.o)
      1078         22         80          0          0        824   mbed/TARGET_NUCLEO_F103RB/TOOLCHAIN_ARM_STD/mbed.ar(mbed_ticker_api.o)
        32         14         36          4         64        136   mbed/TARGET_NUCLEO_F103RB/TOOLCHAIN_ARM_STD/mbed.ar(mbed_us_ticker_api.o)
        36          0          0          0          0         80   mbed/TARGET_NUCLEO_F103RB/TOOLCHAIN_ARM_STD/mbed.ar(mbed_wait_api_no_rtos.o)

    ----------------------------------------------------------------------
     14170       1248       1152         80        540      11640   Library Totals
        26          0         11          2          4          0   (incl. Padding)

    ----------------------------------------------------------------------

      Code (inc. data)   RO Data    RW Data    ZI Data      Debug   Library Name

     10024        486        551         16        280       7060   C:\Keil_v5\ARM\ARMCC\Bin\..\lib\armlib\c_w.l
         6          0          0          0          0         68   C:\Keil_v5\ARM\ARMCC\Bin\..\lib\cpplib\cpprt_w.l
       508         12          0          0          0        456   C:\Keil_v5\ARM\ARMCC\Bin\..\lib\armlib\fz_ws.l
        40          0          0          0          0         68   C:\Keil_v5\ARM\ARMCC\Bin\..\lib\armlib\m_ws.l
      3566        750        590         62        256       3988   mbed/TARGET_NUCLEO_F103RB/TOOLCHAIN_ARM_STD/mbed.ar

    ----------------------------------------------------------------------
     14170       1248       1152         80        540      11640   Library Totals

    ----------------------------------------------------------------------

==============================================================================


      Code (inc. data)   RO Data    RW Data    ZI Data      Debug   

     22796       2254       2180        184       1724     389635   Grand Totals
     22796       2254       2180        184       1724     389635   ELF Image Totals
     22796       2254       2180        184          0          0   ROM Totals

==============================================================================

    Total RO  Size (Code + RO Data)                24976 (  24.39kB)
    Total RW  Size (RW Data + ZI Data)              1908 (   1.86kB)
    Total ROM Size (Code + RO Data + RW Data)      25160 (  24.57kB)

==============================================================================

