<!doctype html public "-//w3c//dtd html 4.0 transitional//en">
<html><head>
<title>Static Call Graph - [.\BUILD\laser_priter.axf]</title></head>
<body><HR>
<H1>Static Call Graph for image .\BUILD\laser_priter.axf</H1><HR>
<BR><P>#&#060CALLGRAPH&#062# ARM Linker, 5050106: Last Updated: Thu Jul 19 19:18:36 2018
<BR><P>
<H3>Maximum Stack Usage =        872 bytes + Unknown(Cycles, Untraceable Function Pointers)</H3><H3>
Call chain for Maximum Stack Depth:</H3>
__rt_entry_postsh_1 &rArr; _platform_post_stackheap_init &rArr; mbed_sdk_init &rArr; SetSysClock &rArr; HAL_RCC_ClockConfig &rArr; HAL_GetTick &rArr; ticker_read_us &rArr; core_util_critical_section_exit &rArr; hal_critical_section_exit &rArr; mbed_assert_internal &rArr; mbed_die &rArr; gpio_init_out &rArr; gpio_init &rArr; pin_function &rArr;  mbed_assert_internal (Cycle)
<P>
<H3>
Mutually Recursive functions
</H3> <LI><a href="#[e]">NMI_Handler</a>&nbsp;&nbsp;&nbsp;&rArr;&nbsp;&nbsp;&nbsp;<a href="#[e]">NMI_Handler</a><BR>
 <LI><a href="#[f]">HardFault_Handler</a>&nbsp;&nbsp;&nbsp;&rArr;&nbsp;&nbsp;&nbsp;<a href="#[f]">HardFault_Handler</a><BR>
 <LI><a href="#[10]">MemManage_Handler</a>&nbsp;&nbsp;&nbsp;&rArr;&nbsp;&nbsp;&nbsp;<a href="#[10]">MemManage_Handler</a><BR>
 <LI><a href="#[11]">BusFault_Handler</a>&nbsp;&nbsp;&nbsp;&rArr;&nbsp;&nbsp;&nbsp;<a href="#[11]">BusFault_Handler</a><BR>
 <LI><a href="#[12]">UsageFault_Handler</a>&nbsp;&nbsp;&nbsp;&rArr;&nbsp;&nbsp;&nbsp;<a href="#[12]">UsageFault_Handler</a><BR>
 <LI><a href="#[13]">SVC_Handler</a>&nbsp;&nbsp;&nbsp;&rArr;&nbsp;&nbsp;&nbsp;<a href="#[13]">SVC_Handler</a><BR>
 <LI><a href="#[14]">DebugMon_Handler</a>&nbsp;&nbsp;&nbsp;&rArr;&nbsp;&nbsp;&nbsp;<a href="#[14]">DebugMon_Handler</a><BR>
 <LI><a href="#[15]">PendSV_Handler</a>&nbsp;&nbsp;&nbsp;&rArr;&nbsp;&nbsp;&nbsp;<a href="#[15]">PendSV_Handler</a><BR>
 <LI><a href="#[16]">SysTick_Handler</a>&nbsp;&nbsp;&nbsp;&rArr;&nbsp;&nbsp;&nbsp;<a href="#[16]">SysTick_Handler</a><BR>
 <LI><a href="#[29]">ADC1_2_IRQHandler</a>&nbsp;&nbsp;&nbsp;&rArr;&nbsp;&nbsp;&nbsp;<a href="#[29]">ADC1_2_IRQHandler</a><BR>
 <LI><a href="#[160]">ticker_read</a>&nbsp;&nbsp;&nbsp;&rArr;&nbsp;&nbsp;&nbsp;<a href="#[12b]">core_util_critical_section_exit</a><BR>
 <LI><a href="#[12a]">core_util_critical_section_enter</a>&nbsp;&nbsp;&nbsp;&rArr;&nbsp;&nbsp;&nbsp;<a href="#[108]">mbed_assert_internal</a><BR>
 <LI><a href="#[150]">initialize</a>&nbsp;&nbsp;&nbsp;&rArr;&nbsp;&nbsp;&nbsp;<a href="#[108]">mbed_assert_internal</a><BR>
 <LI><a href="#[9b]">exit</a>&nbsp;&nbsp;&nbsp;&rArr;&nbsp;&nbsp;&nbsp;<a href="#[147]">mbed_die</a><BR>
 <LI><a href="#[116]">__cxa_guard_release</a>&nbsp;&nbsp;&nbsp;&rArr;&nbsp;&nbsp;&nbsp;<a href="#[108]">mbed_assert_internal</a><BR>
 <LI><a href="#[112]">__cxa_guard_acquire</a>&nbsp;&nbsp;&nbsp;&rArr;&nbsp;&nbsp;&nbsp;<a href="#[108]">mbed_assert_internal</a><BR>
 <LI><a href="#[156]">mbed_error</a>&nbsp;&nbsp;&nbsp;&rArr;&nbsp;&nbsp;&nbsp;<a href="#[9b]">exit</a><BR>
 <LI><a href="#[154]">mbed_error_printf</a>&nbsp;&nbsp;&nbsp;&rArr;&nbsp;&nbsp;&nbsp;<a href="#[113]">serial_init</a><BR>
 <LI><a href="#[144]">handle_error</a>&nbsp;&nbsp;&nbsp;&rArr;&nbsp;&nbsp;&nbsp;<a href="#[12b]">core_util_critical_section_exit</a><BR>
 <LI><a href="#[14e]">mbed_error_hist_put</a>&nbsp;&nbsp;&nbsp;&rArr;&nbsp;&nbsp;&nbsp;<a href="#[12b]">core_util_critical_section_exit</a><BR>
 <LI><a href="#[14d]">pin_mode</a>&nbsp;&nbsp;&nbsp;&rArr;&nbsp;&nbsp;&nbsp;<a href="#[101]">Set_GPIO_Clock</a><BR>
 <LI><a href="#[15e]">pinmap_pinout</a>&nbsp;&nbsp;&nbsp;&rArr;&nbsp;&nbsp;&nbsp;<a href="#[14a]">pin_function</a><BR>
 <LI><a href="#[113]">serial_init</a>&nbsp;&nbsp;&nbsp;&rArr;&nbsp;&nbsp;&nbsp;<a href="#[108]">mbed_assert_internal</a><BR>
 <LI><a href="#[146]">mbed_error_vfprintf</a>&nbsp;&nbsp;&nbsp;&rArr;&nbsp;&nbsp;&nbsp;<a href="#[12b]">core_util_critical_section_exit</a><BR>
 <LI><a href="#[14a]">pin_function</a>&nbsp;&nbsp;&nbsp;&rArr;&nbsp;&nbsp;&nbsp;<a href="#[108]">mbed_assert_internal</a><BR>
 <LI><a href="#[13f]">core_util_atomic_decr_u16</a>&nbsp;&nbsp;&nbsp;&rArr;&nbsp;&nbsp;&nbsp;<a href="#[13f]">core_util_atomic_decr_u16</a><BR>
 <LI><a href="#[140]">core_util_atomic_incr_u16</a>&nbsp;&nbsp;&nbsp;&rArr;&nbsp;&nbsp;&nbsp;<a href="#[140]">core_util_atomic_incr_u16</a><BR>
</UL>
<P>
<H3>
Function Pointers
</H3><UL>
 <LI><a href="#[29]">ADC1_2_IRQHandler</a> from mbed/TARGET_NUCLEO_F103RB/TOOLCHAIN_ARM_STD/startup_stm32f103xb.o(.text) referenced from mbed/TARGET_NUCLEO_F103RB/TOOLCHAIN_ARM_STD/startup_stm32f103xb.o(RESET)
 <LI><a href="#[11]">BusFault_Handler</a> from mbed/TARGET_NUCLEO_F103RB/TOOLCHAIN_ARM_STD/startup_stm32f103xb.o(.text) referenced from mbed/TARGET_NUCLEO_F103RB/TOOLCHAIN_ARM_STD/startup_stm32f103xb.o(RESET)
 <LI><a href="#[2c]">CAN1_RX1_IRQHandler</a> from mbed/TARGET_NUCLEO_F103RB/TOOLCHAIN_ARM_STD/startup_stm32f103xb.o(.text) referenced from mbed/TARGET_NUCLEO_F103RB/TOOLCHAIN_ARM_STD/startup_stm32f103xb.o(RESET)
 <LI><a href="#[2d]">CAN1_SCE_IRQHandler</a> from mbed/TARGET_NUCLEO_F103RB/TOOLCHAIN_ARM_STD/can_api.o(i.CAN1_SCE_IRQHandler) referenced from mbed/TARGET_NUCLEO_F103RB/TOOLCHAIN_ARM_STD/startup_stm32f103xb.o(RESET)
 <LI><a href="#[22]">DMA1_Channel1_IRQHandler</a> from mbed/TARGET_NUCLEO_F103RB/TOOLCHAIN_ARM_STD/startup_stm32f103xb.o(.text) referenced from mbed/TARGET_NUCLEO_F103RB/TOOLCHAIN_ARM_STD/startup_stm32f103xb.o(RESET)
 <LI><a href="#[23]">DMA1_Channel2_IRQHandler</a> from mbed/TARGET_NUCLEO_F103RB/TOOLCHAIN_ARM_STD/startup_stm32f103xb.o(.text) referenced from mbed/TARGET_NUCLEO_F103RB/TOOLCHAIN_ARM_STD/startup_stm32f103xb.o(RESET)
 <LI><a href="#[24]">DMA1_Channel3_IRQHandler</a> from mbed/TARGET_NUCLEO_F103RB/TOOLCHAIN_ARM_STD/startup_stm32f103xb.o(.text) referenced from mbed/TARGET_NUCLEO_F103RB/TOOLCHAIN_ARM_STD/startup_stm32f103xb.o(RESET)
 <LI><a href="#[25]">DMA1_Channel4_IRQHandler</a> from mbed/TARGET_NUCLEO_F103RB/TOOLCHAIN_ARM_STD/startup_stm32f103xb.o(.text) referenced from mbed/TARGET_NUCLEO_F103RB/TOOLCHAIN_ARM_STD/startup_stm32f103xb.o(RESET)
 <LI><a href="#[26]">DMA1_Channel5_IRQHandler</a> from mbed/TARGET_NUCLEO_F103RB/TOOLCHAIN_ARM_STD/startup_stm32f103xb.o(.text) referenced from mbed/TARGET_NUCLEO_F103RB/TOOLCHAIN_ARM_STD/startup_stm32f103xb.o(RESET)
 <LI><a href="#[27]">DMA1_Channel6_IRQHandler</a> from mbed/TARGET_NUCLEO_F103RB/TOOLCHAIN_ARM_STD/startup_stm32f103xb.o(.text) referenced from mbed/TARGET_NUCLEO_F103RB/TOOLCHAIN_ARM_STD/startup_stm32f103xb.o(RESET)
 <LI><a href="#[28]">DMA1_Channel7_IRQHandler</a> from mbed/TARGET_NUCLEO_F103RB/TOOLCHAIN_ARM_STD/startup_stm32f103xb.o(.text) referenced from mbed/TARGET_NUCLEO_F103RB/TOOLCHAIN_ARM_STD/startup_stm32f103xb.o(RESET)
 <LI><a href="#[14]">DebugMon_Handler</a> from mbed/TARGET_NUCLEO_F103RB/TOOLCHAIN_ARM_STD/startup_stm32f103xb.o(.text) referenced from mbed/TARGET_NUCLEO_F103RB/TOOLCHAIN_ARM_STD/startup_stm32f103xb.o(RESET)
 <LI><a href="#[1d]">EXTI0_IRQHandler</a> from mbed/TARGET_NUCLEO_F103RB/TOOLCHAIN_ARM_STD/startup_stm32f103xb.o(.text) referenced from mbed/TARGET_NUCLEO_F103RB/TOOLCHAIN_ARM_STD/startup_stm32f103xb.o(RESET)
 <LI><a href="#[3f]">EXTI15_10_IRQHandler</a> from mbed/TARGET_NUCLEO_F103RB/TOOLCHAIN_ARM_STD/startup_stm32f103xb.o(.text) referenced from mbed/TARGET_NUCLEO_F103RB/TOOLCHAIN_ARM_STD/startup_stm32f103xb.o(RESET)
 <LI><a href="#[1e]">EXTI1_IRQHandler</a> from mbed/TARGET_NUCLEO_F103RB/TOOLCHAIN_ARM_STD/startup_stm32f103xb.o(.text) referenced from mbed/TARGET_NUCLEO_F103RB/TOOLCHAIN_ARM_STD/startup_stm32f103xb.o(RESET)
 <LI><a href="#[1f]">EXTI2_IRQHandler</a> from mbed/TARGET_NUCLEO_F103RB/TOOLCHAIN_ARM_STD/startup_stm32f103xb.o(.text) referenced from mbed/TARGET_NUCLEO_F103RB/TOOLCHAIN_ARM_STD/startup_stm32f103xb.o(RESET)
 <LI><a href="#[20]">EXTI3_IRQHandler</a> from mbed/TARGET_NUCLEO_F103RB/TOOLCHAIN_ARM_STD/startup_stm32f103xb.o(.text) referenced from mbed/TARGET_NUCLEO_F103RB/TOOLCHAIN_ARM_STD/startup_stm32f103xb.o(RESET)
 <LI><a href="#[21]">EXTI4_IRQHandler</a> from mbed/TARGET_NUCLEO_F103RB/TOOLCHAIN_ARM_STD/startup_stm32f103xb.o(.text) referenced from mbed/TARGET_NUCLEO_F103RB/TOOLCHAIN_ARM_STD/startup_stm32f103xb.o(RESET)
 <LI><a href="#[2e]">EXTI9_5_IRQHandler</a> from mbed/TARGET_NUCLEO_F103RB/TOOLCHAIN_ARM_STD/startup_stm32f103xb.o(.text) referenced from mbed/TARGET_NUCLEO_F103RB/TOOLCHAIN_ARM_STD/startup_stm32f103xb.o(RESET)
 <LI><a href="#[1b]">FLASH_IRQHandler</a> from mbed/TARGET_NUCLEO_F103RB/TOOLCHAIN_ARM_STD/startup_stm32f103xb.o(.text) referenced from mbed/TARGET_NUCLEO_F103RB/TOOLCHAIN_ARM_STD/startup_stm32f103xb.o(RESET)
 <LI><a href="#[f]">HardFault_Handler</a> from mbed/TARGET_NUCLEO_F103RB/TOOLCHAIN_ARM_STD/startup_stm32f103xb.o(.text) referenced from mbed/TARGET_NUCLEO_F103RB/TOOLCHAIN_ARM_STD/startup_stm32f103xb.o(RESET)
 <LI><a href="#[37]">I2C1_ER_IRQHandler</a> from mbed/TARGET_NUCLEO_F103RB/TOOLCHAIN_ARM_STD/startup_stm32f103xb.o(.text) referenced from mbed/TARGET_NUCLEO_F103RB/TOOLCHAIN_ARM_STD/startup_stm32f103xb.o(RESET)
 <LI><a href="#[36]">I2C1_EV_IRQHandler</a> from mbed/TARGET_NUCLEO_F103RB/TOOLCHAIN_ARM_STD/startup_stm32f103xb.o(.text) referenced from mbed/TARGET_NUCLEO_F103RB/TOOLCHAIN_ARM_STD/startup_stm32f103xb.o(RESET)
 <LI><a href="#[39]">I2C2_ER_IRQHandler</a> from mbed/TARGET_NUCLEO_F103RB/TOOLCHAIN_ARM_STD/startup_stm32f103xb.o(.text) referenced from mbed/TARGET_NUCLEO_F103RB/TOOLCHAIN_ARM_STD/startup_stm32f103xb.o(RESET)
 <LI><a href="#[38]">I2C2_EV_IRQHandler</a> from mbed/TARGET_NUCLEO_F103RB/TOOLCHAIN_ARM_STD/startup_stm32f103xb.o(.text) referenced from mbed/TARGET_NUCLEO_F103RB/TOOLCHAIN_ARM_STD/startup_stm32f103xb.o(RESET)
 <LI><a href="#[10]">MemManage_Handler</a> from mbed/TARGET_NUCLEO_F103RB/TOOLCHAIN_ARM_STD/startup_stm32f103xb.o(.text) referenced from mbed/TARGET_NUCLEO_F103RB/TOOLCHAIN_ARM_STD/startup_stm32f103xb.o(RESET)
 <LI><a href="#[e]">NMI_Handler</a> from mbed/TARGET_NUCLEO_F103RB/TOOLCHAIN_ARM_STD/startup_stm32f103xb.o(.text) referenced from mbed/TARGET_NUCLEO_F103RB/TOOLCHAIN_ARM_STD/startup_stm32f103xb.o(RESET)
 <LI><a href="#[18]">PVD_IRQHandler</a> from mbed/TARGET_NUCLEO_F103RB/TOOLCHAIN_ARM_STD/startup_stm32f103xb.o(.text) referenced from mbed/TARGET_NUCLEO_F103RB/TOOLCHAIN_ARM_STD/startup_stm32f103xb.o(RESET)
 <LI><a href="#[15]">PendSV_Handler</a> from mbed/TARGET_NUCLEO_F103RB/TOOLCHAIN_ARM_STD/startup_stm32f103xb.o(.text) referenced from mbed/TARGET_NUCLEO_F103RB/TOOLCHAIN_ARM_STD/startup_stm32f103xb.o(RESET)
 <LI><a href="#[1c]">RCC_IRQHandler</a> from mbed/TARGET_NUCLEO_F103RB/TOOLCHAIN_ARM_STD/startup_stm32f103xb.o(.text) referenced from mbed/TARGET_NUCLEO_F103RB/TOOLCHAIN_ARM_STD/startup_stm32f103xb.o(RESET)
 <LI><a href="#[40]">RTC_Alarm_IRQHandler</a> from mbed/TARGET_NUCLEO_F103RB/TOOLCHAIN_ARM_STD/startup_stm32f103xb.o(.text) referenced from mbed/TARGET_NUCLEO_F103RB/TOOLCHAIN_ARM_STD/startup_stm32f103xb.o(RESET)
 <LI><a href="#[1a]">RTC_IRQHandler</a> from mbed/TARGET_NUCLEO_F103RB/TOOLCHAIN_ARM_STD/startup_stm32f103xb.o(.text) referenced from mbed/TARGET_NUCLEO_F103RB/TOOLCHAIN_ARM_STD/startup_stm32f103xb.o(RESET)
 <LI><a href="#[d]">Reset_Handler</a> from mbed/TARGET_NUCLEO_F103RB/TOOLCHAIN_ARM_STD/startup_stm32f103xb.o(.text) referenced from mbed/TARGET_NUCLEO_F103RB/TOOLCHAIN_ARM_STD/startup_stm32f103xb.o(RESET)
 <LI><a href="#[3a]">SPI1_IRQHandler</a> from mbed/TARGET_NUCLEO_F103RB/TOOLCHAIN_ARM_STD/startup_stm32f103xb.o(.text) referenced from mbed/TARGET_NUCLEO_F103RB/TOOLCHAIN_ARM_STD/startup_stm32f103xb.o(RESET)
 <LI><a href="#[3b]">SPI2_IRQHandler</a> from mbed/TARGET_NUCLEO_F103RB/TOOLCHAIN_ARM_STD/startup_stm32f103xb.o(.text) referenced from mbed/TARGET_NUCLEO_F103RB/TOOLCHAIN_ARM_STD/startup_stm32f103xb.o(RESET)
 <LI><a href="#[13]">SVC_Handler</a> from mbed/TARGET_NUCLEO_F103RB/TOOLCHAIN_ARM_STD/startup_stm32f103xb.o(.text) referenced from mbed/TARGET_NUCLEO_F103RB/TOOLCHAIN_ARM_STD/startup_stm32f103xb.o(RESET)
 <LI><a href="#[16]">SysTick_Handler</a> from mbed/TARGET_NUCLEO_F103RB/TOOLCHAIN_ARM_STD/startup_stm32f103xb.o(.text) referenced from mbed/TARGET_NUCLEO_F103RB/TOOLCHAIN_ARM_STD/startup_stm32f103xb.o(RESET)
 <LI><a href="#[42]">SystemInit</a> from mbed/TARGET_NUCLEO_F103RB/TOOLCHAIN_ARM_STD/system_clock.o(i.SystemInit) referenced from mbed/TARGET_NUCLEO_F103RB/TOOLCHAIN_ARM_STD/startup_stm32f103xb.o(.text)
 <LI><a href="#[19]">TAMPER_IRQHandler</a> from mbed/TARGET_NUCLEO_F103RB/TOOLCHAIN_ARM_STD/startup_stm32f103xb.o(.text) referenced from mbed/TARGET_NUCLEO_F103RB/TOOLCHAIN_ARM_STD/startup_stm32f103xb.o(RESET)
 <LI><a href="#[2f]">TIM1_BRK_IRQHandler</a> from mbed/TARGET_NUCLEO_F103RB/TOOLCHAIN_ARM_STD/startup_stm32f103xb.o(.text) referenced from mbed/TARGET_NUCLEO_F103RB/TOOLCHAIN_ARM_STD/startup_stm32f103xb.o(RESET)
 <LI><a href="#[32]">TIM1_CC_IRQHandler</a> from mbed/TARGET_NUCLEO_F103RB/TOOLCHAIN_ARM_STD/startup_stm32f103xb.o(.text) referenced from mbed/TARGET_NUCLEO_F103RB/TOOLCHAIN_ARM_STD/startup_stm32f103xb.o(RESET)
 <LI><a href="#[31]">TIM1_TRG_COM_IRQHandler</a> from mbed/TARGET_NUCLEO_F103RB/TOOLCHAIN_ARM_STD/startup_stm32f103xb.o(.text) referenced from mbed/TARGET_NUCLEO_F103RB/TOOLCHAIN_ARM_STD/startup_stm32f103xb.o(RESET)
 <LI><a href="#[30]">TIM1_UP_IRQHandler</a> from mbed/TARGET_NUCLEO_F103RB/TOOLCHAIN_ARM_STD/startup_stm32f103xb.o(.text) referenced from mbed/TARGET_NUCLEO_F103RB/TOOLCHAIN_ARM_STD/startup_stm32f103xb.o(RESET)
 <LI><a href="#[33]">TIM2_IRQHandler</a> from mbed/TARGET_NUCLEO_F103RB/TOOLCHAIN_ARM_STD/startup_stm32f103xb.o(.text) referenced from mbed/TARGET_NUCLEO_F103RB/TOOLCHAIN_ARM_STD/startup_stm32f103xb.o(RESET)
 <LI><a href="#[34]">TIM3_IRQHandler</a> from mbed/TARGET_NUCLEO_F103RB/TOOLCHAIN_ARM_STD/startup_stm32f103xb.o(.text) referenced from mbed/TARGET_NUCLEO_F103RB/TOOLCHAIN_ARM_STD/startup_stm32f103xb.o(RESET)
 <LI><a href="#[35]">TIM4_IRQHandler</a> from mbed/TARGET_NUCLEO_F103RB/TOOLCHAIN_ARM_STD/startup_stm32f103xb.o(.text) referenced from mbed/TARGET_NUCLEO_F103RB/TOOLCHAIN_ARM_STD/startup_stm32f103xb.o(RESET)
 <LI><a href="#[3c]">USART1_IRQHandler</a> from mbed/TARGET_NUCLEO_F103RB/TOOLCHAIN_ARM_STD/startup_stm32f103xb.o(.text) referenced from mbed/TARGET_NUCLEO_F103RB/TOOLCHAIN_ARM_STD/startup_stm32f103xb.o(RESET)
 <LI><a href="#[3d]">USART2_IRQHandler</a> from mbed/TARGET_NUCLEO_F103RB/TOOLCHAIN_ARM_STD/startup_stm32f103xb.o(.text) referenced from mbed/TARGET_NUCLEO_F103RB/TOOLCHAIN_ARM_STD/startup_stm32f103xb.o(RESET)
 <LI><a href="#[3e]">USART3_IRQHandler</a> from mbed/TARGET_NUCLEO_F103RB/TOOLCHAIN_ARM_STD/startup_stm32f103xb.o(.text) referenced from mbed/TARGET_NUCLEO_F103RB/TOOLCHAIN_ARM_STD/startup_stm32f103xb.o(RESET)
 <LI><a href="#[41]">USBWakeUp_IRQHandler</a> from mbed/TARGET_NUCLEO_F103RB/TOOLCHAIN_ARM_STD/startup_stm32f103xb.o(.text) referenced from mbed/TARGET_NUCLEO_F103RB/TOOLCHAIN_ARM_STD/startup_stm32f103xb.o(RESET)
 <LI><a href="#[2a]">USB_HP_CAN1_TX_IRQHandler</a> from mbed/TARGET_NUCLEO_F103RB/TOOLCHAIN_ARM_STD/can_api.o(i.USB_HP_CAN1_TX_IRQHandler) referenced from mbed/TARGET_NUCLEO_F103RB/TOOLCHAIN_ARM_STD/startup_stm32f103xb.o(RESET)
 <LI><a href="#[2b]">USB_LP_CAN1_RX0_IRQHandler</a> from mbed/TARGET_NUCLEO_F103RB/TOOLCHAIN_ARM_STD/can_api.o(i.USB_LP_CAN1_RX0_IRQHandler) referenced from mbed/TARGET_NUCLEO_F103RB/TOOLCHAIN_ARM_STD/startup_stm32f103xb.o(RESET)
 <LI><a href="#[12]">UsageFault_Handler</a> from mbed/TARGET_NUCLEO_F103RB/TOOLCHAIN_ARM_STD/startup_stm32f103xb.o(.text) referenced from mbed/TARGET_NUCLEO_F103RB/TOOLCHAIN_ARM_STD/startup_stm32f103xb.o(RESET)
 <LI><a href="#[17]">WWDG_IRQHandler</a> from mbed/TARGET_NUCLEO_F103RB/TOOLCHAIN_ARM_STD/startup_stm32f103xb.o(.text) referenced from mbed/TARGET_NUCLEO_F103RB/TOOLCHAIN_ARM_STD/startup_stm32f103xb.o(RESET)
 <LI><a href="#[4a]">moveStepper()</a> from .\build\main.o(i._Z11moveStepperv) referenced from .\build\main.o(i._ZN12stepperMotor4initEv)
 <LI><a href="#[55]">DirectSerial::seek(long, int)</a> from mbed/TARGET_NUCLEO_F103RB/TOOLCHAIN_ARM_STD/mbed_retarget.o(i._ZN12DirectSerial4seekEli) referenced from mbed/TARGET_NUCLEO_F103RB/TOOLCHAIN_ARM_STD/mbed_retarget.o(.constdata__ZTV12DirectSerial)
 <LI><a href="#[58]">DirectSerial::size()</a> from mbed/TARGET_NUCLEO_F103RB/TOOLCHAIN_ARM_STD/mbed_retarget.o(i._ZN12DirectSerial4sizeEv) referenced from mbed/TARGET_NUCLEO_F103RB/TOOLCHAIN_ARM_STD/mbed_retarget.o(.constdata__ZTV12DirectSerial)
 <LI><a href="#[56]">DirectSerial::close()</a> from mbed/TARGET_NUCLEO_F103RB/TOOLCHAIN_ARM_STD/mbed_retarget.o(i._ZN12DirectSerial5closeEv) referenced from mbed/TARGET_NUCLEO_F103RB/TOOLCHAIN_ARM_STD/mbed_retarget.o(.constdata__ZTV12DirectSerial)
 <LI><a href="#[54]">DirectSerial::write(const void*, unsigned)</a> from mbed/TARGET_NUCLEO_F103RB/TOOLCHAIN_ARM_STD/mbed_retarget.o(i._ZN12DirectSerial5writeEPKvj) referenced from mbed/TARGET_NUCLEO_F103RB/TOOLCHAIN_ARM_STD/mbed_retarget.o(.constdata__ZTV12DirectSerial)
 <LI><a href="#[57]">DirectSerial::isatty()</a> from mbed/TARGET_NUCLEO_F103RB/TOOLCHAIN_ARM_STD/mbed_retarget.o(i._ZN12DirectSerial6isattyEv) referenced from mbed/TARGET_NUCLEO_F103RB/TOOLCHAIN_ARM_STD/mbed_retarget.o(.constdata__ZTV12DirectSerial)
 <LI><a href="#[49]">DirectSerial::~DirectSerial()</a> from mbed/TARGET_NUCLEO_F103RB/TOOLCHAIN_ARM_STD/mbed_retarget.o(i._ZN12DirectSerialD1Ev) referenced from mbed/TARGET_NUCLEO_F103RB/TOOLCHAIN_ARM_STD/mbed_retarget.o(.constdata__ZTV12DirectSerial)
 <LI><a href="#[49]">DirectSerial::~DirectSerial()</a> from mbed/TARGET_NUCLEO_F103RB/TOOLCHAIN_ARM_STD/mbed_retarget.o(i._ZN12DirectSerialD1Ev) referenced from mbed/TARGET_NUCLEO_F103RB/TOOLCHAIN_ARM_STD/mbed_retarget.o(i._Z7get_fhci)
 <LI><a href="#[4c]">stepperMotor::~stepperMotor()</a> from .\build\main.o(i._ZN12stepperMotorD1Ev) referenced from .\build\main.o(i.__sti___8_main_cpp_77b7c9ba)
 <LI><a href="#[4b]">mbed::TimerEvent::irq(unsigned)</a> from mbed/TARGET_NUCLEO_F103RB/TOOLCHAIN_ARM_STD/mbed.ar(TimerEvent.o)(i._ZN4mbed10TimerEvent3irqEj) referenced from mbed/TARGET_NUCLEO_F103RB/TOOLCHAIN_ARM_STD/mbed.ar(TimerEvent.o)(i._ZN4mbed10TimerEventC2Ev)
 <LI><a href="#[59]">mbed::TimerEvent::~TimerEvent__sub_object()</a> from mbed/TARGET_NUCLEO_F103RB/TOOLCHAIN_ARM_STD/mbed.ar(TimerEvent.o)(i._ZN4mbed10TimerEventD2Ev) referenced from mbed/TARGET_NUCLEO_F103RB/TOOLCHAIN_ARM_STD/mbed.ar(TimerEvent.o)(.constdata__ZTVN4mbed10TimerEventE)
 <LI><a href="#[5b]">mbed::Ticker::handler()</a> from mbed/TARGET_NUCLEO_F103RB/TOOLCHAIN_ARM_STD/mbed.ar(Ticker.o)(i._ZN4mbed6Ticker7handlerEv) referenced from mbed/TARGET_NUCLEO_F103RB/TOOLCHAIN_ARM_STD/mbed.ar(Ticker.o)(.constdata__ZTVN4mbed6TickerE)
 <LI><a href="#[5c]">void mbed::Callback&lang;void()&rang;::function_call&lang;void(*)()&rang;(const void*)</a> from .\build\main.o(t._ZN4mbed8CallbackIFvvEE13function_callIPS1_EEvPKv) referenced from .\build\main.o(.constdata__ZZN4mbed8CallbackIFvvEE8generateIPS1_EEvRKT_E3ops)
 <LI><a href="#[5e]">void mbed::Callback&lang;void()&rang;::function_dtor&lang;void(*)()&rang;(void*)</a> from .\build\main.o(t._ZN4mbed8CallbackIFvvEE13function_dtorIPS1_EEvPv) referenced from .\build\main.o(.constdata__ZZN4mbed8CallbackIFvvEE8generateIPS1_EEvRKT_E3ops)
 <LI><a href="#[5d]">void mbed::Callback&lang;void()&rang;::function_move&lang;void(*)()&rang;(void*, const void*)</a> from .\build\main.o(t._ZN4mbed8CallbackIFvvEE13function_moveIPS1_EEvPvPKv) referenced from .\build\main.o(.constdata__ZZN4mbed8CallbackIFvvEE8generateIPS1_EEvRKT_E3ops)
 <LI><a href="#[5a]">__cxa_pure_virtual</a> from C:\Keil_v5\ARM\ARMCC\Bin\..\lib\cpplib\cpprt_w.l(pure_virt.o)(i.__cxa_pure_virtual) referenced from mbed/TARGET_NUCLEO_F103RB/TOOLCHAIN_ARM_STD/mbed.ar(TimerEvent.o)(.constdata__ZTVN4mbed10TimerEventE)
 <LI><a href="#[61]">__main</a> from C:\Keil_v5\ARM\ARMCC\Bin\..\lib\armlib\c_w.l(__main.o)(!!!main) referenced from mbed/TARGET_NUCLEO_F103RB/TOOLCHAIN_ARM_STD/startup_stm32f103xb.o(.text)
 <LI><a href="#[5f]">__sti___8_main_cpp_77b7c9ba</a> from .\build\main.o(i.__sti___8_main_cpp_77b7c9ba) referenced from .\build\main.o(.init_array)
 <LI><a href="#[47]">_get_lc_ctype</a> from C:\Keil_v5\ARM\ARMCC\Bin\..\lib\armlib\c_w.l(lc_ctype_c.o)(locale$$code) referenced from C:\Keil_v5\ARM\ARMCC\Bin\..\lib\armlib\c_w.l(rt_ctype_table.o)(.text)
 <LI><a href="#[45]">_printf_input_char</a> from C:\Keil_v5\ARM\ARMCC\Bin\..\lib\armlib\c_w.l(_printf_char_common.o)(.text) referenced from C:\Keil_v5\ARM\ARMCC\Bin\..\lib\armlib\c_w.l(_printf_char_common.o)(.text)
 <LI><a href="#[44]">_snputc</a> from C:\Keil_v5\ARM\ARMCC\Bin\..\lib\armlib\c_w.l(_snputc.o)(.text) referenced from C:\Keil_v5\ARM\ARMCC\Bin\..\lib\armlib\c_w.l(vsnprintf.o)(.text)
 <LI><a href="#[46]">fputc</a> from C:\Keil_v5\ARM\ARMCC\Bin\..\lib\armlib\c_w.l(fputc.o)(i.fputc) referenced from C:\Keil_v5\ARM\ARMCC\Bin\..\lib\armlib\c_w.l(_printf_char_file.o)(.text)
 <LI><a href="#[60]">ticker_irq_handler</a> from mbed/TARGET_NUCLEO_F103RB/TOOLCHAIN_ARM_STD/mbed.ar(mbed_ticker_api.o)(i.ticker_irq_handler) referenced from mbed/TARGET_NUCLEO_F103RB/TOOLCHAIN_ARM_STD/mbed.ar(mbed_us_ticker_api.o)(.data)
 <LI><a href="#[48]">timer_irq_handler</a> from mbed/TARGET_NUCLEO_F103RB/TOOLCHAIN_ARM_STD/hal_tick_16b.o(i.timer_irq_handler) referenced from mbed/TARGET_NUCLEO_F103RB/TOOLCHAIN_ARM_STD/hal_tick_16b.o(i.HAL_InitTick)
 <LI><a href="#[50]">us_ticker_clear_interrupt</a> from mbed/TARGET_NUCLEO_F103RB/TOOLCHAIN_ARM_STD/us_ticker.o(i.us_ticker_clear_interrupt) referenced from mbed/TARGET_NUCLEO_F103RB/TOOLCHAIN_ARM_STD/mbed.ar(mbed_us_ticker_api.o)(.constdata)
 <LI><a href="#[4f]">us_ticker_disable_interrupt</a> from mbed/TARGET_NUCLEO_F103RB/TOOLCHAIN_ARM_STD/us_ticker.o(i.us_ticker_disable_interrupt) referenced from mbed/TARGET_NUCLEO_F103RB/TOOLCHAIN_ARM_STD/mbed.ar(mbed_us_ticker_api.o)(.constdata)
 <LI><a href="#[52]">us_ticker_fire_interrupt</a> from mbed/TARGET_NUCLEO_F103RB/TOOLCHAIN_ARM_STD/us_ticker.o(i.us_ticker_fire_interrupt) referenced from mbed/TARGET_NUCLEO_F103RB/TOOLCHAIN_ARM_STD/mbed.ar(mbed_us_ticker_api.o)(.constdata)
 <LI><a href="#[53]">us_ticker_get_info</a> from mbed/TARGET_NUCLEO_F103RB/TOOLCHAIN_ARM_STD/us_ticker.o(i.us_ticker_get_info) referenced from mbed/TARGET_NUCLEO_F103RB/TOOLCHAIN_ARM_STD/mbed.ar(mbed_us_ticker_api.o)(.constdata)
 <LI><a href="#[4d]">us_ticker_init</a> from mbed/TARGET_NUCLEO_F103RB/TOOLCHAIN_ARM_STD/us_ticker.o(i.us_ticker_init) referenced from mbed/TARGET_NUCLEO_F103RB/TOOLCHAIN_ARM_STD/mbed.ar(mbed_us_ticker_api.o)(.constdata)
 <LI><a href="#[4e]">us_ticker_read</a> from mbed/TARGET_NUCLEO_F103RB/TOOLCHAIN_ARM_STD/us_ticker.o(i.us_ticker_read) referenced from mbed/TARGET_NUCLEO_F103RB/TOOLCHAIN_ARM_STD/mbed.ar(mbed_us_ticker_api.o)(.constdata)
 <LI><a href="#[51]">us_ticker_set_interrupt</a> from mbed/TARGET_NUCLEO_F103RB/TOOLCHAIN_ARM_STD/us_ticker.o(i.us_ticker_set_interrupt) referenced from mbed/TARGET_NUCLEO_F103RB/TOOLCHAIN_ARM_STD/mbed.ar(mbed_us_ticker_api.o)(.constdata)
</UL>
<P>
<H3>
Global Symbols
</H3>
<P><STRONG><a name="[61]"></a>__main</STRONG> (Thumb, 8 bytes, Stack size 0 bytes, C:\Keil_v5\ARM\ARMCC\Bin\..\lib\armlib\c_w.l(__main.o)(!!!main))
<BR><BR>[Calls]<UL><LI><a href="#[64]">&gt;&gt;</a>&nbsp;&nbsp;&nbsp;__rt_entry
<LI><a href="#[63]">&gt;&gt;</a>&nbsp;&nbsp;&nbsp;__scatterload
</UL>

<P><STRONG><a name="[63]"></a>__scatterload</STRONG> (Thumb, 0 bytes, Stack size unknown bytes, C:\Keil_v5\ARM\ARMCC\Bin\..\lib\armlib\c_w.l(__scatter.o)(!!!scatter))
<BR><BR>[Called By]<UL><LI><a href="#[61]">&gt;&gt;</a>&nbsp;&nbsp;&nbsp;__main
</UL>

<P><STRONG><a name="[65]"></a>__scatterload_rt2</STRONG> (Thumb, 44 bytes, Stack size unknown bytes, C:\Keil_v5\ARM\ARMCC\Bin\..\lib\armlib\c_w.l(__scatter.o)(!!!scatter), UNUSED)
<BR><BR>[Calls]<UL><LI><a href="#[64]">&gt;&gt;</a>&nbsp;&nbsp;&nbsp;__rt_entry
</UL>

<P><STRONG><a name="[167]"></a>__scatterload_rt2_thumb_only</STRONG> (Thumb, 0 bytes, Stack size unknown bytes, C:\Keil_v5\ARM\ARMCC\Bin\..\lib\armlib\c_w.l(__scatter.o)(!!!scatter), UNUSED)

<P><STRONG><a name="[168]"></a>__scatterload_null</STRONG> (Thumb, 0 bytes, Stack size unknown bytes, C:\Keil_v5\ARM\ARMCC\Bin\..\lib\armlib\c_w.l(__scatter.o)(!!!scatter), UNUSED)

<P><STRONG><a name="[66]"></a>__scatterload_copy</STRONG> (Thumb, 26 bytes, Stack size unknown bytes, C:\Keil_v5\ARM\ARMCC\Bin\..\lib\armlib\c_w.l(__scatter_copy.o)(!!handler_copy), UNUSED)
<BR><BR>[Calls]<UL><LI><a href="#[66]">&gt;&gt;</a>&nbsp;&nbsp;&nbsp;__scatterload_copy
</UL>
<BR>[Called By]<UL><LI><a href="#[66]">&gt;&gt;</a>&nbsp;&nbsp;&nbsp;__scatterload_copy
</UL>

<P><STRONG><a name="[169]"></a>__scatterload_zeroinit</STRONG> (Thumb, 28 bytes, Stack size unknown bytes, C:\Keil_v5\ARM\ARMCC\Bin\..\lib\armlib\c_w.l(__scatter_zi.o)(!!handler_zi), UNUSED)

<P><STRONG><a name="[67]"></a>_printf_n</STRONG> (Thumb, 0 bytes, Stack size unknown bytes, C:\Keil_v5\ARM\ARMCC\Bin\..\lib\armlib\c_w.l(_printf_n.o)(.ARM.Collect$$_printf_percent$$00000001))
<BR><BR>[Calls]<UL><LI><a href="#[68]">&gt;&gt;</a>&nbsp;&nbsp;&nbsp;_printf_charcount
</UL>

<P><STRONG><a name="[ab]"></a>_printf_percent</STRONG> (Thumb, 0 bytes, Stack size unknown bytes, C:\Keil_v5\ARM\ARMCC\Bin\..\lib\armlib\c_w.l(_printf_percent.o)(.ARM.Collect$$_printf_percent$$00000000))
<BR><BR>[Called By]<UL><LI><a href="#[a9]">&gt;&gt;</a>&nbsp;&nbsp;&nbsp;__printf
</UL>

<P><STRONG><a name="[69]"></a>_printf_p</STRONG> (Thumb, 0 bytes, Stack size unknown bytes, C:\Keil_v5\ARM\ARMCC\Bin\..\lib\armlib\c_w.l(_printf_p.o)(.ARM.Collect$$_printf_percent$$00000002))
<BR><BR>[Stack]<UL><LI>Max Depth = 64 + Unknown Stack Size
<LI>Call Chain = _printf_p &rArr; _printf_hex_ptr &rArr; _printf_longlong_hex &rArr; _printf_int_common &rArr; _printf_post_padding
</UL>
<BR>[Calls]<UL><LI><a href="#[6a]">&gt;&gt;</a>&nbsp;&nbsp;&nbsp;_printf_hex_ptr
</UL>

<P><STRONG><a name="[6b]"></a>_printf_f</STRONG> (Thumb, 0 bytes, Stack size unknown bytes, C:\Keil_v5\ARM\ARMCC\Bin\..\lib\armlib\c_w.l(_printf_f.o)(.ARM.Collect$$_printf_percent$$00000003))
<BR><BR>[Stack]<UL><LI>Max Depth = 320 + Unknown Stack Size
<LI>Call Chain = _printf_f &rArr; _printf_fp_dec &rArr; _printf_fp_dec_real &rArr; _fp_digits &rArr; _btod_etento &rArr; _btod_emul &rArr; _e2e
</UL>
<BR>[Calls]<UL><LI><a href="#[6c]">&gt;&gt;</a>&nbsp;&nbsp;&nbsp;_printf_fp_dec
</UL>

<P><STRONG><a name="[6d]"></a>_printf_e</STRONG> (Thumb, 0 bytes, Stack size unknown bytes, C:\Keil_v5\ARM\ARMCC\Bin\..\lib\armlib\c_w.l(_printf_e.o)(.ARM.Collect$$_printf_percent$$00000004))
<BR><BR>[Stack]<UL><LI>Max Depth = 320 + Unknown Stack Size
<LI>Call Chain = _printf_e &rArr; _printf_fp_dec &rArr; _printf_fp_dec_real &rArr; _fp_digits &rArr; _btod_etento &rArr; _btod_emul &rArr; _e2e
</UL>
<BR>[Calls]<UL><LI><a href="#[6c]">&gt;&gt;</a>&nbsp;&nbsp;&nbsp;_printf_fp_dec
</UL>

<P><STRONG><a name="[6e]"></a>_printf_g</STRONG> (Thumb, 0 bytes, Stack size unknown bytes, C:\Keil_v5\ARM\ARMCC\Bin\..\lib\armlib\c_w.l(_printf_g.o)(.ARM.Collect$$_printf_percent$$00000005))
<BR><BR>[Stack]<UL><LI>Max Depth = 320 + Unknown Stack Size
<LI>Call Chain = _printf_g &rArr; _printf_fp_dec &rArr; _printf_fp_dec_real &rArr; _fp_digits &rArr; _btod_etento &rArr; _btod_emul &rArr; _e2e
</UL>
<BR>[Calls]<UL><LI><a href="#[6c]">&gt;&gt;</a>&nbsp;&nbsp;&nbsp;_printf_fp_dec
</UL>

<P><STRONG><a name="[6f]"></a>_printf_a</STRONG> (Thumb, 0 bytes, Stack size unknown bytes, C:\Keil_v5\ARM\ARMCC\Bin\..\lib\armlib\c_w.l(_printf_a.o)(.ARM.Collect$$_printf_percent$$00000006))
<BR><BR>[Stack]<UL><LI>Max Depth = 112 + Unknown Stack Size
<LI>Call Chain = _printf_a &rArr; _printf_fp_hex &rArr; _printf_fp_hex_real &rArr; _printf_fp_infnan &rArr; _printf_post_padding
</UL>
<BR>[Calls]<UL><LI><a href="#[70]">&gt;&gt;</a>&nbsp;&nbsp;&nbsp;_printf_fp_hex
</UL>

<P><STRONG><a name="[16a]"></a>_printf_ll</STRONG> (Thumb, 0 bytes, Stack size unknown bytes, C:\Keil_v5\ARM\ARMCC\Bin\..\lib\armlib\c_w.l(_printf_ll.o)(.ARM.Collect$$_printf_percent$$00000007))

<P><STRONG><a name="[71]"></a>_printf_i</STRONG> (Thumb, 0 bytes, Stack size unknown bytes, C:\Keil_v5\ARM\ARMCC\Bin\..\lib\armlib\c_w.l(_printf_i.o)(.ARM.Collect$$_printf_percent$$00000008))
<BR><BR>[Stack]<UL><LI>Max Depth = 72 + Unknown Stack Size
<LI>Call Chain = _printf_i &rArr; _printf_int_dec &rArr; _printf_int_common &rArr; _printf_post_padding
</UL>
<BR>[Calls]<UL><LI><a href="#[72]">&gt;&gt;</a>&nbsp;&nbsp;&nbsp;_printf_int_dec
</UL>

<P><STRONG><a name="[73]"></a>_printf_d</STRONG> (Thumb, 0 bytes, Stack size unknown bytes, C:\Keil_v5\ARM\ARMCC\Bin\..\lib\armlib\c_w.l(_printf_d.o)(.ARM.Collect$$_printf_percent$$00000009))
<BR><BR>[Stack]<UL><LI>Max Depth = 72 + Unknown Stack Size
<LI>Call Chain = _printf_d &rArr; _printf_int_dec &rArr; _printf_int_common &rArr; _printf_post_padding
</UL>
<BR>[Calls]<UL><LI><a href="#[72]">&gt;&gt;</a>&nbsp;&nbsp;&nbsp;_printf_int_dec
</UL>

<P><STRONG><a name="[74]"></a>_printf_u</STRONG> (Thumb, 0 bytes, Stack size unknown bytes, C:\Keil_v5\ARM\ARMCC\Bin\..\lib\armlib\c_w.l(_printf_u.o)(.ARM.Collect$$_printf_percent$$0000000A))
<BR><BR>[Stack]<UL><LI>Max Depth = 72 + Unknown Stack Size
<LI>Call Chain = _printf_u &rArr; _printf_int_dec &rArr; _printf_int_common &rArr; _printf_post_padding
</UL>
<BR>[Calls]<UL><LI><a href="#[72]">&gt;&gt;</a>&nbsp;&nbsp;&nbsp;_printf_int_dec
</UL>

<P><STRONG><a name="[75]"></a>_printf_o</STRONG> (Thumb, 0 bytes, Stack size unknown bytes, C:\Keil_v5\ARM\ARMCC\Bin\..\lib\armlib\c_w.l(_printf_o.o)(.ARM.Collect$$_printf_percent$$0000000B))
<BR><BR>[Stack]<UL><LI>Max Depth = 64 + Unknown Stack Size
<LI>Call Chain = _printf_o &rArr; _printf_int_oct &rArr; _printf_longlong_oct &rArr; _printf_int_common &rArr; _printf_post_padding
</UL>
<BR>[Calls]<UL><LI><a href="#[76]">&gt;&gt;</a>&nbsp;&nbsp;&nbsp;_printf_int_oct
</UL>

<P><STRONG><a name="[77]"></a>_printf_x</STRONG> (Thumb, 0 bytes, Stack size unknown bytes, C:\Keil_v5\ARM\ARMCC\Bin\..\lib\armlib\c_w.l(_printf_x.o)(.ARM.Collect$$_printf_percent$$0000000C))
<BR><BR>[Stack]<UL><LI>Max Depth = 80 + Unknown Stack Size
<LI>Call Chain = _printf_x &rArr; _printf_int_hex &rArr; _printf_longlong_hex &rArr; _printf_int_common &rArr; _printf_post_padding
</UL>
<BR>[Calls]<UL><LI><a href="#[78]">&gt;&gt;</a>&nbsp;&nbsp;&nbsp;_printf_int_hex
</UL>

<P><STRONG><a name="[79]"></a>_printf_lli</STRONG> (Thumb, 0 bytes, Stack size unknown bytes, C:\Keil_v5\ARM\ARMCC\Bin\..\lib\armlib\c_w.l(_printf_lli.o)(.ARM.Collect$$_printf_percent$$0000000D))
<BR><BR>[Stack]<UL><LI>Max Depth = 72 + Unknown Stack Size
<LI>Call Chain = _printf_lli &rArr; _printf_longlong_dec &rArr; _printf_int_common &rArr; _printf_post_padding
</UL>
<BR>[Calls]<UL><LI><a href="#[7a]">&gt;&gt;</a>&nbsp;&nbsp;&nbsp;_printf_longlong_dec
</UL>

<P><STRONG><a name="[7b]"></a>_printf_lld</STRONG> (Thumb, 0 bytes, Stack size unknown bytes, C:\Keil_v5\ARM\ARMCC\Bin\..\lib\armlib\c_w.l(_printf_lld.o)(.ARM.Collect$$_printf_percent$$0000000E))
<BR><BR>[Stack]<UL><LI>Max Depth = 72 + Unknown Stack Size
<LI>Call Chain = _printf_lld &rArr; _printf_longlong_dec &rArr; _printf_int_common &rArr; _printf_post_padding
</UL>
<BR>[Calls]<UL><LI><a href="#[7a]">&gt;&gt;</a>&nbsp;&nbsp;&nbsp;_printf_longlong_dec
</UL>

<P><STRONG><a name="[7c]"></a>_printf_llu</STRONG> (Thumb, 0 bytes, Stack size unknown bytes, C:\Keil_v5\ARM\ARMCC\Bin\..\lib\armlib\c_w.l(_printf_llu.o)(.ARM.Collect$$_printf_percent$$0000000F))
<BR><BR>[Stack]<UL><LI>Max Depth = 72 + Unknown Stack Size
<LI>Call Chain = _printf_llu &rArr; _printf_longlong_dec &rArr; _printf_int_common &rArr; _printf_post_padding
</UL>
<BR>[Calls]<UL><LI><a href="#[7a]">&gt;&gt;</a>&nbsp;&nbsp;&nbsp;_printf_longlong_dec
</UL>

<P><STRONG><a name="[7d]"></a>_printf_llo</STRONG> (Thumb, 0 bytes, Stack size unknown bytes, C:\Keil_v5\ARM\ARMCC\Bin\..\lib\armlib\c_w.l(_printf_llo.o)(.ARM.Collect$$_printf_percent$$00000010))
<BR><BR>[Stack]<UL><LI>Max Depth = 56 + Unknown Stack Size
<LI>Call Chain = _printf_llo &rArr; _printf_ll_oct &rArr; _printf_longlong_oct &rArr; _printf_int_common &rArr; _printf_post_padding
</UL>
<BR>[Calls]<UL><LI><a href="#[7e]">&gt;&gt;</a>&nbsp;&nbsp;&nbsp;_printf_ll_oct
</UL>

<P><STRONG><a name="[7f]"></a>_printf_llx</STRONG> (Thumb, 0 bytes, Stack size unknown bytes, C:\Keil_v5\ARM\ARMCC\Bin\..\lib\armlib\c_w.l(_printf_llx.o)(.ARM.Collect$$_printf_percent$$00000011))
<BR><BR>[Stack]<UL><LI>Max Depth = 64 + Unknown Stack Size
<LI>Call Chain = _printf_llx &rArr; _printf_ll_hex &rArr; _printf_longlong_hex &rArr; _printf_int_common &rArr; _printf_post_padding
</UL>
<BR>[Calls]<UL><LI><a href="#[80]">&gt;&gt;</a>&nbsp;&nbsp;&nbsp;_printf_ll_hex
</UL>

<P><STRONG><a name="[16b]"></a>_printf_l</STRONG> (Thumb, 0 bytes, Stack size unknown bytes, C:\Keil_v5\ARM\ARMCC\Bin\..\lib\armlib\c_w.l(_printf_l.o)(.ARM.Collect$$_printf_percent$$00000012))

<P><STRONG><a name="[81]"></a>_printf_c</STRONG> (Thumb, 0 bytes, Stack size unknown bytes, C:\Keil_v5\ARM\ARMCC\Bin\..\lib\armlib\c_w.l(_printf_c.o)(.ARM.Collect$$_printf_percent$$00000013))
<BR><BR>[Stack]<UL><LI>Max Depth = 40 + Unknown Stack Size
<LI>Call Chain = _printf_c &rArr; _printf_char &rArr; _printf_cs_common &rArr; _printf_str &rArr; _printf_post_padding
</UL>
<BR>[Calls]<UL><LI><a href="#[82]">&gt;&gt;</a>&nbsp;&nbsp;&nbsp;_printf_char
</UL>

<P><STRONG><a name="[83]"></a>_printf_s</STRONG> (Thumb, 0 bytes, Stack size unknown bytes, C:\Keil_v5\ARM\ARMCC\Bin\..\lib\armlib\c_w.l(_printf_s.o)(.ARM.Collect$$_printf_percent$$00000014))
<BR><BR>[Stack]<UL><LI>Max Depth = 40 + Unknown Stack Size
<LI>Call Chain = _printf_s &rArr; _printf_string &rArr; _printf_cs_common &rArr; _printf_str &rArr; _printf_post_padding
</UL>
<BR>[Calls]<UL><LI><a href="#[84]">&gt;&gt;</a>&nbsp;&nbsp;&nbsp;_printf_string
</UL>

<P><STRONG><a name="[85]"></a>_printf_lc</STRONG> (Thumb, 0 bytes, Stack size unknown bytes, C:\Keil_v5\ARM\ARMCC\Bin\..\lib\armlib\c_w.l(_printf_lc.o)(.ARM.Collect$$_printf_percent$$00000015))
<BR><BR>[Stack]<UL><LI>Max Depth = 88 + Unknown Stack Size
<LI>Call Chain = _printf_lc &rArr; _printf_wchar &rArr; _printf_lcs_common &rArr; _printf_wctomb &rArr; _wcrtomb &rArr; __rt_ctype_table
</UL>
<BR>[Calls]<UL><LI><a href="#[86]">&gt;&gt;</a>&nbsp;&nbsp;&nbsp;_printf_wchar
</UL>

<P><STRONG><a name="[87]"></a>_printf_ls</STRONG> (Thumb, 0 bytes, Stack size unknown bytes, C:\Keil_v5\ARM\ARMCC\Bin\..\lib\armlib\c_w.l(_printf_ls.o)(.ARM.Collect$$_printf_percent$$00000016))
<BR><BR>[Stack]<UL><LI>Max Depth = 88 + Unknown Stack Size
<LI>Call Chain = _printf_ls &rArr; _printf_wstring &rArr; _printf_lcs_common &rArr; _printf_wctomb &rArr; _wcrtomb &rArr; __rt_ctype_table
</UL>
<BR>[Calls]<UL><LI><a href="#[88]">&gt;&gt;</a>&nbsp;&nbsp;&nbsp;_printf_wstring
</UL>

<P><STRONG><a name="[16c]"></a>_printf_percent_end</STRONG> (Thumb, 0 bytes, Stack size unknown bytes, C:\Keil_v5\ARM\ARMCC\Bin\..\lib\armlib\c_w.l(_printf_percent_end.o)(.ARM.Collect$$_printf_percent$$00000017))

<P><STRONG><a name="[98]"></a>__rt_lib_init</STRONG> (Thumb, 0 bytes, Stack size unknown bytes, C:\Keil_v5\ARM\ARMCC\Bin\..\lib\armlib\c_w.l(libinit.o)(.ARM.Collect$$libinit$$00000000))
<BR><BR>[Called By]<UL><LI><a href="#[97]">&gt;&gt;</a>&nbsp;&nbsp;&nbsp;__rt_entry_li
</UL>

<P><STRONG><a name="[16d]"></a>__rt_lib_init_fp_1</STRONG> (Thumb, 0 bytes, Stack size unknown bytes, C:\Keil_v5\ARM\ARMCC\Bin\..\lib\armlib\c_w.l(libinit2.o)(.ARM.Collect$$libinit$$00000002))

<P><STRONG><a name="[89]"></a>__rt_lib_init_heap_2</STRONG> (Thumb, 0 bytes, Stack size unknown bytes, C:\Keil_v5\ARM\ARMCC\Bin\..\lib\armlib\c_w.l(libinit2.o)(.ARM.Collect$$libinit$$00000005))
<BR><BR>[Stack]<UL><LI>Max Depth = 64 + Unknown Stack Size
<LI>Call Chain = __rt_lib_init_heap_2 &rArr; _init_alloc &rArr; __rt_SIGRTMEM &rArr; __rt_SIGRTMEM_inner &rArr; __default_signal_display &rArr; _ttywrch
</UL>
<BR>[Calls]<UL><LI><a href="#[8a]">&gt;&gt;</a>&nbsp;&nbsp;&nbsp;_init_alloc
</UL>

<P><STRONG><a name="[16e]"></a>__rt_lib_init_preinit_1</STRONG> (Thumb, 0 bytes, Stack size unknown bytes, C:\Keil_v5\ARM\ARMCC\Bin\..\lib\armlib\c_w.l(libinit2.o)(.ARM.Collect$$libinit$$00000004))

<P><STRONG><a name="[16f]"></a>__rt_lib_init_heap_1</STRONG> (Thumb, 0 bytes, Stack size unknown bytes, C:\Keil_v5\ARM\ARMCC\Bin\..\lib\armlib\c_w.l(libinit2.o)(.ARM.Collect$$libinit$$0000000A))

<P><STRONG><a name="[8b]"></a>__rt_lib_init_lc_common</STRONG> (Thumb, 0 bytes, Stack size unknown bytes, C:\Keil_v5\ARM\ARMCC\Bin\..\lib\armlib\c_w.l(libinit2.o)(.ARM.Collect$$libinit$$0000000F))
<BR><BR>[Calls]<UL><LI><a href="#[8c]">&gt;&gt;</a>&nbsp;&nbsp;&nbsp;__rt_locale
</UL>

<P><STRONG><a name="[170]"></a>__rt_lib_init_rand_1</STRONG> (Thumb, 0 bytes, Stack size unknown bytes, C:\Keil_v5\ARM\ARMCC\Bin\..\lib\armlib\c_w.l(libinit2.o)(.ARM.Collect$$libinit$$0000000E))

<P><STRONG><a name="[171]"></a>__rt_lib_init_user_alloc_1</STRONG> (Thumb, 0 bytes, Stack size unknown bytes, C:\Keil_v5\ARM\ARMCC\Bin\..\lib\armlib\c_w.l(libinit2.o)(.ARM.Collect$$libinit$$0000000C))

<P><STRONG><a name="[172]"></a>__rt_lib_init_lc_collate_1</STRONG> (Thumb, 0 bytes, Stack size unknown bytes, C:\Keil_v5\ARM\ARMCC\Bin\..\lib\armlib\c_w.l(libinit2.o)(.ARM.Collect$$libinit$$00000011))

<P><STRONG><a name="[8d]"></a>__rt_lib_init_lc_ctype_2</STRONG> (Thumb, 0 bytes, Stack size unknown bytes, C:\Keil_v5\ARM\ARMCC\Bin\..\lib\armlib\c_w.l(libinit2.o)(.ARM.Collect$$libinit$$00000012))
<BR><BR>[Stack]<UL><LI>Max Depth = 8 + Unknown Stack Size
<LI>Call Chain = __rt_lib_init_lc_ctype_2 &rArr; _get_lc_ctype
</UL>
<BR>[Calls]<UL><LI><a href="#[47]">&gt;&gt;</a>&nbsp;&nbsp;&nbsp;_get_lc_ctype
</UL>

<P><STRONG><a name="[173]"></a>__rt_lib_init_lc_ctype_1</STRONG> (Thumb, 0 bytes, Stack size unknown bytes, C:\Keil_v5\ARM\ARMCC\Bin\..\lib\armlib\c_w.l(libinit2.o)(.ARM.Collect$$libinit$$00000013))

<P><STRONG><a name="[174]"></a>__rt_lib_init_lc_monetary_1</STRONG> (Thumb, 0 bytes, Stack size unknown bytes, C:\Keil_v5\ARM\ARMCC\Bin\..\lib\armlib\c_w.l(libinit2.o)(.ARM.Collect$$libinit$$00000015))

<P><STRONG><a name="[8e]"></a>__rt_lib_init_lc_numeric_2</STRONG> (Thumb, 0 bytes, Stack size unknown bytes, C:\Keil_v5\ARM\ARMCC\Bin\..\lib\armlib\c_w.l(libinit2.o)(.ARM.Collect$$libinit$$00000016))
<BR><BR>[Stack]<UL><LI>Max Depth = 8 + Unknown Stack Size
<LI>Call Chain = __rt_lib_init_lc_numeric_2 &rArr; _get_lc_numeric
</UL>
<BR>[Calls]<UL><LI><a href="#[8f]">&gt;&gt;</a>&nbsp;&nbsp;&nbsp;_get_lc_numeric
</UL>

<P><STRONG><a name="[175]"></a>__rt_lib_init_atexit_1</STRONG> (Thumb, 0 bytes, Stack size unknown bytes, C:\Keil_v5\ARM\ARMCC\Bin\..\lib\armlib\c_w.l(libinit2.o)(.ARM.Collect$$libinit$$0000001B))

<P><STRONG><a name="[176]"></a>__rt_lib_init_clock_1</STRONG> (Thumb, 0 bytes, Stack size unknown bytes, C:\Keil_v5\ARM\ARMCC\Bin\..\lib\armlib\c_w.l(libinit2.o)(.ARM.Collect$$libinit$$00000021))

<P><STRONG><a name="[177]"></a>__rt_lib_init_fp_trap_1</STRONG> (Thumb, 0 bytes, Stack size unknown bytes, C:\Keil_v5\ARM\ARMCC\Bin\..\lib\armlib\c_w.l(libinit2.o)(.ARM.Collect$$libinit$$0000001F))

<P><STRONG><a name="[178]"></a>__rt_lib_init_getenv_1</STRONG> (Thumb, 0 bytes, Stack size unknown bytes, C:\Keil_v5\ARM\ARMCC\Bin\..\lib\armlib\c_w.l(libinit2.o)(.ARM.Collect$$libinit$$00000023))

<P><STRONG><a name="[179]"></a>__rt_lib_init_lc_numeric_1</STRONG> (Thumb, 0 bytes, Stack size unknown bytes, C:\Keil_v5\ARM\ARMCC\Bin\..\lib\armlib\c_w.l(libinit2.o)(.ARM.Collect$$libinit$$00000017))

<P><STRONG><a name="[17a]"></a>__rt_lib_init_lc_time_1</STRONG> (Thumb, 0 bytes, Stack size unknown bytes, C:\Keil_v5\ARM\ARMCC\Bin\..\lib\armlib\c_w.l(libinit2.o)(.ARM.Collect$$libinit$$00000019))

<P><STRONG><a name="[17b]"></a>__rt_lib_init_signal_1</STRONG> (Thumb, 0 bytes, Stack size unknown bytes, C:\Keil_v5\ARM\ARMCC\Bin\..\lib\armlib\c_w.l(libinit2.o)(.ARM.Collect$$libinit$$0000001D))

<P><STRONG><a name="[90]"></a>__rt_lib_init_stdio_2</STRONG> (Thumb, 0 bytes, Stack size unknown bytes, C:\Keil_v5\ARM\ARMCC\Bin\..\lib\armlib\c_w.l(libinit2.o)(.ARM.Collect$$libinit$$00000024))
<BR><BR>[Stack]<UL><LI>Max Depth = 832 + Unknown Stack Size
<LI>Call Chain = __rt_lib_init_stdio_2 &rArr; _initio &rArr; freopen &rArr; _sys_open &rArr; open &rArr; mbed::FilePath::FilePath(const char*) &rArr; mbed::FileBase::lookup(const char*, unsigned) &rArr; SingletonPtr&lang;PlatformMutex&rang;::operator -&rang;() &rArr; mbed_assert_internal &rArr; mbed_die &rArr; gpio_init_out &rArr; gpio_init &rArr; pin_function &rArr;  mbed_assert_internal (Cycle)
</UL>
<BR>[Calls]<UL><LI><a href="#[91]">&gt;&gt;</a>&nbsp;&nbsp;&nbsp;_initio
</UL>

<P><STRONG><a name="[17c]"></a>__rt_lib_init_alloca_1</STRONG> (Thumb, 0 bytes, Stack size unknown bytes, C:\Keil_v5\ARM\ARMCC\Bin\..\lib\armlib\c_w.l(libinit2.o)(.ARM.Collect$$libinit$$0000002E))

<P><STRONG><a name="[17d]"></a>__rt_lib_init_argv_1</STRONG> (Thumb, 0 bytes, Stack size unknown bytes, C:\Keil_v5\ARM\ARMCC\Bin\..\lib\armlib\c_w.l(libinit2.o)(.ARM.Collect$$libinit$$0000002C))

<P><STRONG><a name="[92]"></a>__rt_lib_init_cpp_2</STRONG> (Thumb, 0 bytes, Stack size unknown bytes, C:\Keil_v5\ARM\ARMCC\Bin\..\lib\armlib\c_w.l(libinit2.o)(.ARM.Collect$$libinit$$00000031))
<BR><BR>[Stack]<UL><LI>Max Depth = 16 + Unknown Stack Size
<LI>Call Chain = __rt_lib_init_cpp_2 &rArr; __cpp_initialize__aeabi_
</UL>
<BR>[Calls]<UL><LI><a href="#[62]">&gt;&gt;</a>&nbsp;&nbsp;&nbsp;__cpp_initialize__aeabi_
</UL>

<P><STRONG><a name="[17e]"></a>__rt_lib_init_exceptions_1</STRONG> (Thumb, 0 bytes, Stack size unknown bytes, C:\Keil_v5\ARM\ARMCC\Bin\..\lib\armlib\c_w.l(libinit2.o)(.ARM.Collect$$libinit$$00000030))

<P><STRONG><a name="[17f]"></a>__rt_lib_init_stdio_1</STRONG> (Thumb, 0 bytes, Stack size unknown bytes, C:\Keil_v5\ARM\ARMCC\Bin\..\lib\armlib\c_w.l(libinit2.o)(.ARM.Collect$$libinit$$00000025))

<P><STRONG><a name="[180]"></a>__rt_lib_init_cpp_1</STRONG> (Thumb, 0 bytes, Stack size unknown bytes, C:\Keil_v5\ARM\ARMCC\Bin\..\lib\armlib\c_w.l(libinit2.o)(.ARM.Collect$$libinit$$00000032))

<P><STRONG><a name="[181]"></a>__rt_lib_init_return</STRONG> (Thumb, 0 bytes, Stack size unknown bytes, C:\Keil_v5\ARM\ARMCC\Bin\..\lib\armlib\c_w.l(libinit2.o)(.ARM.Collect$$libinit$$00000033))

<P><STRONG><a name="[64]"></a>__rt_entry</STRONG> (Thumb, 0 bytes, Stack size unknown bytes, C:\Keil_v5\ARM\ARMCC\Bin\..\lib\armlib\c_w.l(__rtentry.o)(.ARM.Collect$$rtentry$$00000000))
<BR><BR>[Called By]<UL><LI><a href="#[61]">&gt;&gt;</a>&nbsp;&nbsp;&nbsp;__main
<LI><a href="#[65]">&gt;&gt;</a>&nbsp;&nbsp;&nbsp;__scatterload_rt2
</UL>

<P><STRONG><a name="[182]"></a>__rt_entry_presh_1</STRONG> (Thumb, 0 bytes, Stack size unknown bytes, C:\Keil_v5\ARM\ARMCC\Bin\..\lib\armlib\c_w.l(__rtentry2.o)(.ARM.Collect$$rtentry$$00000002))

<P><STRONG><a name="[93]"></a>__rt_entry_sh</STRONG> (Thumb, 0 bytes, Stack size unknown bytes, C:\Keil_v5\ARM\ARMCC\Bin\..\lib\armlib\c_w.l(__rtentry4.o)(.ARM.Collect$$rtentry$$00000004))
<BR><BR>[Stack]<UL><LI>Max Depth = 8 + Unknown Stack Size
<LI>Call Chain = __rt_entry_sh &rArr; __user_setup_stackheap
</UL>
<BR>[Calls]<UL><LI><a href="#[94]">&gt;&gt;</a>&nbsp;&nbsp;&nbsp;__user_setup_stackheap
</UL>

<P><STRONG><a name="[183]"></a>__rt_lib_shutdown_stdio_2</STRONG> (Thumb, 0 bytes, Stack size unknown bytes, C:\Keil_v5\ARM\ARMCC\Bin\..\lib\armlib\c_w.l(libshutdown2.o)(.ARM.Collect$$libshutdown$$00000003))

<P><STRONG><a name="[95]"></a>__rt_entry_postsh_1</STRONG> (Thumb, 0 bytes, Stack size unknown bytes, C:\Keil_v5\ARM\ARMCC\Bin\..\lib\armlib\c_w.l(__rtentry2.o)(.ARM.Collect$$rtentry$$00000008))
<BR><BR>[Stack]<UL><LI>Max Depth = 872 + Unknown Stack Size
<LI>Call Chain = __rt_entry_postsh_1 &rArr; _platform_post_stackheap_init &rArr; mbed_sdk_init &rArr; SetSysClock &rArr; HAL_RCC_ClockConfig &rArr; HAL_GetTick &rArr; ticker_read_us &rArr; core_util_critical_section_exit &rArr; hal_critical_section_exit &rArr; mbed_assert_internal &rArr; mbed_die &rArr; gpio_init_out &rArr; gpio_init &rArr; pin_function &rArr;  mbed_assert_internal (Cycle)
</UL>
<BR>[Calls]<UL><LI><a href="#[96]">&gt;&gt;</a>&nbsp;&nbsp;&nbsp;_platform_post_stackheap_init
</UL>

<P><STRONG><a name="[97]"></a>__rt_entry_li</STRONG> (Thumb, 0 bytes, Stack size unknown bytes, C:\Keil_v5\ARM\ARMCC\Bin\..\lib\armlib\c_w.l(__rtentry2.o)(.ARM.Collect$$rtentry$$0000000A))
<BR><BR>[Calls]<UL><LI><a href="#[98]">&gt;&gt;</a>&nbsp;&nbsp;&nbsp;__rt_lib_init
</UL>

<P><STRONG><a name="[99]"></a>__rt_entry_main</STRONG> (Thumb, 0 bytes, Stack size unknown bytes, C:\Keil_v5\ARM\ARMCC\Bin\..\lib\armlib\c_w.l(__rtentry2.o)(.ARM.Collect$$rtentry$$0000000D))
<BR><BR>[Stack]<UL><LI>Max Depth = 872 + Unknown Stack Size
<LI>Call Chain = __rt_entry_main &rArr; main &rArr; $Super$$main &rArr; setup() &rArr; stepperMotor::init() &rArr; mbed::Ticker::attach_us(mbed::Callback&lang;void()&rang;, unsigned long long) &rArr; mbed::Ticker::setup(unsigned long long) &rArr; mbed::TimerEvent::insert_absolute(unsigned long long) &rArr; ticker_insert_event_us &rArr; core_util_critical_section_exit &rArr; hal_critical_section_exit &rArr; mbed_assert_internal &rArr; mbed_die &rArr; gpio_init_out &rArr; gpio_init &rArr; pin_function &rArr;  mbed_assert_internal (Cycle)
</UL>
<BR>[Calls]<UL><LI><a href="#[9a]">&gt;&gt;</a>&nbsp;&nbsp;&nbsp;main
<LI><a href="#[9b]">&gt;&gt;</a>&nbsp;&nbsp;&nbsp;exit
</UL>

<P><STRONG><a name="[184]"></a>__rt_entry_postli_1</STRONG> (Thumb, 0 bytes, Stack size unknown bytes, C:\Keil_v5\ARM\ARMCC\Bin\..\lib\armlib\c_w.l(__rtentry2.o)(.ARM.Collect$$rtentry$$0000000C))

<P><STRONG><a name="[d]"></a>Reset_Handler</STRONG> (Thumb, 8 bytes, Stack size 0 bytes, mbed/TARGET_NUCLEO_F103RB/TOOLCHAIN_ARM_STD/startup_stm32f103xb.o(.text))
<BR>[Address Reference Count : 1]<UL><LI> startup_stm32f103xb.o(RESET)
</UL>
<P><STRONG><a name="[185]"></a>_maybe_terminate_alloc</STRONG> (Thumb, 0 bytes, Stack size 0 bytes, C:\Keil_v5\ARM\ARMCC\Bin\..\lib\armlib\c_w.l(maybetermalloc1.o)(.emb_text), UNUSED)

<P><STRONG><a name="[e]"></a>NMI_Handler</STRONG> (Thumb, 2 bytes, Stack size 0 bytes, mbed/TARGET_NUCLEO_F103RB/TOOLCHAIN_ARM_STD/startup_stm32f103xb.o(.text))
<BR><BR>[Calls]<UL><LI><a href="#[e]">&gt;&gt;</a>&nbsp;&nbsp;&nbsp;NMI_Handler
</UL>
<BR>[Called By]<UL><LI><a href="#[e]">&gt;&gt;</a>&nbsp;&nbsp;&nbsp;NMI_Handler
</UL>
<BR>[Address Reference Count : 1]<UL><LI> startup_stm32f103xb.o(RESET)
</UL>
<P><STRONG><a name="[f]"></a>HardFault_Handler</STRONG> (Thumb, 2 bytes, Stack size 0 bytes, mbed/TARGET_NUCLEO_F103RB/TOOLCHAIN_ARM_STD/startup_stm32f103xb.o(.text))
<BR><BR>[Calls]<UL><LI><a href="#[f]">&gt;&gt;</a>&nbsp;&nbsp;&nbsp;HardFault_Handler
</UL>
<BR>[Called By]<UL><LI><a href="#[f]">&gt;&gt;</a>&nbsp;&nbsp;&nbsp;HardFault_Handler
</UL>
<BR>[Address Reference Count : 1]<UL><LI> startup_stm32f103xb.o(RESET)
</UL>
<P><STRONG><a name="[10]"></a>MemManage_Handler</STRONG> (Thumb, 2 bytes, Stack size 0 bytes, mbed/TARGET_NUCLEO_F103RB/TOOLCHAIN_ARM_STD/startup_stm32f103xb.o(.text))
<BR><BR>[Calls]<UL><LI><a href="#[10]">&gt;&gt;</a>&nbsp;&nbsp;&nbsp;MemManage_Handler
</UL>
<BR>[Called By]<UL><LI><a href="#[10]">&gt;&gt;</a>&nbsp;&nbsp;&nbsp;MemManage_Handler
</UL>
<BR>[Address Reference Count : 1]<UL><LI> startup_stm32f103xb.o(RESET)
</UL>
<P><STRONG><a name="[11]"></a>BusFault_Handler</STRONG> (Thumb, 2 bytes, Stack size 0 bytes, mbed/TARGET_NUCLEO_F103RB/TOOLCHAIN_ARM_STD/startup_stm32f103xb.o(.text))
<BR><BR>[Calls]<UL><LI><a href="#[11]">&gt;&gt;</a>&nbsp;&nbsp;&nbsp;BusFault_Handler
</UL>
<BR>[Called By]<UL><LI><a href="#[11]">&gt;&gt;</a>&nbsp;&nbsp;&nbsp;BusFault_Handler
</UL>
<BR>[Address Reference Count : 1]<UL><LI> startup_stm32f103xb.o(RESET)
</UL>
<P><STRONG><a name="[12]"></a>UsageFault_Handler</STRONG> (Thumb, 2 bytes, Stack size 0 bytes, mbed/TARGET_NUCLEO_F103RB/TOOLCHAIN_ARM_STD/startup_stm32f103xb.o(.text))
<BR><BR>[Calls]<UL><LI><a href="#[12]">&gt;&gt;</a>&nbsp;&nbsp;&nbsp;UsageFault_Handler
</UL>
<BR>[Called By]<UL><LI><a href="#[12]">&gt;&gt;</a>&nbsp;&nbsp;&nbsp;UsageFault_Handler
</UL>
<BR>[Address Reference Count : 1]<UL><LI> startup_stm32f103xb.o(RESET)
</UL>
<P><STRONG><a name="[13]"></a>SVC_Handler</STRONG> (Thumb, 2 bytes, Stack size 0 bytes, mbed/TARGET_NUCLEO_F103RB/TOOLCHAIN_ARM_STD/startup_stm32f103xb.o(.text))
<BR><BR>[Calls]<UL><LI><a href="#[13]">&gt;&gt;</a>&nbsp;&nbsp;&nbsp;SVC_Handler
</UL>
<BR>[Called By]<UL><LI><a href="#[13]">&gt;&gt;</a>&nbsp;&nbsp;&nbsp;SVC_Handler
</UL>
<BR>[Address Reference Count : 1]<UL><LI> startup_stm32f103xb.o(RESET)
</UL>
<P><STRONG><a name="[14]"></a>DebugMon_Handler</STRONG> (Thumb, 2 bytes, Stack size 0 bytes, mbed/TARGET_NUCLEO_F103RB/TOOLCHAIN_ARM_STD/startup_stm32f103xb.o(.text))
<BR><BR>[Calls]<UL><LI><a href="#[14]">&gt;&gt;</a>&nbsp;&nbsp;&nbsp;DebugMon_Handler
</UL>
<BR>[Called By]<UL><LI><a href="#[14]">&gt;&gt;</a>&nbsp;&nbsp;&nbsp;DebugMon_Handler
</UL>
<BR>[Address Reference Count : 1]<UL><LI> startup_stm32f103xb.o(RESET)
</UL>
<P><STRONG><a name="[15]"></a>PendSV_Handler</STRONG> (Thumb, 2 bytes, Stack size 0 bytes, mbed/TARGET_NUCLEO_F103RB/TOOLCHAIN_ARM_STD/startup_stm32f103xb.o(.text))
<BR><BR>[Calls]<UL><LI><a href="#[15]">&gt;&gt;</a>&nbsp;&nbsp;&nbsp;PendSV_Handler
</UL>
<BR>[Called By]<UL><LI><a href="#[15]">&gt;&gt;</a>&nbsp;&nbsp;&nbsp;PendSV_Handler
</UL>
<BR>[Address Reference Count : 1]<UL><LI> startup_stm32f103xb.o(RESET)
</UL>
<P><STRONG><a name="[16]"></a>SysTick_Handler</STRONG> (Thumb, 2 bytes, Stack size 0 bytes, mbed/TARGET_NUCLEO_F103RB/TOOLCHAIN_ARM_STD/startup_stm32f103xb.o(.text))
<BR><BR>[Calls]<UL><LI><a href="#[16]">&gt;&gt;</a>&nbsp;&nbsp;&nbsp;SysTick_Handler
</UL>
<BR>[Called By]<UL><LI><a href="#[16]">&gt;&gt;</a>&nbsp;&nbsp;&nbsp;SysTick_Handler
</UL>
<BR>[Address Reference Count : 1]<UL><LI> startup_stm32f103xb.o(RESET)
</UL>
<P><STRONG><a name="[29]"></a>ADC1_2_IRQHandler</STRONG> (Thumb, 0 bytes, Stack size 0 bytes, mbed/TARGET_NUCLEO_F103RB/TOOLCHAIN_ARM_STD/startup_stm32f103xb.o(.text))
<BR><BR>[Calls]<UL><LI><a href="#[29]">&gt;&gt;</a>&nbsp;&nbsp;&nbsp;ADC1_2_IRQHandler
</UL>
<BR>[Called By]<UL><LI><a href="#[29]">&gt;&gt;</a>&nbsp;&nbsp;&nbsp;ADC1_2_IRQHandler
</UL>
<BR>[Address Reference Count : 1]<UL><LI> startup_stm32f103xb.o(RESET)
</UL>
<P><STRONG><a name="[2c]"></a>CAN1_RX1_IRQHandler</STRONG> (Thumb, 0 bytes, Stack size 0 bytes, mbed/TARGET_NUCLEO_F103RB/TOOLCHAIN_ARM_STD/startup_stm32f103xb.o(.text))
<BR>[Address Reference Count : 1]<UL><LI> startup_stm32f103xb.o(RESET)
</UL>
<P><STRONG><a name="[22]"></a>DMA1_Channel1_IRQHandler</STRONG> (Thumb, 0 bytes, Stack size 0 bytes, mbed/TARGET_NUCLEO_F103RB/TOOLCHAIN_ARM_STD/startup_stm32f103xb.o(.text))
<BR>[Address Reference Count : 1]<UL><LI> startup_stm32f103xb.o(RESET)
</UL>
<P><STRONG><a name="[23]"></a>DMA1_Channel2_IRQHandler</STRONG> (Thumb, 0 bytes, Stack size 0 bytes, mbed/TARGET_NUCLEO_F103RB/TOOLCHAIN_ARM_STD/startup_stm32f103xb.o(.text))
<BR>[Address Reference Count : 1]<UL><LI> startup_stm32f103xb.o(RESET)
</UL>
<P><STRONG><a name="[24]"></a>DMA1_Channel3_IRQHandler</STRONG> (Thumb, 0 bytes, Stack size 0 bytes, mbed/TARGET_NUCLEO_F103RB/TOOLCHAIN_ARM_STD/startup_stm32f103xb.o(.text))
<BR>[Address Reference Count : 1]<UL><LI> startup_stm32f103xb.o(RESET)
</UL>
<P><STRONG><a name="[25]"></a>DMA1_Channel4_IRQHandler</STRONG> (Thumb, 0 bytes, Stack size 0 bytes, mbed/TARGET_NUCLEO_F103RB/TOOLCHAIN_ARM_STD/startup_stm32f103xb.o(.text))
<BR>[Address Reference Count : 1]<UL><LI> startup_stm32f103xb.o(RESET)
</UL>
<P><STRONG><a name="[26]"></a>DMA1_Channel5_IRQHandler</STRONG> (Thumb, 0 bytes, Stack size 0 bytes, mbed/TARGET_NUCLEO_F103RB/TOOLCHAIN_ARM_STD/startup_stm32f103xb.o(.text))
<BR>[Address Reference Count : 1]<UL><LI> startup_stm32f103xb.o(RESET)
</UL>
<P><STRONG><a name="[27]"></a>DMA1_Channel6_IRQHandler</STRONG> (Thumb, 0 bytes, Stack size 0 bytes, mbed/TARGET_NUCLEO_F103RB/TOOLCHAIN_ARM_STD/startup_stm32f103xb.o(.text))
<BR>[Address Reference Count : 1]<UL><LI> startup_stm32f103xb.o(RESET)
</UL>
<P><STRONG><a name="[28]"></a>DMA1_Channel7_IRQHandler</STRONG> (Thumb, 0 bytes, Stack size 0 bytes, mbed/TARGET_NUCLEO_F103RB/TOOLCHAIN_ARM_STD/startup_stm32f103xb.o(.text))
<BR>[Address Reference Count : 1]<UL><LI> startup_stm32f103xb.o(RESET)
</UL>
<P><STRONG><a name="[1d]"></a>EXTI0_IRQHandler</STRONG> (Thumb, 0 bytes, Stack size 0 bytes, mbed/TARGET_NUCLEO_F103RB/TOOLCHAIN_ARM_STD/startup_stm32f103xb.o(.text))
<BR>[Address Reference Count : 1]<UL><LI> startup_stm32f103xb.o(RESET)
</UL>
<P><STRONG><a name="[3f]"></a>EXTI15_10_IRQHandler</STRONG> (Thumb, 0 bytes, Stack size 0 bytes, mbed/TARGET_NUCLEO_F103RB/TOOLCHAIN_ARM_STD/startup_stm32f103xb.o(.text))
<BR>[Address Reference Count : 1]<UL><LI> startup_stm32f103xb.o(RESET)
</UL>
<P><STRONG><a name="[1e]"></a>EXTI1_IRQHandler</STRONG> (Thumb, 0 bytes, Stack size 0 bytes, mbed/TARGET_NUCLEO_F103RB/TOOLCHAIN_ARM_STD/startup_stm32f103xb.o(.text))
<BR>[Address Reference Count : 1]<UL><LI> startup_stm32f103xb.o(RESET)
</UL>
<P><STRONG><a name="[1f]"></a>EXTI2_IRQHandler</STRONG> (Thumb, 0 bytes, Stack size 0 bytes, mbed/TARGET_NUCLEO_F103RB/TOOLCHAIN_ARM_STD/startup_stm32f103xb.o(.text))
<BR>[Address Reference Count : 1]<UL><LI> startup_stm32f103xb.o(RESET)
</UL>
<P><STRONG><a name="[20]"></a>EXTI3_IRQHandler</STRONG> (Thumb, 0 bytes, Stack size 0 bytes, mbed/TARGET_NUCLEO_F103RB/TOOLCHAIN_ARM_STD/startup_stm32f103xb.o(.text))
<BR>[Address Reference Count : 1]<UL><LI> startup_stm32f103xb.o(RESET)
</UL>
<P><STRONG><a name="[21]"></a>EXTI4_IRQHandler</STRONG> (Thumb, 0 bytes, Stack size 0 bytes, mbed/TARGET_NUCLEO_F103RB/TOOLCHAIN_ARM_STD/startup_stm32f103xb.o(.text))
<BR>[Address Reference Count : 1]<UL><LI> startup_stm32f103xb.o(RESET)
</UL>
<P><STRONG><a name="[2e]"></a>EXTI9_5_IRQHandler</STRONG> (Thumb, 0 bytes, Stack size 0 bytes, mbed/TARGET_NUCLEO_F103RB/TOOLCHAIN_ARM_STD/startup_stm32f103xb.o(.text))
<BR>[Address Reference Count : 1]<UL><LI> startup_stm32f103xb.o(RESET)
</UL>
<P><STRONG><a name="[1b]"></a>FLASH_IRQHandler</STRONG> (Thumb, 0 bytes, Stack size 0 bytes, mbed/TARGET_NUCLEO_F103RB/TOOLCHAIN_ARM_STD/startup_stm32f103xb.o(.text))
<BR>[Address Reference Count : 1]<UL><LI> startup_stm32f103xb.o(RESET)
</UL>
<P><STRONG><a name="[37]"></a>I2C1_ER_IRQHandler</STRONG> (Thumb, 0 bytes, Stack size 0 bytes, mbed/TARGET_NUCLEO_F103RB/TOOLCHAIN_ARM_STD/startup_stm32f103xb.o(.text))
<BR>[Address Reference Count : 1]<UL><LI> startup_stm32f103xb.o(RESET)
</UL>
<P><STRONG><a name="[36]"></a>I2C1_EV_IRQHandler</STRONG> (Thumb, 0 bytes, Stack size 0 bytes, mbed/TARGET_NUCLEO_F103RB/TOOLCHAIN_ARM_STD/startup_stm32f103xb.o(.text))
<BR>[Address Reference Count : 1]<UL><LI> startup_stm32f103xb.o(RESET)
</UL>
<P><STRONG><a name="[39]"></a>I2C2_ER_IRQHandler</STRONG> (Thumb, 0 bytes, Stack size 0 bytes, mbed/TARGET_NUCLEO_F103RB/TOOLCHAIN_ARM_STD/startup_stm32f103xb.o(.text))
<BR>[Address Reference Count : 1]<UL><LI> startup_stm32f103xb.o(RESET)
</UL>
<P><STRONG><a name="[38]"></a>I2C2_EV_IRQHandler</STRONG> (Thumb, 0 bytes, Stack size 0 bytes, mbed/TARGET_NUCLEO_F103RB/TOOLCHAIN_ARM_STD/startup_stm32f103xb.o(.text))
<BR>[Address Reference Count : 1]<UL><LI> startup_stm32f103xb.o(RESET)
</UL>
<P><STRONG><a name="[18]"></a>PVD_IRQHandler</STRONG> (Thumb, 0 bytes, Stack size 0 bytes, mbed/TARGET_NUCLEO_F103RB/TOOLCHAIN_ARM_STD/startup_stm32f103xb.o(.text))
<BR>[Address Reference Count : 1]<UL><LI> startup_stm32f103xb.o(RESET)
</UL>
<P><STRONG><a name="[1c]"></a>RCC_IRQHandler</STRONG> (Thumb, 0 bytes, Stack size 0 bytes, mbed/TARGET_NUCLEO_F103RB/TOOLCHAIN_ARM_STD/startup_stm32f103xb.o(.text))
<BR>[Address Reference Count : 1]<UL><LI> startup_stm32f103xb.o(RESET)
</UL>
<P><STRONG><a name="[40]"></a>RTC_Alarm_IRQHandler</STRONG> (Thumb, 0 bytes, Stack size 0 bytes, mbed/TARGET_NUCLEO_F103RB/TOOLCHAIN_ARM_STD/startup_stm32f103xb.o(.text))
<BR>[Address Reference Count : 1]<UL><LI> startup_stm32f103xb.o(RESET)
</UL>
<P><STRONG><a name="[1a]"></a>RTC_IRQHandler</STRONG> (Thumb, 0 bytes, Stack size 0 bytes, mbed/TARGET_NUCLEO_F103RB/TOOLCHAIN_ARM_STD/startup_stm32f103xb.o(.text))
<BR>[Address Reference Count : 1]<UL><LI> startup_stm32f103xb.o(RESET)
</UL>
<P><STRONG><a name="[3a]"></a>SPI1_IRQHandler</STRONG> (Thumb, 0 bytes, Stack size 0 bytes, mbed/TARGET_NUCLEO_F103RB/TOOLCHAIN_ARM_STD/startup_stm32f103xb.o(.text))
<BR>[Address Reference Count : 1]<UL><LI> startup_stm32f103xb.o(RESET)
</UL>
<P><STRONG><a name="[3b]"></a>SPI2_IRQHandler</STRONG> (Thumb, 0 bytes, Stack size 0 bytes, mbed/TARGET_NUCLEO_F103RB/TOOLCHAIN_ARM_STD/startup_stm32f103xb.o(.text))
<BR>[Address Reference Count : 1]<UL><LI> startup_stm32f103xb.o(RESET)
</UL>
<P><STRONG><a name="[19]"></a>TAMPER_IRQHandler</STRONG> (Thumb, 0 bytes, Stack size 0 bytes, mbed/TARGET_NUCLEO_F103RB/TOOLCHAIN_ARM_STD/startup_stm32f103xb.o(.text))
<BR>[Address Reference Count : 1]<UL><LI> startup_stm32f103xb.o(RESET)
</UL>
<P><STRONG><a name="[2f]"></a>TIM1_BRK_IRQHandler</STRONG> (Thumb, 0 bytes, Stack size 0 bytes, mbed/TARGET_NUCLEO_F103RB/TOOLCHAIN_ARM_STD/startup_stm32f103xb.o(.text))
<BR>[Address Reference Count : 1]<UL><LI> startup_stm32f103xb.o(RESET)
</UL>
<P><STRONG><a name="[32]"></a>TIM1_CC_IRQHandler</STRONG> (Thumb, 0 bytes, Stack size 0 bytes, mbed/TARGET_NUCLEO_F103RB/TOOLCHAIN_ARM_STD/startup_stm32f103xb.o(.text))
<BR>[Address Reference Count : 1]<UL><LI> startup_stm32f103xb.o(RESET)
</UL>
<P><STRONG><a name="[31]"></a>TIM1_TRG_COM_IRQHandler</STRONG> (Thumb, 0 bytes, Stack size 0 bytes, mbed/TARGET_NUCLEO_F103RB/TOOLCHAIN_ARM_STD/startup_stm32f103xb.o(.text))
<BR>[Address Reference Count : 1]<UL><LI> startup_stm32f103xb.o(RESET)
</UL>
<P><STRONG><a name="[30]"></a>TIM1_UP_IRQHandler</STRONG> (Thumb, 0 bytes, Stack size 0 bytes, mbed/TARGET_NUCLEO_F103RB/TOOLCHAIN_ARM_STD/startup_stm32f103xb.o(.text))
<BR>[Address Reference Count : 1]<UL><LI> startup_stm32f103xb.o(RESET)
</UL>
<P><STRONG><a name="[33]"></a>TIM2_IRQHandler</STRONG> (Thumb, 0 bytes, Stack size 0 bytes, mbed/TARGET_NUCLEO_F103RB/TOOLCHAIN_ARM_STD/startup_stm32f103xb.o(.text))
<BR>[Address Reference Count : 1]<UL><LI> startup_stm32f103xb.o(RESET)
</UL>
<P><STRONG><a name="[34]"></a>TIM3_IRQHandler</STRONG> (Thumb, 0 bytes, Stack size 0 bytes, mbed/TARGET_NUCLEO_F103RB/TOOLCHAIN_ARM_STD/startup_stm32f103xb.o(.text))
<BR>[Address Reference Count : 1]<UL><LI> startup_stm32f103xb.o(RESET)
</UL>
<P><STRONG><a name="[35]"></a>TIM4_IRQHandler</STRONG> (Thumb, 0 bytes, Stack size 0 bytes, mbed/TARGET_NUCLEO_F103RB/TOOLCHAIN_ARM_STD/startup_stm32f103xb.o(.text))
<BR>[Address Reference Count : 1]<UL><LI> startup_stm32f103xb.o(RESET)
</UL>
<P><STRONG><a name="[3c]"></a>USART1_IRQHandler</STRONG> (Thumb, 0 bytes, Stack size 0 bytes, mbed/TARGET_NUCLEO_F103RB/TOOLCHAIN_ARM_STD/startup_stm32f103xb.o(.text))
<BR>[Address Reference Count : 1]<UL><LI> startup_stm32f103xb.o(RESET)
</UL>
<P><STRONG><a name="[3d]"></a>USART2_IRQHandler</STRONG> (Thumb, 0 bytes, Stack size 0 bytes, mbed/TARGET_NUCLEO_F103RB/TOOLCHAIN_ARM_STD/startup_stm32f103xb.o(.text))
<BR>[Address Reference Count : 1]<UL><LI> startup_stm32f103xb.o(RESET)
</UL>
<P><STRONG><a name="[3e]"></a>USART3_IRQHandler</STRONG> (Thumb, 0 bytes, Stack size 0 bytes, mbed/TARGET_NUCLEO_F103RB/TOOLCHAIN_ARM_STD/startup_stm32f103xb.o(.text))
<BR>[Address Reference Count : 1]<UL><LI> startup_stm32f103xb.o(RESET)
</UL>
<P><STRONG><a name="[41]"></a>USBWakeUp_IRQHandler</STRONG> (Thumb, 0 bytes, Stack size 0 bytes, mbed/TARGET_NUCLEO_F103RB/TOOLCHAIN_ARM_STD/startup_stm32f103xb.o(.text))
<BR>[Address Reference Count : 1]<UL><LI> startup_stm32f103xb.o(RESET)
</UL>
<P><STRONG><a name="[17]"></a>WWDG_IRQHandler</STRONG> (Thumb, 0 bytes, Stack size 0 bytes, mbed/TARGET_NUCLEO_F103RB/TOOLCHAIN_ARM_STD/startup_stm32f103xb.o(.text))
<BR>[Address Reference Count : 1]<UL><LI> startup_stm32f103xb.o(RESET)
</UL>
<P><STRONG><a name="[dd]"></a>__aeabi_errno_addr</STRONG> (Thumb, 8 bytes, Stack size 0 bytes, C:\Keil_v5\ARM\ARMCC\Bin\..\lib\armlib\c_w.l(rt_errno_addr.o)(.text))
<BR><BR>[Called By]<UL><LI><a href="#[13e]">&gt;&gt;</a>&nbsp;&nbsp;&nbsp;open
<LI><a href="#[ca]">&gt;&gt;</a>&nbsp;&nbsp;&nbsp;_sys_write
<LI><a href="#[c9]">&gt;&gt;</a>&nbsp;&nbsp;&nbsp;_sys_seek
<LI><a href="#[c4]">&gt;&gt;</a>&nbsp;&nbsp;&nbsp;_sys_istty
<LI><a href="#[c6]">&gt;&gt;</a>&nbsp;&nbsp;&nbsp;_sys_flen
<LI><a href="#[b5]">&gt;&gt;</a>&nbsp;&nbsp;&nbsp;_sys_close
<LI><a href="#[107]">&gt;&gt;</a>&nbsp;&nbsp;&nbsp;reserve_filehandle()
<LI><a href="#[c5]">&gt;&gt;</a>&nbsp;&nbsp;&nbsp;_ftell_internal
</UL>

<P><STRONG><a name="[186]"></a>__errno</STRONG> (Thumb, 0 bytes, Stack size 0 bytes, C:\Keil_v5\ARM\ARMCC\Bin\..\lib\armlib\c_w.l(rt_errno_addr.o)(.text), UNUSED)

<P><STRONG><a name="[187]"></a>__rt_errno_addr</STRONG> (Thumb, 0 bytes, Stack size 0 bytes, C:\Keil_v5\ARM\ARMCC\Bin\..\lib\armlib\c_w.l(rt_errno_addr.o)(.text), UNUSED)

<P><STRONG><a name="[9c]"></a>malloc</STRONG> (Thumb, 94 bytes, Stack size 16 bytes, C:\Keil_v5\ARM\ARMCC\Bin\..\lib\armlib\c_w.l(h1_alloc.o)(.text), UNUSED)
<BR><BR>[Calls]<UL><LI><a href="#[9e]">&gt;&gt;</a>&nbsp;&nbsp;&nbsp;__Heap_Full
<LI><a href="#[9d]">&gt;&gt;</a>&nbsp;&nbsp;&nbsp;__rt_heap_descriptor
</UL>
<BR>[Called By]<UL><LI><a href="#[b3]">&gt;&gt;</a>&nbsp;&nbsp;&nbsp;fopen
<LI><a href="#[e3]">&gt;&gt;</a>&nbsp;&nbsp;&nbsp;__flsbuf
</UL>

<P><STRONG><a name="[9f]"></a>free</STRONG> (Thumb, 78 bytes, Stack size 16 bytes, C:\Keil_v5\ARM\ARMCC\Bin\..\lib\armlib\c_w.l(h1_free.o)(.text))
<BR><BR>[Stack]<UL><LI>Max Depth = 16<LI>Call Chain = free
</UL>
<BR>[Calls]<UL><LI><a href="#[9d]">&gt;&gt;</a>&nbsp;&nbsp;&nbsp;__rt_heap_descriptor
</UL>
<BR>[Called By]<UL><LI><a href="#[b7]">&gt;&gt;</a>&nbsp;&nbsp;&nbsp;__Heap_ProvideMemory
<LI><a href="#[ce]">&gt;&gt;</a>&nbsp;&nbsp;&nbsp;_terminateio
<LI><a href="#[b1]">&gt;&gt;</a>&nbsp;&nbsp;&nbsp;_fclose_internal
</UL>

<P><STRONG><a name="[f0]"></a>__aeabi_uldivmod</STRONG> (Thumb, 0 bytes, Stack size 48 bytes, C:\Keil_v5\ARM\ARMCC\Bin\..\lib\armlib\c_w.l(lludivv7m.o)(.text))
<BR><BR>[Stack]<UL><LI>Max Depth = 48<LI>Call Chain = __aeabi_uldivmod
</UL>
<BR>[Called By]<UL><LI><a href="#[ed]">&gt;&gt;</a>&nbsp;&nbsp;&nbsp;HAL_GetTick
<LI><a href="#[152]">&gt;&gt;</a>&nbsp;&nbsp;&nbsp;update_present_time
<LI><a href="#[153]">&gt;&gt;</a>&nbsp;&nbsp;&nbsp;schedule_interrupt
<LI><a href="#[150]">&gt;&gt;</a>&nbsp;&nbsp;&nbsp;initialize
</UL>

<P><STRONG><a name="[188]"></a>_ll_udiv</STRONG> (Thumb, 238 bytes, Stack size 48 bytes, C:\Keil_v5\ARM\ARMCC\Bin\..\lib\armlib\c_w.l(lludivv7m.o)(.text), UNUSED)

<P><STRONG><a name="[151]"></a>__aeabi_llsl</STRONG> (Thumb, 0 bytes, Stack size 0 bytes, C:\Keil_v5\ARM\ARMCC\Bin\..\lib\armlib\c_w.l(llshl.o)(.text))
<BR><BR>[Called By]<UL><LI><a href="#[152]">&gt;&gt;</a>&nbsp;&nbsp;&nbsp;update_present_time
<LI><a href="#[153]">&gt;&gt;</a>&nbsp;&nbsp;&nbsp;schedule_interrupt
<LI><a href="#[150]">&gt;&gt;</a>&nbsp;&nbsp;&nbsp;initialize
</UL>

<P><STRONG><a name="[189]"></a>_ll_shift_l</STRONG> (Thumb, 38 bytes, Stack size 0 bytes, C:\Keil_v5\ARM\ARMCC\Bin\..\lib\armlib\c_w.l(llshl.o)(.text), UNUSED)

<P><STRONG><a name="[162]"></a>__aeabi_llsr</STRONG> (Thumb, 0 bytes, Stack size 0 bytes, C:\Keil_v5\ARM\ARMCC\Bin\..\lib\armlib\c_w.l(llushr.o)(.text))
<BR><BR>[Called By]<UL><LI><a href="#[152]">&gt;&gt;</a>&nbsp;&nbsp;&nbsp;update_present_time
</UL>

<P><STRONG><a name="[18a]"></a>_ll_ushift_r</STRONG> (Thumb, 38 bytes, Stack size 0 bytes, C:\Keil_v5\ARM\ARMCC\Bin\..\lib\armlib\c_w.l(llushr.o)(.text), UNUSED)

<P><STRONG><a name="[a0]"></a>vfprintf</STRONG> (Thumb, 10 bytes, Stack size 0 bytes, C:\Keil_v5\ARM\ARMCC\Bin\..\lib\armlib\c_w.l(vfprintf.o)(.text))
<BR><BR>[Stack]<UL><LI>Max Depth = 120 + Unknown Stack Size
<LI>Call Chain = vfprintf &rArr; _printf_char_file &rArr; _printf_char_common &rArr; __printf
</UL>
<BR>[Calls]<UL><LI><a href="#[a1]">&gt;&gt;</a>&nbsp;&nbsp;&nbsp;_printf_char_file
</UL>
<BR>[Called By]<UL><LI><a href="#[143]">&gt;&gt;</a>&nbsp;&nbsp;&nbsp;debug
</UL>

<P><STRONG><a name="[a2]"></a>vsnprintf</STRONG> (Thumb, 48 bytes, Stack size 24 bytes, C:\Keil_v5\ARM\ARMCC\Bin\..\lib\armlib\c_w.l(vsnprintf.o)(.text))
<BR><BR>[Stack]<UL><LI>Max Depth = 128 + Unknown Stack Size
<LI>Call Chain = vsnprintf &rArr; _printf_char_common &rArr; __printf
</UL>
<BR>[Calls]<UL><LI><a href="#[a4]">&gt;&gt;</a>&nbsp;&nbsp;&nbsp;_sputc
<LI><a href="#[a3]">&gt;&gt;</a>&nbsp;&nbsp;&nbsp;_printf_char_common
</UL>
<BR>[Called By]<UL><LI><a href="#[146]">&gt;&gt;</a>&nbsp;&nbsp;&nbsp;mbed_error_vfprintf
<LI><a href="#[154]">&gt;&gt;</a>&nbsp;&nbsp;&nbsp;mbed_error_printf
</UL>

<P><STRONG><a name="[72]"></a>_printf_int_dec</STRONG> (Thumb, 104 bytes, Stack size 24 bytes, C:\Keil_v5\ARM\ARMCC\Bin\..\lib\armlib\c_w.l(_printf_dec.o)(.text))
<BR><BR>[Stack]<UL><LI>Max Depth = 72<LI>Call Chain = _printf_int_dec &rArr; _printf_int_common &rArr; _printf_post_padding
</UL>
<BR>[Calls]<UL><LI><a href="#[a7]">&gt;&gt;</a>&nbsp;&nbsp;&nbsp;_printf_int_common
<LI><a href="#[a6]">&gt;&gt;</a>&nbsp;&nbsp;&nbsp;_printf_truncate_unsigned
<LI><a href="#[a5]">&gt;&gt;</a>&nbsp;&nbsp;&nbsp;_printf_truncate_signed
</UL>
<BR>[Called By]<UL><LI><a href="#[74]">&gt;&gt;</a>&nbsp;&nbsp;&nbsp;_printf_u
<LI><a href="#[71]">&gt;&gt;</a>&nbsp;&nbsp;&nbsp;_printf_i
<LI><a href="#[73]">&gt;&gt;</a>&nbsp;&nbsp;&nbsp;_printf_d
</UL>

<P><STRONG><a name="[a8]"></a>_printf_longlong_hex</STRONG> (Thumb, 86 bytes, Stack size 16 bytes, C:\Keil_v5\ARM\ARMCC\Bin\..\lib\armlib\c_w.l(_printf_hex_int_ll_ptr.o)(.text))
<BR><BR>[Stack]<UL><LI>Max Depth = 64<LI>Call Chain = _printf_longlong_hex &rArr; _printf_int_common &rArr; _printf_post_padding
</UL>
<BR>[Calls]<UL><LI><a href="#[a7]">&gt;&gt;</a>&nbsp;&nbsp;&nbsp;_printf_int_common
</UL>
<BR>[Called By]<UL><LI><a href="#[6a]">&gt;&gt;</a>&nbsp;&nbsp;&nbsp;_printf_hex_ptr
<LI><a href="#[80]">&gt;&gt;</a>&nbsp;&nbsp;&nbsp;_printf_ll_hex
<LI><a href="#[78]">&gt;&gt;</a>&nbsp;&nbsp;&nbsp;_printf_int_hex
</UL>

<P><STRONG><a name="[78]"></a>_printf_int_hex</STRONG> (Thumb, 28 bytes, Stack size 16 bytes, C:\Keil_v5\ARM\ARMCC\Bin\..\lib\armlib\c_w.l(_printf_hex_int_ll_ptr.o)(.text))
<BR><BR>[Stack]<UL><LI>Max Depth = 80<LI>Call Chain = _printf_int_hex &rArr; _printf_longlong_hex &rArr; _printf_int_common &rArr; _printf_post_padding
</UL>
<BR>[Calls]<UL><LI><a href="#[a8]">&gt;&gt;</a>&nbsp;&nbsp;&nbsp;_printf_longlong_hex
<LI><a href="#[a6]">&gt;&gt;</a>&nbsp;&nbsp;&nbsp;_printf_truncate_unsigned
</UL>
<BR>[Called By]<UL><LI><a href="#[77]">&gt;&gt;</a>&nbsp;&nbsp;&nbsp;_printf_x
</UL>

<P><STRONG><a name="[80]"></a>_printf_ll_hex</STRONG> (Thumb, 12 bytes, Stack size 0 bytes, C:\Keil_v5\ARM\ARMCC\Bin\..\lib\armlib\c_w.l(_printf_hex_int_ll_ptr.o)(.text))
<BR><BR>[Stack]<UL><LI>Max Depth = 64<LI>Call Chain = _printf_ll_hex &rArr; _printf_longlong_hex &rArr; _printf_int_common &rArr; _printf_post_padding
</UL>
<BR>[Calls]<UL><LI><a href="#[a8]">&gt;&gt;</a>&nbsp;&nbsp;&nbsp;_printf_longlong_hex
</UL>
<BR>[Called By]<UL><LI><a href="#[7f]">&gt;&gt;</a>&nbsp;&nbsp;&nbsp;_printf_llx
</UL>

<P><STRONG><a name="[6a]"></a>_printf_hex_ptr</STRONG> (Thumb, 18 bytes, Stack size 0 bytes, C:\Keil_v5\ARM\ARMCC\Bin\..\lib\armlib\c_w.l(_printf_hex_int_ll_ptr.o)(.text))
<BR><BR>[Stack]<UL><LI>Max Depth = 64<LI>Call Chain = _printf_hex_ptr &rArr; _printf_longlong_hex &rArr; _printf_int_common &rArr; _printf_post_padding
</UL>
<BR>[Calls]<UL><LI><a href="#[a8]">&gt;&gt;</a>&nbsp;&nbsp;&nbsp;_printf_longlong_hex
</UL>
<BR>[Called By]<UL><LI><a href="#[69]">&gt;&gt;</a>&nbsp;&nbsp;&nbsp;_printf_p
</UL>

<P><STRONG><a name="[a9]"></a>__printf</STRONG> (Thumb, 388 bytes, Stack size 40 bytes, C:\Keil_v5\ARM\ARMCC\Bin\..\lib\armlib\c_w.l(__printf_flags_ss_wp.o)(.text))
<BR><BR>[Stack]<UL><LI>Max Depth = 40 + Unknown Stack Size
<LI>Call Chain = __printf
</UL>
<BR>[Calls]<UL><LI><a href="#[ab]">&gt;&gt;</a>&nbsp;&nbsp;&nbsp;_printf_percent
<LI><a href="#[aa]">&gt;&gt;</a>&nbsp;&nbsp;&nbsp;_is_digit
</UL>
<BR>[Called By]<UL><LI><a href="#[a3]">&gt;&gt;</a>&nbsp;&nbsp;&nbsp;_printf_char_common
</UL>

<P><STRONG><a name="[ac]"></a>_do_fflush</STRONG> (Thumb, 54 bytes, Stack size 16 bytes, C:\Keil_v5\ARM\ARMCC\Bin\..\lib\armlib\c_w.l(fflush.o)(.text))
<BR><BR>[Stack]<UL><LI>Max Depth = 504 + Unknown Stack Size
<LI>Call Chain = _do_fflush &rArr; _fflush &rArr; _writebuf &rArr; _sys_write &rArr; get_fhc(int) &rArr; serial_init &rArr;  mbed_assert_internal (Cycle)
</UL>
<BR>[Calls]<UL><LI><a href="#[ad]">&gt;&gt;</a>&nbsp;&nbsp;&nbsp;_fflush
<LI><a href="#[ae]">&gt;&gt;</a>&nbsp;&nbsp;&nbsp;_fseek
</UL>
<BR>[Called By]<UL><LI><a href="#[af]">&gt;&gt;</a>&nbsp;&nbsp;&nbsp;fflush
</UL>

<P><STRONG><a name="[af]"></a>fflush</STRONG> (Thumb, 42 bytes, Stack size 16 bytes, C:\Keil_v5\ARM\ARMCC\Bin\..\lib\armlib\c_w.l(fflush.o)(.text))
<BR><BR>[Stack]<UL><LI>Max Depth = 520 + Unknown Stack Size
<LI>Call Chain = fflush &rArr; _do_fflush &rArr; _fflush &rArr; _writebuf &rArr; _sys_write &rArr; get_fhc(int) &rArr; serial_init &rArr;  mbed_assert_internal (Cycle)
</UL>
<BR>[Calls]<UL><LI><a href="#[ac]">&gt;&gt;</a>&nbsp;&nbsp;&nbsp;_do_fflush
</UL>
<BR>[Called By]<UL><LI><a href="#[9b]">&gt;&gt;</a>&nbsp;&nbsp;&nbsp;exit
</UL>

<P><STRONG><a name="[b0]"></a>freopen</STRONG> (Thumb, 158 bytes, Stack size 24 bytes, C:\Keil_v5\ARM\ARMCC\Bin\..\lib\armlib\c_w.l(fopen.o)(.text))
<BR><BR>[Stack]<UL><LI>Max Depth = 824 + Unknown Stack Size
<LI>Call Chain = freopen &rArr; _sys_open &rArr; open &rArr; mbed::FilePath::FilePath(const char*) &rArr; mbed::FileBase::lookup(const char*, unsigned) &rArr; SingletonPtr&lang;PlatformMutex&rang;::operator -&rang;() &rArr; mbed_assert_internal &rArr; mbed_die &rArr; gpio_init_out &rArr; gpio_init &rArr; pin_function &rArr;  mbed_assert_internal (Cycle)
</UL>
<BR>[Calls]<UL><LI><a href="#[b2]">&gt;&gt;</a>&nbsp;&nbsp;&nbsp;_sys_open
<LI><a href="#[ae]">&gt;&gt;</a>&nbsp;&nbsp;&nbsp;_fseek
<LI><a href="#[b1]">&gt;&gt;</a>&nbsp;&nbsp;&nbsp;_fclose_internal
</UL>
<BR>[Called By]<UL><LI><a href="#[91]">&gt;&gt;</a>&nbsp;&nbsp;&nbsp;_initio
<LI><a href="#[b3]">&gt;&gt;</a>&nbsp;&nbsp;&nbsp;fopen
</UL>

<P><STRONG><a name="[b3]"></a>fopen</STRONG> (Thumb, 74 bytes, Stack size 24 bytes, C:\Keil_v5\ARM\ARMCC\Bin\..\lib\armlib\c_w.l(fopen.o)(.text), UNUSED)
<BR><BR>[Calls]<UL><LI><a href="#[9c]">&gt;&gt;</a>&nbsp;&nbsp;&nbsp;malloc
<LI><a href="#[b4]">&gt;&gt;</a>&nbsp;&nbsp;&nbsp;__aeabi_memclr4
<LI><a href="#[b0]">&gt;&gt;</a>&nbsp;&nbsp;&nbsp;freopen
</UL>

<P><STRONG><a name="[b1]"></a>_fclose_internal</STRONG> (Thumb, 76 bytes, Stack size 32 bytes, C:\Keil_v5\ARM\ARMCC\Bin\..\lib\armlib\c_w.l(fclose.o)(.text))
<BR><BR>[Stack]<UL><LI>Max Depth = 520 + Unknown Stack Size
<LI>Call Chain = _fclose_internal &rArr; _fflush &rArr; _writebuf &rArr; _sys_write &rArr; get_fhc(int) &rArr; serial_init &rArr;  mbed_assert_internal (Cycle)
</UL>
<BR>[Calls]<UL><LI><a href="#[b5]">&gt;&gt;</a>&nbsp;&nbsp;&nbsp;_sys_close
<LI><a href="#[9f]">&gt;&gt;</a>&nbsp;&nbsp;&nbsp;free
<LI><a href="#[ad]">&gt;&gt;</a>&nbsp;&nbsp;&nbsp;_fflush
<LI><a href="#[b4]">&gt;&gt;</a>&nbsp;&nbsp;&nbsp;__aeabi_memclr4
</UL>
<BR>[Called By]<UL><LI><a href="#[ce]">&gt;&gt;</a>&nbsp;&nbsp;&nbsp;_terminateio
<LI><a href="#[b0]">&gt;&gt;</a>&nbsp;&nbsp;&nbsp;freopen
</UL>

<P><STRONG><a name="[18b]"></a>fclose</STRONG> (Thumb, 0 bytes, Stack size 32 bytes, C:\Keil_v5\ARM\ARMCC\Bin\..\lib\armlib\c_w.l(fclose.o)(.text), UNUSED)

<P><STRONG><a name="[137]"></a>strspn</STRONG> (Thumb, 28 bytes, Stack size 12 bytes, C:\Keil_v5\ARM\ARMCC\Bin\..\lib\armlib\c_w.l(strspn.o)(.text))
<BR><BR>[Stack]<UL><LI>Max Depth = 12<LI>Call Chain = strspn
</UL>
<BR>[Called By]<UL><LI><a href="#[136]">&gt;&gt;</a>&nbsp;&nbsp;&nbsp;mbed::FilePath::FilePath(const char*)
</UL>

<P><STRONG><a name="[131]"></a>strlen</STRONG> (Thumb, 62 bytes, Stack size 8 bytes, C:\Keil_v5\ARM\ARMCC\Bin\..\lib\armlib\c_w.l(strlen.o)(.text))
<BR><BR>[Stack]<UL><LI>Max Depth = 8<LI>Call Chain = strlen
</UL>
<BR>[Called By]<UL><LI><a href="#[12e]">&gt;&gt;</a>&nbsp;&nbsp;&nbsp;mbed::FileBase::lookup(const char*, unsigned)
</UL>

<P><STRONG><a name="[130]"></a>strncmp</STRONG> (Thumb, 150 bytes, Stack size 16 bytes, C:\Keil_v5\ARM\ARMCC\Bin\..\lib\armlib\c_w.l(strncmp.o)(.text))
<BR><BR>[Stack]<UL><LI>Max Depth = 16<LI>Call Chain = strncmp
</UL>
<BR>[Called By]<UL><LI><a href="#[12e]">&gt;&gt;</a>&nbsp;&nbsp;&nbsp;mbed::FileBase::lookup(const char*, unsigned)
</UL>

<P><STRONG><a name="[13b]"></a>__aeabi_memcpy4</STRONG> (Thumb, 0 bytes, Stack size 8 bytes, C:\Keil_v5\ARM\ARMCC\Bin\..\lib\armlib\c_w.l(rt_memcpy_w.o)(.text))
<BR><BR>[Stack]<UL><LI>Max Depth = 8<LI>Call Chain = __aeabi_memcpy4
</UL>
<BR>[Called By]<UL><LI><a href="#[96]">&gt;&gt;</a>&nbsp;&nbsp;&nbsp;_platform_post_stackheap_init
<LI><a href="#[113]">&gt;&gt;</a>&nbsp;&nbsp;&nbsp;serial_init
</UL>

<P><STRONG><a name="[18c]"></a>__aeabi_memcpy8</STRONG> (Thumb, 0 bytes, Stack size 8 bytes, C:\Keil_v5\ARM\ARMCC\Bin\..\lib\armlib\c_w.l(rt_memcpy_w.o)(.text), UNUSED)

<P><STRONG><a name="[18d]"></a>__rt_memcpy_w</STRONG> (Thumb, 100 bytes, Stack size 8 bytes, C:\Keil_v5\ARM\ARMCC\Bin\..\lib\armlib\c_w.l(rt_memcpy_w.o)(.text), UNUSED)

<P><STRONG><a name="[18e]"></a>_memcpy_lastbytes_aligned</STRONG> (Thumb, 0 bytes, Stack size unknown bytes, C:\Keil_v5\ARM\ARMCC\Bin\..\lib\armlib\c_w.l(rt_memcpy_w.o)(.text), UNUSED)

<P><STRONG><a name="[b4]"></a>__aeabi_memclr4</STRONG> (Thumb, 0 bytes, Stack size 4 bytes, C:\Keil_v5\ARM\ARMCC\Bin\..\lib\armlib\c_w.l(rt_memclr_w.o)(.text))
<BR><BR>[Stack]<UL><LI>Max Depth = 4<LI>Call Chain = __aeabi_memclr4
</UL>
<BR>[Called By]<UL><LI><a href="#[138]">&gt;&gt;</a>&nbsp;&nbsp;&nbsp;mbed::DigitalIn::DigitalIn(PinName)
<LI><a href="#[11f]">&gt;&gt;</a>&nbsp;&nbsp;&nbsp;mbed::DigitalOut::DigitalOut(PinName)
<LI><a href="#[91]">&gt;&gt;</a>&nbsp;&nbsp;&nbsp;_initio
<LI><a href="#[b1]">&gt;&gt;</a>&nbsp;&nbsp;&nbsp;_fclose_internal
<LI><a href="#[b3]">&gt;&gt;</a>&nbsp;&nbsp;&nbsp;fopen
</UL>

<P><STRONG><a name="[18f]"></a>__aeabi_memclr8</STRONG> (Thumb, 0 bytes, Stack size 4 bytes, C:\Keil_v5\ARM\ARMCC\Bin\..\lib\armlib\c_w.l(rt_memclr_w.o)(.text), UNUSED)

<P><STRONG><a name="[190]"></a>__rt_memclr_w</STRONG> (Thumb, 78 bytes, Stack size 4 bytes, C:\Keil_v5\ARM\ARMCC\Bin\..\lib\armlib\c_w.l(rt_memclr_w.o)(.text), UNUSED)

<P><STRONG><a name="[191]"></a>_memset_w</STRONG> (Thumb, 0 bytes, Stack size unknown bytes, C:\Keil_v5\ARM\ARMCC\Bin\..\lib\armlib\c_w.l(rt_memclr_w.o)(.text), UNUSED)

<P><STRONG><a name="[13d]"></a>strcmp</STRONG> (Thumb, 128 bytes, Stack size 0 bytes, C:\Keil_v5\ARM\ARMCC\Bin\..\lib\armlib\c_w.l(strcmpv7m.o)(.text))
<BR><BR>[Called By]<UL><LI><a href="#[b2]">&gt;&gt;</a>&nbsp;&nbsp;&nbsp;_sys_open
<LI><a href="#[47]">&gt;&gt;</a>&nbsp;&nbsp;&nbsp;_get_lc_ctype
<LI><a href="#[8f]">&gt;&gt;</a>&nbsp;&nbsp;&nbsp;_get_lc_numeric
</UL>

<P><STRONG><a name="[62]"></a>__cpp_initialize__aeabi_</STRONG> (Thumb, 26 bytes, Stack size 16 bytes, C:\Keil_v5\ARM\ARMCC\Bin\..\lib\armlib\c_w.l(init_aeabi.o)(.text))
<BR><BR>[Stack]<UL><LI>Max Depth = 16<LI>Call Chain = __cpp_initialize__aeabi_
</UL>
<BR>[Called By]<UL><LI><a href="#[92]">&gt;&gt;</a>&nbsp;&nbsp;&nbsp;__rt_lib_init_cpp_2
</UL>

<P><STRONG><a name="[9d]"></a>__rt_heap_descriptor</STRONG> (Thumb, 8 bytes, Stack size 0 bytes, C:\Keil_v5\ARM\ARMCC\Bin\..\lib\armlib\c_w.l(rt_heap_descriptor.o)(.text))
<BR><BR>[Called By]<UL><LI><a href="#[9f]">&gt;&gt;</a>&nbsp;&nbsp;&nbsp;free
<LI><a href="#[9c]">&gt;&gt;</a>&nbsp;&nbsp;&nbsp;malloc
<LI><a href="#[8a]">&gt;&gt;</a>&nbsp;&nbsp;&nbsp;_init_alloc
</UL>

<P><STRONG><a name="[192]"></a>__use_no_heap</STRONG> (Thumb, 2 bytes, Stack size 0 bytes, C:\Keil_v5\ARM\ARMCC\Bin\..\lib\armlib\c_w.l(hguard.o)(.text), UNUSED)

<P><STRONG><a name="[193]"></a>__heap$guard</STRONG> (Thumb, 2 bytes, Stack size 0 bytes, C:\Keil_v5\ARM\ARMCC\Bin\..\lib\armlib\c_w.l(hguard.o)(.text), UNUSED)

<P><STRONG><a name="[c]"></a>_terminate_user_alloc</STRONG> (Thumb, 2 bytes, Stack size 0 bytes, C:\Keil_v5\ARM\ARMCC\Bin\..\lib\armlib\c_w.l(init_alloc.o)(.text), UNUSED)

<P><STRONG><a name="[7]"></a>_init_user_alloc</STRONG> (Thumb, 2 bytes, Stack size 0 bytes, C:\Keil_v5\ARM\ARMCC\Bin\..\lib\armlib\c_w.l(init_alloc.o)(.text), UNUSED)

<P><STRONG><a name="[9e]"></a>__Heap_Full</STRONG> (Thumb, 34 bytes, Stack size 16 bytes, C:\Keil_v5\ARM\ARMCC\Bin\..\lib\armlib\c_w.l(init_alloc.o)(.text), UNUSED)
<BR><BR>[Calls]<UL><LI><a href="#[b7]">&gt;&gt;</a>&nbsp;&nbsp;&nbsp;__Heap_ProvideMemory
<LI><a href="#[b6]">&gt;&gt;</a>&nbsp;&nbsp;&nbsp;__rt_heap_expand
</UL>
<BR>[Called By]<UL><LI><a href="#[9c]">&gt;&gt;</a>&nbsp;&nbsp;&nbsp;malloc
</UL>

<P><STRONG><a name="[b8]"></a>__Heap_Broken</STRONG> (Thumb, 6 bytes, Stack size 0 bytes, C:\Keil_v5\ARM\ARMCC\Bin\..\lib\armlib\c_w.l(init_alloc.o)(.text), UNUSED)
<BR><BR>[Calls]<UL><LI><a href="#[b9]">&gt;&gt;</a>&nbsp;&nbsp;&nbsp;__rt_SIGRTMEM
</UL>

<P><STRONG><a name="[8a]"></a>_init_alloc</STRONG> (Thumb, 94 bytes, Stack size 24 bytes, C:\Keil_v5\ARM\ARMCC\Bin\..\lib\armlib\c_w.l(init_alloc.o)(.text))
<BR><BR>[Stack]<UL><LI>Max Depth = 64<LI>Call Chain = _init_alloc &rArr; __rt_SIGRTMEM &rArr; __rt_SIGRTMEM_inner &rArr; __default_signal_display &rArr; _ttywrch
</UL>
<BR>[Calls]<UL><LI><a href="#[b7]">&gt;&gt;</a>&nbsp;&nbsp;&nbsp;__Heap_ProvideMemory
<LI><a href="#[bb]">&gt;&gt;</a>&nbsp;&nbsp;&nbsp;__Heap_Initialize
<LI><a href="#[9d]">&gt;&gt;</a>&nbsp;&nbsp;&nbsp;__rt_heap_descriptor
<LI><a href="#[b6]">&gt;&gt;</a>&nbsp;&nbsp;&nbsp;__rt_heap_expand
<LI><a href="#[ba]">&gt;&gt;</a>&nbsp;&nbsp;&nbsp;__rt_heap_escrow
<LI><a href="#[b9]">&gt;&gt;</a>&nbsp;&nbsp;&nbsp;__rt_SIGRTMEM
</UL>
<BR>[Called By]<UL><LI><a href="#[89]">&gt;&gt;</a>&nbsp;&nbsp;&nbsp;__rt_lib_init_heap_2
</UL>

<P><STRONG><a name="[bb]"></a>__Heap_Initialize</STRONG> (Thumb, 10 bytes, Stack size 0 bytes, C:\Keil_v5\ARM\ARMCC\Bin\..\lib\armlib\c_w.l(h1_init.o)(.text))
<BR><BR>[Called By]<UL><LI><a href="#[8a]">&gt;&gt;</a>&nbsp;&nbsp;&nbsp;_init_alloc
</UL>

<P><STRONG><a name="[5]"></a>__Heap_DescSize</STRONG> (Thumb, 4 bytes, Stack size 0 bytes, C:\Keil_v5\ARM\ARMCC\Bin\..\lib\armlib\c_w.l(h1_init.o)(.text), UNUSED)

<P><STRONG><a name="[bd]"></a>_printf_pre_padding</STRONG> (Thumb, 44 bytes, Stack size 16 bytes, C:\Keil_v5\ARM\ARMCC\Bin\..\lib\armlib\c_w.l(_printf_pad.o)(.text))
<BR><BR>[Stack]<UL><LI>Max Depth = 16<LI>Call Chain = _printf_pre_padding
</UL>
<BR>[Called By]<UL><LI><a href="#[da]">&gt;&gt;</a>&nbsp;&nbsp;&nbsp;_printf_fp_hex_real
<LI><a href="#[d7]">&gt;&gt;</a>&nbsp;&nbsp;&nbsp;_printf_fp_dec_real
<LI><a href="#[c0]">&gt;&gt;</a>&nbsp;&nbsp;&nbsp;_printf_wctomb
<LI><a href="#[a7]">&gt;&gt;</a>&nbsp;&nbsp;&nbsp;_printf_int_common
<LI><a href="#[bc]">&gt;&gt;</a>&nbsp;&nbsp;&nbsp;_printf_str
<LI><a href="#[d9]">&gt;&gt;</a>&nbsp;&nbsp;&nbsp;_printf_fp_infnan
</UL>

<P><STRONG><a name="[be]"></a>_printf_post_padding</STRONG> (Thumb, 34 bytes, Stack size 16 bytes, C:\Keil_v5\ARM\ARMCC\Bin\..\lib\armlib\c_w.l(_printf_pad.o)(.text))
<BR><BR>[Stack]<UL><LI>Max Depth = 16<LI>Call Chain = _printf_post_padding
</UL>
<BR>[Called By]<UL><LI><a href="#[da]">&gt;&gt;</a>&nbsp;&nbsp;&nbsp;_printf_fp_hex_real
<LI><a href="#[d7]">&gt;&gt;</a>&nbsp;&nbsp;&nbsp;_printf_fp_dec_real
<LI><a href="#[c0]">&gt;&gt;</a>&nbsp;&nbsp;&nbsp;_printf_wctomb
<LI><a href="#[a7]">&gt;&gt;</a>&nbsp;&nbsp;&nbsp;_printf_int_common
<LI><a href="#[bc]">&gt;&gt;</a>&nbsp;&nbsp;&nbsp;_printf_str
<LI><a href="#[d9]">&gt;&gt;</a>&nbsp;&nbsp;&nbsp;_printf_fp_infnan
</UL>

<P><STRONG><a name="[a5]"></a>_printf_truncate_signed</STRONG> (Thumb, 18 bytes, Stack size 0 bytes, C:\Keil_v5\ARM\ARMCC\Bin\..\lib\armlib\c_w.l(_printf_truncate.o)(.text))
<BR><BR>[Called By]<UL><LI><a href="#[72]">&gt;&gt;</a>&nbsp;&nbsp;&nbsp;_printf_int_dec
</UL>

<P><STRONG><a name="[a6]"></a>_printf_truncate_unsigned</STRONG> (Thumb, 18 bytes, Stack size 0 bytes, C:\Keil_v5\ARM\ARMCC\Bin\..\lib\armlib\c_w.l(_printf_truncate.o)(.text))
<BR><BR>[Called By]<UL><LI><a href="#[78]">&gt;&gt;</a>&nbsp;&nbsp;&nbsp;_printf_int_hex
[...]
<BR>[Address Reference Count : 1]<UL><LI> mbed_us_ticker_api.o(.constdata)
</UL>
<P><STRONG><a name="[4d]"></a>us_ticker_init</STRONG> (Thumb, 14 bytes, Stack size 0 bytes, mbed/TARGET_NUCLEO_F103RB/TOOLCHAIN_ARM_STD/us_ticker.o(i.us_ticker_init))
<BR>[Address Reference Count : 1]<UL><LI> mbed_us_ticker_api.o(.constdata)
</UL>
<P><STRONG><a name="[161]"></a>us_ticker_irq_handler</STRONG> (Thumb, 14 bytes, Stack size 0 bytes, mbed/TARGET_NUCLEO_F103RB/TOOLCHAIN_ARM_STD/mbed.ar(mbed_us_ticker_api.o)(i.us_ticker_irq_handler))
<BR><BR>[Called By]<UL><LI><a href="#[48]">&gt;&gt;</a>&nbsp;&nbsp;&nbsp;timer_irq_handler
</UL>

<P><STRONG><a name="[4e]"></a>us_ticker_read</STRONG> (Thumb, 6 bytes, Stack size 0 bytes, mbed/TARGET_NUCLEO_F103RB/TOOLCHAIN_ARM_STD/us_ticker.o(i.us_ticker_read))
<BR>[Address Reference Count : 1]<UL><LI> mbed_us_ticker_api.o(.constdata)
</UL>
<P><STRONG><a name="[51]"></a>us_ticker_set_interrupt</STRONG> (Thumb, 26 bytes, Stack size 0 bytes, mbed/TARGET_NUCLEO_F103RB/TOOLCHAIN_ARM_STD/us_ticker.o(i.us_ticker_set_interrupt))
<BR>[Address Reference Count : 1]<UL><LI> mbed_us_ticker_api.o(.constdata)
</UL>
<P><STRONG><a name="[155]"></a>wait_ms</STRONG> (Thumb, 36 bytes, Stack size 16 bytes, mbed/TARGET_NUCLEO_F103RB/TOOLCHAIN_ARM_STD/mbed.ar(mbed_wait_api_no_rtos.o)(i.wait_ms))
<BR><BR>[Stack]<UL><LI>Max Depth = 184<LI>Call Chain = wait_ms &rArr; ticker_read &rArr;  core_util_critical_section_exit (Cycle)
</UL>
<BR>[Calls]<UL><LI><a href="#[160]">&gt;&gt;</a>&nbsp;&nbsp;&nbsp;ticker_read
<LI><a href="#[ee]">&gt;&gt;</a>&nbsp;&nbsp;&nbsp;get_us_ticker_data
</UL>
<BR>[Called By]<UL><LI><a href="#[147]">&gt;&gt;</a>&nbsp;&nbsp;&nbsp;mbed_die
</UL>

<P><STRONG><a name="[8f]"></a>_get_lc_numeric</STRONG> (Thumb, 44 bytes, Stack size 8 bytes, C:\Keil_v5\ARM\ARMCC\Bin\..\lib\armlib\c_w.l(lc_numeric_c.o)(locale$$code))
<BR><BR>[Stack]<UL><LI>Max Depth = 8<LI>Call Chain = _get_lc_numeric
</UL>
<BR>[Calls]<UL><LI><a href="#[13d]">&gt;&gt;</a>&nbsp;&nbsp;&nbsp;strcmp
</UL>
<BR>[Called By]<UL><LI><a href="#[8e]">&gt;&gt;</a>&nbsp;&nbsp;&nbsp;__rt_lib_init_lc_numeric_2
</UL>

<P><STRONG><a name="[47]"></a>_get_lc_ctype</STRONG> (Thumb, 44 bytes, Stack size 8 bytes, C:\Keil_v5\ARM\ARMCC\Bin\..\lib\armlib\c_w.l(lc_ctype_c.o)(locale$$code))
<BR><BR>[Stack]<UL><LI>Max Depth = 8<LI>Call Chain = _get_lc_ctype
</UL>
<BR>[Calls]<UL><LI><a href="#[13d]">&gt;&gt;</a>&nbsp;&nbsp;&nbsp;strcmp
</UL>
<BR>[Called By]<UL><LI><a href="#[8d]">&gt;&gt;</a>&nbsp;&nbsp;&nbsp;__rt_lib_init_lc_ctype_2
</UL>
<BR>[Address Reference Count : 1]<UL><LI> rt_ctype_table.o(.text)
</UL>
<P><STRONG><a name="[12f]"></a>SingletonPtr&lang;PlatformMutex&rang;::operator -&rang;()</STRONG> (Thumb, 36 bytes, Stack size 8 bytes, mbed/TARGET_NUCLEO_F103RB/TOOLCHAIN_ARM_STD/mbed.ar(FileBase.o)(t._ZN12SingletonPtrI13PlatformMutexEptEv))
<BR><BR>[Stack]<UL><LI>Max Depth = 704 + Unknown Stack Size
<LI>Call Chain = SingletonPtr&lang;PlatformMutex&rang;::operator -&rang;() &rArr; mbed_assert_internal &rArr; mbed_die &rArr; gpio_init_out &rArr; gpio_init &rArr; pin_function &rArr;  mbed_assert_internal (Cycle)
</UL>
<BR>[Calls]<UL><LI><a href="#[108]">&gt;&gt;</a>&nbsp;&nbsp;&nbsp;mbed_assert_internal
</UL>
<BR>[Called By]<UL><LI><a href="#[12e]">&gt;&gt;</a>&nbsp;&nbsp;&nbsp;mbed::FileBase::lookup(const char*, unsigned)
</UL>

<P><STRONG><a name="[5c]"></a>void mbed::Callback&lang;void()&rang;::function_call&lang;void(*)()&rang;(const void*)</STRONG> (Thumb, 10 bytes, Stack size 8 bytes, .\build\main.o(t._ZN4mbed8CallbackIFvvEE13function_callIPS1_EEvPKv))
<BR><BR>[Stack]<UL><LI>Max Depth = 8<LI>Call Chain = void mbed::Callback&lang;void()&rang;::function_call&lang;void(*)()&rang;(const void*)
</UL>
<BR>[Address Reference Count : 1]<UL><LI> main.o(.constdata__ZZN4mbed8CallbackIFvvEE8generateIPS1_EEvRKT_E3ops)
</UL>
<P><STRONG><a name="[5e]"></a>void mbed::Callback&lang;void()&rang;::function_dtor&lang;void(*)()&rang;(void*)</STRONG> (Thumb, 2 bytes, Stack size 0 bytes, .\build\main.o(t._ZN4mbed8CallbackIFvvEE13function_dtorIPS1_EEvPv))
<BR>[Address Reference Count : 1]<UL><LI> main.o(.constdata__ZZN4mbed8CallbackIFvvEE8generateIPS1_EEvRKT_E3ops)
</UL>
<P><STRONG><a name="[5d]"></a>void mbed::Callback&lang;void()&rang;::function_move&lang;void(*)()&rang;(void*, const void*)</STRONG> (Thumb, 14 bytes, Stack size 0 bytes, .\build\main.o(t._ZN4mbed8CallbackIFvvEE13function_moveIPS1_EEvPvPKv))
<BR>[Address Reference Count : 1]<UL><LI> main.o(.constdata__ZZN4mbed8CallbackIFvvEE8generateIPS1_EEvRKT_E3ops)
</UL>
<P><STRONG><a name="[118]"></a>mbed::Callback&lang;void()&rang;::Callback(void(*)())</STRONG> (Thumb, 50 bytes, Stack size 8 bytes, .\build\main.o(t._ZN4mbed8CallbackIFvvEEC1EPS1_))
<BR><BR>[Stack]<UL><LI>Max Depth = 8<LI>Call Chain = mbed::Callback&lang;void()&rang;::Callback(void(*)())
</UL>
<BR>[Called By]<UL><LI><a href="#[11e]">&gt;&gt;</a>&nbsp;&nbsp;&nbsp;stepperMotor::stepperMotor(PinName, PinName, PinName)
<LI><a href="#[10e]">&gt;&gt;</a>&nbsp;&nbsp;&nbsp;stepperMotor::init()
</UL>

<P><STRONG><a name="[1a3]"></a>mbed::Callback&lang;void()&rang;::Callback__sub_object(void(*)())</STRONG> (Thumb, 0 bytes, Stack size 8 bytes, .\build\main.o(t._ZN4mbed8CallbackIFvvEEC1EPS1_), UNUSED)

<P><STRONG><a name="[11b]"></a>mbed::Callback&lang;void()&rang;::Callback(const mbed::Callback&lang;void()&rang;&)</STRONG> (Thumb, 28 bytes, Stack size 16 bytes, .\build\main.o(t._ZN4mbed8CallbackIFvvEEC1ERKS2_))
<BR><BR>[Stack]<UL><LI>Max Depth = 16<LI>Call Chain = mbed::Callback&lang;void()&rang;::Callback(const mbed::Callback&lang;void()&rang;&)
</UL>
<BR>[Called By]<UL><LI><a href="#[11c]">&gt;&gt;</a>&nbsp;&nbsp;&nbsp;mbed::Ticker::attach_us(mbed::Callback&lang;void()&rang;, unsigned long long)
<LI><a href="#[10e]">&gt;&gt;</a>&nbsp;&nbsp;&nbsp;stepperMotor::init()
</UL>

<P><STRONG><a name="[1a4]"></a>mbed::Callback&lang;void()&rang;::Callback__sub_object(const mbed::Callback&lang;void()&rang;&)</STRONG> (Thumb, 0 bytes, Stack size 16 bytes, .\build\main.o(t._ZN4mbed8CallbackIFvvEEC1ERKS2_), UNUSED)

<P><STRONG><a name="[11d]"></a>mbed::Callback&lang;void()&rang;::~Callback()</STRONG> (Thumb, 20 bytes, Stack size 8 bytes, .\build\main.o(t._ZN4mbed8CallbackIFvvEED1Ev))
<BR><BR>[Stack]<UL><LI>Max Depth = 8<LI>Call Chain = mbed::Callback&lang;void()&rang;::~Callback()
</UL>
<BR>[Called By]<UL><LI><a href="#[11c]">&gt;&gt;</a>&nbsp;&nbsp;&nbsp;mbed::Ticker::attach_us(mbed::Callback&lang;void()&rang;, unsigned long long)
<LI><a href="#[4c]">&gt;&gt;</a>&nbsp;&nbsp;&nbsp;stepperMotor::~stepperMotor()
<LI><a href="#[10e]">&gt;&gt;</a>&nbsp;&nbsp;&nbsp;stepperMotor::init()
</UL>

<P><STRONG><a name="[1a5]"></a>mbed::Callback&lang;void()&rang;::~Callback__sub_object()</STRONG> (Thumb, 0 bytes, Stack size 8 bytes, .\build\main.o(t._ZN4mbed8CallbackIFvvEED1Ev), UNUSED)

<P><STRONG><a name="[119]"></a>__aeabi_fmul</STRONG> (Thumb, 0 bytes, Stack size 16 bytes, C:\Keil_v5\ARM\ARMCC\Bin\..\lib\armlib\fz_ws.l(fmul.o)(x$fpl$fmul))
<BR><BR>[Stack]<UL><LI>Max Depth = 16<LI>Call Chain = __aeabi_fmul
</UL>
<BR>[Called By]<UL><LI><a href="#[10e]">&gt;&gt;</a>&nbsp;&nbsp;&nbsp;stepperMotor::init()
</UL>

<P><STRONG><a name="[163]"></a>_fmul</STRONG> (Thumb, 258 bytes, Stack size 16 bytes, C:\Keil_v5\ARM\ARMCC\Bin\..\lib\armlib\fz_ws.l(fmul.o)(x$fpl$fmul), UNUSED)
<BR><BR>[Calls]<UL><LI><a href="#[164]">&gt;&gt;</a>&nbsp;&nbsp;&nbsp;__fpl_fretinf
<LI><a href="#[165]">&gt;&gt;</a>&nbsp;&nbsp;&nbsp;__fpl_fnaninf
</UL>

<P><STRONG><a name="[165]"></a>__fpl_fnaninf</STRONG> (Thumb, 140 bytes, Stack size 8 bytes, C:\Keil_v5\ARM\ARMCC\Bin\..\lib\armlib\fz_ws.l(fnaninf.o)(x$fpl$fnaninf), UNUSED)
<BR><BR>[Called By]<UL><LI><a href="#[163]">&gt;&gt;</a>&nbsp;&nbsp;&nbsp;_fmul
<LI><a href="#[166]">&gt;&gt;</a>&nbsp;&nbsp;&nbsp;_ll_ufrom_f
</UL>

<P><STRONG><a name="[164]"></a>__fpl_fretinf</STRONG> (Thumb, 10 bytes, Stack size 0 bytes, C:\Keil_v5\ARM\ARMCC\Bin\..\lib\armlib\fz_ws.l(fretinf.o)(x$fpl$fretinf), UNUSED)
<BR><BR>[Called By]<UL><LI><a href="#[163]">&gt;&gt;</a>&nbsp;&nbsp;&nbsp;_fmul
</UL>

<P><STRONG><a name="[11a]"></a>__aeabi_f2ulz</STRONG> (Thumb, 0 bytes, Stack size 16 bytes, C:\Keil_v5\ARM\ARMCC\Bin\..\lib\armlib\fz_ws.l(ffixull.o)(x$fpl$llufromf))
<BR><BR>[Stack]<UL><LI>Max Depth = 16<LI>Call Chain = __aeabi_f2ulz
</UL>
<BR>[Called By]<UL><LI><a href="#[10e]">&gt;&gt;</a>&nbsp;&nbsp;&nbsp;stepperMotor::init()
</UL>

<P><STRONG><a name="[166]"></a>_ll_ufrom_f</STRONG> (Thumb, 92 bytes, Stack size 16 bytes, C:\Keil_v5\ARM\ARMCC\Bin\..\lib\armlib\fz_ws.l(ffixull.o)(x$fpl$llufromf), UNUSED)
<BR><BR>[Calls]<UL><LI><a href="#[165]">&gt;&gt;</a>&nbsp;&nbsp;&nbsp;__fpl_fnaninf
</UL>

<P><STRONG><a name="[6c]"></a>_printf_fp_dec</STRONG> (Thumb, 4 bytes, Stack size 0 bytes, C:\Keil_v5\ARM\ARMCC\Bin\..\lib\armlib\fz_ws.l(printf1.o)(x$fpl$printf1))
<BR><BR>[Stack]<UL><LI>Max Depth = 320<LI>Call Chain = _printf_fp_dec &rArr; _printf_fp_dec_real &rArr; _fp_digits &rArr; _btod_etento &rArr; _btod_emul &rArr; _e2e
</UL>
<BR>[Calls]<UL><LI><a href="#[d7]">&gt;&gt;</a>&nbsp;&nbsp;&nbsp;_printf_fp_dec_real
</UL>
<BR>[Called By]<UL><LI><a href="#[6e]">&gt;&gt;</a>&nbsp;&nbsp;&nbsp;_printf_g
<LI><a href="#[6d]">&gt;&gt;</a>&nbsp;&nbsp;&nbsp;_printf_e
<LI><a href="#[6b]">&gt;&gt;</a>&nbsp;&nbsp;&nbsp;_printf_f
</UL>

<P><STRONG><a name="[70]"></a>_printf_fp_hex</STRONG> (Thumb, 4 bytes, Stack size 0 bytes, C:\Keil_v5\ARM\ARMCC\Bin\..\lib\armlib\fz_ws.l(printf2.o)(x$fpl$printf2))
<BR><BR>[Stack]<UL><LI>Max Depth = 112<LI>Call Chain = _printf_fp_hex &rArr; _printf_fp_hex_real &rArr; _printf_fp_infnan &rArr; _printf_post_padding
</UL>
<BR>[Calls]<UL><LI><a href="#[da]">&gt;&gt;</a>&nbsp;&nbsp;&nbsp;_printf_fp_hex_real
</UL>
<BR>[Called By]<UL><LI><a href="#[6f]">&gt;&gt;</a>&nbsp;&nbsp;&nbsp;_printf_a
</UL>
<P>
<H3>
Local Symbols
</H3>
<P><STRONG><a name="[123]"></a>gpio_read(gpio_t*)</STRONG> (Thumb, 20 bytes, Stack size 0 bytes, .\build\main.o(i._Z9gpio_readP6gpio_t))
<BR><BR>[Called By]<UL><LI><a href="#[10a]">&gt;&gt;</a>&nbsp;&nbsp;&nbsp;mbed::DigitalIn::read()
<LI><a href="#[105]">&gt;&gt;</a>&nbsp;&nbsp;&nbsp;mbed::DigitalOut::operator int()
</UL>

<P><STRONG><a name="[5f]"></a>__sti___8_main_cpp_77b7c9ba</STRONG> (Thumb, 94 bytes, Stack size 8 bytes, .\build\main.o(i.__sti___8_main_cpp_77b7c9ba))
<BR><BR>[Stack]<UL><LI>Max Depth = 760 + Unknown Stack Size
<LI>Call Chain = __sti___8_main_cpp_77b7c9ba &rArr; stepperMotor::stepperMotor(PinName, PinName, PinName) &rArr; mbed::TimerEvent::TimerEvent__sub_object() &rArr; ticker_set_handler &rArr; core_util_critical_section_exit &rArr; hal_critical_section_exit &rArr; mbed_assert_internal &rArr; mbed_die &rArr; gpio_init_out &rArr; gpio_init &rArr; pin_function &rArr;  mbed_assert_internal (Cycle)
</UL>
<BR>[Calls]<UL><LI><a href="#[138]">&gt;&gt;</a>&nbsp;&nbsp;&nbsp;mbed::DigitalIn::DigitalIn(PinName)
<LI><a href="#[11e]">&gt;&gt;</a>&nbsp;&nbsp;&nbsp;stepperMotor::stepperMotor(PinName, PinName, PinName)
<LI><a href="#[115]">&gt;&gt;</a>&nbsp;&nbsp;&nbsp;__aeabi_atexit
</UL>
<BR>[Address Reference Count : 1]<UL><LI> main.o(.init_array)
</UL>
<P><STRONG><a name="[ec]"></a>can_irq</STRONG> (Thumb, 288 bytes, Stack size 88 bytes, mbed/TARGET_NUCLEO_F103RB/TOOLCHAIN_ARM_STD/can_api.o(i.can_irq))
<BR><BR>[Stack]<UL><LI>Max Depth = 88<LI>Call Chain = can_irq
</UL>
<BR>[Called By]<UL><LI><a href="#[2b]">&gt;&gt;</a>&nbsp;&nbsp;&nbsp;USB_LP_CAN1_RX0_IRQHandler
<LI><a href="#[2a]">&gt;&gt;</a>&nbsp;&nbsp;&nbsp;USB_HP_CAN1_TX_IRQHandler
<LI><a href="#[2d]">&gt;&gt;</a>&nbsp;&nbsp;&nbsp;CAN1_SCE_IRQHandler
</UL>

<P><STRONG><a name="[107]"></a>reserve_filehandle()</STRONG> (Thumb, 154 bytes, Stack size 16 bytes, mbed/TARGET_NUCLEO_F103RB/TOOLCHAIN_ARM_STD/mbed_retarget.o(i._Z18reserve_filehandlev))
<BR><BR>[Stack]<UL><LI>Max Depth = 712 + Unknown Stack Size
<LI>Call Chain = reserve_filehandle() &rArr; mbed_assert_internal &rArr; mbed_die &rArr; gpio_init_out &rArr; gpio_init &rArr; pin_function &rArr;  mbed_assert_internal (Cycle)
</UL>
<BR>[Calls]<UL><LI><a href="#[108]">&gt;&gt;</a>&nbsp;&nbsp;&nbsp;mbed_assert_internal
<LI><a href="#[dd]">&gt;&gt;</a>&nbsp;&nbsp;&nbsp;__aeabi_errno_addr
</UL>
<BR>[Called By]<UL><LI><a href="#[13e]">&gt;&gt;</a>&nbsp;&nbsp;&nbsp;open
</UL>

<P><STRONG><a name="[10f]"></a>get_fhc(int)</STRONG> (Thumb, 138 bytes, Stack size 24 bytes, mbed/TARGET_NUCLEO_F103RB/TOOLCHAIN_ARM_STD/mbed_retarget.o(i._Z7get_fhci))
<BR><BR>[Stack]<UL><LI>Max Depth = 416 + Unknown Stack Size
<LI>Call Chain = get_fhc(int) &rArr; serial_init &rArr;  mbed_assert_internal (Cycle)
</UL>
<BR>[Calls]<UL><LI><a href="#[111]">&gt;&gt;</a>&nbsp;&nbsp;&nbsp;mbed::mbed_target_override_console(int)
<LI><a href="#[110]">&gt;&gt;</a>&nbsp;&nbsp;&nbsp;mbed::mbed_override_console(int)
<LI><a href="#[114]">&gt;&gt;</a>&nbsp;&nbsp;&nbsp;serial_baud
<LI><a href="#[116]">&gt;&gt;</a>&nbsp;&nbsp;&nbsp;__cxa_guard_release
<LI><a href="#[112]">&gt;&gt;</a>&nbsp;&nbsp;&nbsp;__cxa_guard_acquire
<LI><a href="#[113]">&gt;&gt;</a>&nbsp;&nbsp;&nbsp;serial_init
<LI><a href="#[115]">&gt;&gt;</a>&nbsp;&nbsp;&nbsp;__aeabi_atexit
</UL>
<BR>[Called By]<UL><LI><a href="#[ca]">&gt;&gt;</a>&nbsp;&nbsp;&nbsp;_sys_write
<LI><a href="#[c9]">&gt;&gt;</a>&nbsp;&nbsp;&nbsp;_sys_seek
<LI><a href="#[b2]">&gt;&gt;</a>&nbsp;&nbsp;&nbsp;_sys_open
<LI><a href="#[c4]">&gt;&gt;</a>&nbsp;&nbsp;&nbsp;_sys_istty
<LI><a href="#[c6]">&gt;&gt;</a>&nbsp;&nbsp;&nbsp;_sys_flen
<LI><a href="#[b5]">&gt;&gt;</a>&nbsp;&nbsp;&nbsp;_sys_close
</UL>

<P><STRONG><a name="[15b]"></a>stm_pin_PullConfig</STRONG> (Thumb, 248 bytes, Stack size 12 bytes, mbed/TARGET_NUCLEO_F103RB/TOOLCHAIN_ARM_STD/pinmap.o(i.stm_pin_PullConfig))
<BR><BR>[Stack]<UL><LI>Max Depth = 12<LI>Call Chain = stm_pin_PullConfig
</UL>
<BR>[Called By]<UL><LI><a href="#[14a]">&gt;&gt;</a>&nbsp;&nbsp;&nbsp;pin_function
<LI><a href="#[14d]">&gt;&gt;</a>&nbsp;&nbsp;&nbsp;pin_mode
</UL>

<P><STRONG><a name="[143]"></a>debug</STRONG> (Thumb, 20 bytes, Stack size 24 bytes, mbed/TARGET_NUCLEO_F103RB/TOOLCHAIN_ARM_STD/serial_api.o(i.debug))
<BR><BR>[Stack]<UL><LI>Max Depth = 144 + Unknown Stack Size
<LI>Call Chain = debug &rArr; vfprintf &rArr; _printf_char_file &rArr; _printf_char_common &rArr; __printf
</UL>
<BR>[Calls]<UL><LI><a href="#[a0]">&gt;&gt;</a>&nbsp;&nbsp;&nbsp;vfprintf
</UL>
<BR>[Called By]<UL><LI><a href="#[114]">&gt;&gt;</a>&nbsp;&nbsp;&nbsp;serial_baud
</UL>

<P><STRONG><a name="[ff]"></a>UART_SetConfig</STRONG> (Thumb, 432 bytes, Stack size 24 bytes, mbed/TARGET_NUCLEO_F103RB/TOOLCHAIN_ARM_STD/stm32f1xx_hal_uart.o(i.UART_SetConfig))
<BR><BR>[Stack]<UL><LI>Max Depth = 24<LI>Call Chain = UART_SetConfig
</UL>
<BR>[Calls]<UL><LI><a href="#[104]">&gt;&gt;</a>&nbsp;&nbsp;&nbsp;HAL_RCC_GetPCLK2Freq
<LI><a href="#[103]">&gt;&gt;</a>&nbsp;&nbsp;&nbsp;HAL_RCC_GetPCLK1Freq
</UL>
<BR>[Called By]<UL><LI><a href="#[fd]">&gt;&gt;</a>&nbsp;&nbsp;&nbsp;HAL_UART_Init
</UL>

<P><STRONG><a name="[144]"></a>handle_error</STRONG> (Thumb, 134 bytes, Stack size 48 bytes, mbed/TARGET_NUCLEO_F103RB/TOOLCHAIN_ARM_STD/mbed.ar(mbed_error.o)(i.handle_error))
<BR><BR>[Stack]<UL><LI>Max Depth = 64 + In Cycle
<LI>Call Chain = handle_error &rArr;  core_util_critical_section_exit (Cycle)
</UL>
<BR>[Calls]<UL><LI><a href="#[12b]">&gt;&gt;</a>&nbsp;&nbsp;&nbsp;core_util_critical_section_exit
<LI><a href="#[12a]">&gt;&gt;</a>&nbsp;&nbsp;&nbsp;core_util_critical_section_enter
<LI><a href="#[14e]">&gt;&gt;</a>&nbsp;&nbsp;&nbsp;mbed_error_hist_put
</UL>
<BR>[Called By]<UL><LI><a href="#[156]">&gt;&gt;</a>&nbsp;&nbsp;&nbsp;mbed_error
<LI><a href="#[102]">&gt;&gt;</a>&nbsp;&nbsp;&nbsp;error
</UL>

<P><STRONG><a name="[145]"></a>print_error_report</STRONG> (Thumb, 200 bytes, Stack size 32 bytes, mbed/TARGET_NUCLEO_F103RB/TOOLCHAIN_ARM_STD/mbed.ar(mbed_error.o)(i.print_error_report))
<BR><BR>[Stack]<UL><LI>Max Depth = 320 + Unknown Stack Size
<LI>Call Chain = print_error_report &rArr; mbed_error_printf &rArr;  serial_init (Cycle)
</UL>
<BR>[Calls]<UL><LI><a href="#[154]">&gt;&gt;</a>&nbsp;&nbsp;&nbsp;mbed_error_printf
</UL>
<BR>[Called By]<UL><LI><a href="#[156]">&gt;&gt;</a>&nbsp;&nbsp;&nbsp;mbed_error
<LI><a href="#[102]">&gt;&gt;</a>&nbsp;&nbsp;&nbsp;error
</UL>

<P><STRONG><a name="[150]"></a>initialize</STRONG> (Thumb, 234 bytes, Stack size 40 bytes, mbed/TARGET_NUCLEO_F103RB/TOOLCHAIN_ARM_STD/mbed.ar(mbed_ticker_api.o)(i.initialize))
<BR><BR>[Stack]<UL><LI>Max Depth = 160 + In Cycle
<LI>Call Chain = initialize &rArr;  mbed_assert_internal (Cycle)
</UL>
<BR>[Calls]<UL><LI><a href="#[108]">&gt;&gt;</a>&nbsp;&nbsp;&nbsp;mbed_assert_internal
<LI><a href="#[151]">&gt;&gt;</a>&nbsp;&nbsp;&nbsp;__aeabi_llsl
<LI><a href="#[f0]">&gt;&gt;</a>&nbsp;&nbsp;&nbsp;__aeabi_uldivmod
<LI><a href="#[152]">&gt;&gt;</a>&nbsp;&nbsp;&nbsp;update_present_time
<LI><a href="#[153]">&gt;&gt;</a>&nbsp;&nbsp;&nbsp;schedule_interrupt
</UL>
<BR>[Called By]<UL><LI><a href="#[160]">&gt;&gt;</a>&nbsp;&nbsp;&nbsp;ticker_read
<LI><a href="#[ef]">&gt;&gt;</a>&nbsp;&nbsp;&nbsp;ticker_read_us
<LI><a href="#[128]">&gt;&gt;</a>&nbsp;&nbsp;&nbsp;ticker_set_handler
</UL>

<P><STRONG><a name="[153]"></a>schedule_interrupt</STRONG> (Thumb, 240 bytes, Stack size 32 bytes, mbed/TARGET_NUCLEO_F103RB/TOOLCHAIN_ARM_STD/mbed.ar(mbed_ticker_api.o)(i.schedule_interrupt))
<BR><BR>[Stack]<UL><LI>Max Depth = 120<LI>Call Chain = schedule_interrupt &rArr; update_present_time &rArr; __aeabi_uldivmod
</UL>
<BR>[Calls]<UL><LI><a href="#[151]">&gt;&gt;</a>&nbsp;&nbsp;&nbsp;__aeabi_llsl
<LI><a href="#[f0]">&gt;&gt;</a>&nbsp;&nbsp;&nbsp;__aeabi_uldivmod
<LI><a href="#[152]">&gt;&gt;</a>&nbsp;&nbsp;&nbsp;update_present_time
</UL>
<BR>[Called By]<UL><LI><a href="#[150]">&gt;&gt;</a>&nbsp;&nbsp;&nbsp;initialize
<LI><a href="#[60]">&gt;&gt;</a>&nbsp;&nbsp;&nbsp;ticker_irq_handler
<LI><a href="#[127]">&gt;&gt;</a>&nbsp;&nbsp;&nbsp;ticker_remove_event
<LI><a href="#[125]">&gt;&gt;</a>&nbsp;&nbsp;&nbsp;ticker_insert_event_us
</UL>

<P><STRONG><a name="[152]"></a>update_present_time</STRONG> (Thumb, 252 bytes, Stack size 40 bytes, mbed/TARGET_NUCLEO_F103RB/TOOLCHAIN_ARM_STD/mbed.ar(mbed_ticker_api.o)(i.update_present_time))
<BR><BR>[Stack]<UL><LI>Max Depth = 88<LI>Call Chain = update_present_time &rArr; __aeabi_uldivmod
</UL>
<BR>[Calls]<UL><LI><a href="#[162]">&gt;&gt;</a>&nbsp;&nbsp;&nbsp;__aeabi_llsr
<LI><a href="#[151]">&gt;&gt;</a>&nbsp;&nbsp;&nbsp;__aeabi_llsl
<LI><a href="#[f0]">&gt;&gt;</a>&nbsp;&nbsp;&nbsp;__aeabi_uldivmod
</UL>
<BR>[Called By]<UL><LI><a href="#[160]">&gt;&gt;</a>&nbsp;&nbsp;&nbsp;ticker_read
<LI><a href="#[ef]">&gt;&gt;</a>&nbsp;&nbsp;&nbsp;ticker_read_us
<LI><a href="#[153]">&gt;&gt;</a>&nbsp;&nbsp;&nbsp;schedule_interrupt
<LI><a href="#[150]">&gt;&gt;</a>&nbsp;&nbsp;&nbsp;initialize
<LI><a href="#[60]">&gt;&gt;</a>&nbsp;&nbsp;&nbsp;ticker_irq_handler
<LI><a href="#[125]">&gt;&gt;</a>&nbsp;&nbsp;&nbsp;ticker_insert_event_us
</UL>

<P><STRONG><a name="[45]"></a>_printf_input_char</STRONG> (Thumb, 10 bytes, Stack size 0 bytes, C:\Keil_v5\ARM\ARMCC\Bin\..\lib\armlib\c_w.l(_printf_char_common.o)(.text))
<BR>[Address Reference Count : 1]<UL><LI> _printf_char_common.o(.text)
</UL>
<P><STRONG><a name="[d2]"></a>_fp_digits</STRONG> (Thumb, 428 bytes, Stack size 96 bytes, C:\Keil_v5\ARM\ARMCC\Bin\..\lib\armlib\c_w.l(_printf_fp_dec.o)(.text))
<BR><BR>[Stack]<UL><LI>Max Depth = 216<LI>Call Chain = _fp_digits &rArr; _btod_etento &rArr; _btod_emul &rArr; _e2e
</UL>
<BR>[Calls]<UL><LI><a href="#[c2]">&gt;&gt;</a>&nbsp;&nbsp;&nbsp;_ll_udiv10
<LI><a href="#[d6]">&gt;&gt;</a>&nbsp;&nbsp;&nbsp;_btod_emul
<LI><a href="#[d5]">&gt;&gt;</a>&nbsp;&nbsp;&nbsp;_btod_ediv
<LI><a href="#[d4]">&gt;&gt;</a>&nbsp;&nbsp;&nbsp;_btod_d2e
<LI><a href="#[d3]">&gt;&gt;</a>&nbsp;&nbsp;&nbsp;_btod_etento
</UL>
<BR>[Called By]<UL><LI><a href="#[d7]">&gt;&gt;</a>&nbsp;&nbsp;&nbsp;_printf_fp_dec_real
</UL>
<P>
<H3>
Undefined Global Symbols
</H3><HR></body></html>
