Component: ARM Compiler 5.05 update 1 (build 106) Tool: armlink [4d0efa]

==============================================================================

Section Cross References

    .\build\main.o(i._Z11toggle_stepv) refers to .\build\main.o(i._ZN4mbed10DigitalOutaSEi) for mbed::DigitalOut::operator =(int)
    .\build\main.o(i._Z11toggle_stepv) refers to .\build\main.o(.data) for remain
    .\build\main.o(i._Z11toggle_stepv) refers to .\build\main.o(.bss) for step
    .\build\main.o(i.__sti___8_main_cpp_a73b0819) refers to mbed/TARGET_NUCLEO_F103RB/TOOLCHAIN_ARM_STD/mbed.ar(TimerEvent.o)(i._ZN4mbed10TimerEventC2Ev) for mbed::TimerEvent::TimerEvent__sub_object()
    .\build\main.o(i.__sti___8_main_cpp_a73b0819) refers to .\build\main.o(t._ZN4mbed8CallbackIFvvEEC1EPS1_) for mbed::Callback<void()>::Callback(void(*)())
    .\build\main.o(i.__sti___8_main_cpp_a73b0819) refers to mbed/TARGET_NUCLEO_F103RB/TOOLCHAIN_ARM_STD/mbed_retarget.o(i.__aeabi_atexit) for __aeabi_atexit
    .\build\main.o(i.__sti___8_main_cpp_a73b0819) refers to .\build\main.o(i._ZN4mbed10DigitalOutC1E7PinName) for mbed::DigitalOut::DigitalOut(PinName)
    .\build\main.o(i.__sti___8_main_cpp_a73b0819) refers to C:\Keil_v5\ARM\ARMCC\Bin\..\lib\armlib\fz_ws.l(ddiv.o)(x$fpl$ddiv) for __aeabi_ddiv
    .\build\main.o(i.__sti___8_main_cpp_a73b0819) refers to .\build\main.o(.bss) for ticker_step
    .\build\main.o(i.__sti___8_main_cpp_a73b0819) refers to mbed/TARGET_NUCLEO_F103RB/TOOLCHAIN_ARM_STD/mbed.ar(Ticker.o)(.constdata__ZTVN4mbed6TickerE) for vtable for mbed::Ticker
    .\build\main.o(i.__sti___8_main_cpp_a73b0819) refers to mbed/TARGET_NUCLEO_F103RB/TOOLCHAIN_ARM_STD/mbed.ar(Ticker.o)(i._ZN4mbed6TickerD1Ev) for mbed::Ticker::~Ticker()
    .\build\main.o(i.__sti___8_main_cpp_a73b0819) refers to .\build\main.o(.data) for pitch
    .\build\main.o(i.main) refers to .\build\main.o(t._ZN4mbed8CallbackIFvvEEC1EPS1_) for mbed::Callback<void()>::Callback(void(*)())
    .\build\main.o(i.main) refers to C:\Keil_v5\ARM\ARMCC\Bin\..\lib\armlib\fz_ws.l(fmul.o)(x$fpl$fmul) for __aeabi_fmul
    .\build\main.o(i.main) refers to C:\Keil_v5\ARM\ARMCC\Bin\..\lib\armlib\fz_ws.l(ffixull.o)(x$fpl$llufromf) for __aeabi_f2ulz
    .\build\main.o(i.main) refers to .\build\main.o(t._ZN4mbed8CallbackIFvvEEC1ERKS2_) for mbed::Callback<void()>::Callback(const mbed::Callback<void()>&)
    .\build\main.o(i.main) refers to .\build\main.o(i._ZN4mbed6Ticker9attach_usENS_8CallbackIFvvEEEy) for mbed::Ticker::attach_us(mbed::Callback<void()>, unsigned long long)
    .\build\main.o(i.main) refers to .\build\main.o(t._ZN4mbed8CallbackIFvvEED1Ev) for mbed::Callback<void()>::~Callback()
    .\build\main.o(i.main) refers to .\build\main.o(i._ZN4mbed10DigitalOutaSEi) for mbed::DigitalOut::operator =(int)
    .\build\main.o(i.main) refers to C:\Keil_v5\ARM\ARMCC\Bin\..\lib\armlib\fz_ws.l(dmul.o)(x$fpl$dmul) for __aeabi_dmul
    .\build\main.o(i.main) refers to C:\Keil_v5\ARM\ARMCC\Bin\..\lib\armlib\fz_ws.l(dfix.o)(x$fpl$dfix) for __aeabi_d2iz
    .\build\main.o(i.main) refers to .\build\main.o(.bss) for ticker_step
    .\build\main.o(i.main) refers to .\build\main.o(i._Z11toggle_stepv) for toggle_step()
    .\build\main.o(i.main) refers to .\build\main.o(.data) for circle
    .\build\main.o(.ARM.exidx) refers to .\build\main.o(i._Z11toggle_stepv) for i._Z11toggle_stepv
    .\build\main.o(.ARM.exidx) refers to .\build\main.o(i.main) for i.main
    .\build\main.o(.ARM.exidx) refers to .\build\main.o(i.__sti___8_main_cpp_a73b0819) for i.__sti___8_main_cpp_a73b0819
    .\build\main.o(.init_array) refers to .\build\main.o(i.__sti___8_main_cpp_a73b0819) for __sti___8_main_cpp_a73b0819
    .\build\main.o(.init_array) refers to C:\Keil_v5\ARM\ARMCC\Bin\..\lib\armlib\c_w.l(init_aeabi.o)(.text) for __cpp_initialize__aeabi_
    mbed/TARGET_NUCLEO_F103RB/TOOLCHAIN_ARM_STD/analogin_api.o(i.adc_read) refers to mbed/TARGET_NUCLEO_F103RB/TOOLCHAIN_ARM_STD/stm32f1xx_hal_adc.o(i.HAL_ADC_ConfigChannel) for HAL_ADC_ConfigChannel
    mbed/TARGET_NUCLEO_F103RB/TOOLCHAIN_ARM_STD/analogin_api.o(i.adc_read) refers to mbed/TARGET_NUCLEO_F103RB/TOOLCHAIN_ARM_STD/stm32f1xx_hal_adc.o(i.HAL_ADC_Start) for HAL_ADC_Start
    mbed/TARGET_NUCLEO_F103RB/TOOLCHAIN_ARM_STD/analogin_api.o(i.adc_read) refers to mbed/TARGET_NUCLEO_F103RB/TOOLCHAIN_ARM_STD/stm32f1xx_hal_adc.o(i.HAL_ADC_PollForConversion) for HAL_ADC_PollForConversion
    mbed/TARGET_NUCLEO_F103RB/TOOLCHAIN_ARM_STD/analogin_api.o(i.adc_read) refers to mbed/TARGET_NUCLEO_F103RB/TOOLCHAIN_ARM_STD/stm32f1xx_hal_adc.o(i.HAL_ADC_GetValue) for HAL_ADC_GetValue
    mbed/TARGET_NUCLEO_F103RB/TOOLCHAIN_ARM_STD/analogin_api.o(i.analogin_init) refers to mbed/TARGET_NUCLEO_F103RB/TOOLCHAIN_ARM_STD/mbed.ar(mbed_pinmap_common.o)(i.pinmap_peripheral) for pinmap_peripheral
    mbed/TARGET_NUCLEO_F103RB/TOOLCHAIN_ARM_STD/analogin_api.o(i.analogin_init) refers to mbed/TARGET_NUCLEO_F103RB/TOOLCHAIN_ARM_STD/mbed.ar(mbed_pinmap_common.o)(i.pinmap_function) for pinmap_function
[...]
    HAL_Init                                 0x08002499   Thumb Code    32  mbed/TARGET_NUCLEO_F103RB/TOOLCHAIN_ARM_STD/stm32f1xx_hal.o(i.HAL_Init)
    HAL_InitTick                             0x080024bd   Thumb Code   166  mbed/TARGET_NUCLEO_F103RB/TOOLCHAIN_ARM_STD/hal_tick_16b.o(i.HAL_InitTick)
    HAL_MspInit                              0x08002585   Thumb Code     2  mbed/TARGET_NUCLEO_F103RB/TOOLCHAIN_ARM_STD/stm32f1xx_hal.o(i.HAL_MspInit)
    HAL_NVIC_SetPriorityGrouping             0x08002589   Thumb Code    30  mbed/TARGET_NUCLEO_F103RB/TOOLCHAIN_ARM_STD/stm32f1xx_hal_cortex.o(i.HAL_NVIC_SetPriorityGrouping)
    HAL_RCC_ClockConfig                      0x080025ad   Thumb Code   448  mbed/TARGET_NUCLEO_F103RB/TOOLCHAIN_ARM_STD/stm32f1xx_hal_rcc.o(i.HAL_RCC_ClockConfig)
    HAL_RCC_GetPCLK1Freq                     0x0800278d   Thumb Code    20  mbed/TARGET_NUCLEO_F103RB/TOOLCHAIN_ARM_STD/stm32f1xx_hal_rcc.o(i.HAL_RCC_GetPCLK1Freq)
    HAL_RCC_GetPCLK2Freq                     0x080027ad   Thumb Code    20  mbed/TARGET_NUCLEO_F103RB/TOOLCHAIN_ARM_STD/stm32f1xx_hal_rcc.o(i.HAL_RCC_GetPCLK2Freq)
    HAL_RCC_GetSysClockFreq                  0x080027cd   Thumb Code    84  mbed/TARGET_NUCLEO_F103RB/TOOLCHAIN_ARM_STD/stm32f1xx_hal_rcc.o(i.HAL_RCC_GetSysClockFreq)
    HAL_RCC_OscConfig                        0x08002841   Thumb Code   908  mbed/TARGET_NUCLEO_F103RB/TOOLCHAIN_ARM_STD/stm32f1xx_hal_rcc.o(i.HAL_RCC_OscConfig)
    HAL_TIM_Base_Init                        0x08002be1   Thumb Code    54  mbed/TARGET_NUCLEO_F103RB/TOOLCHAIN_ARM_STD/stm32f1xx_hal_tim.o(i.HAL_TIM_Base_Init)
    HAL_TIM_Base_MspInit                     0x08002c17   Thumb Code     2  mbed/TARGET_NUCLEO_F103RB/TOOLCHAIN_ARM_STD/stm32f1xx_hal_tim.o(i.HAL_TIM_Base_MspInit)
    HAL_TIM_Base_Start                       0x08002c19   Thumb Code    26  mbed/TARGET_NUCLEO_F103RB/TOOLCHAIN_ARM_STD/stm32f1xx_hal_tim.o(i.HAL_TIM_Base_Start)
    HAL_TIM_GenerateEvent                    0x08002c33   Thumb Code    38  mbed/TARGET_NUCLEO_F103RB/TOOLCHAIN_ARM_STD/stm32f1xx_hal_tim.o(i.HAL_TIM_GenerateEvent)
    HAL_TIM_OC_Start                         0x08002c59   Thumb Code    54  mbed/TARGET_NUCLEO_F103RB/TOOLCHAIN_ARM_STD/stm32f1xx_hal_tim.o(i.HAL_TIM_OC_Start)
    HAL_UART_Init                            0x08002c8f   Thumb Code    98  mbed/TARGET_NUCLEO_F103RB/TOOLCHAIN_ARM_STD/stm32f1xx_hal_uart.o(i.HAL_UART_Init)
    HAL_UART_MspInit                         0x08002cf1   Thumb Code     2  mbed/TARGET_NUCLEO_F103RB/TOOLCHAIN_ARM_STD/stm32f1xx_hal_uart.o(i.HAL_UART_MspInit)
    SetSysClock                              0x08002cf3   Thumb Code   196  mbed/TARGET_NUCLEO_F103RB/TOOLCHAIN_ARM_STD/system_clock.o(i.SetSysClock)
    Set_GPIO_Clock                           0x08002db9   Thumb Code   124  mbed/TARGET_NUCLEO_F103RB/TOOLCHAIN_ARM_STD/gpio_api.o(i.Set_GPIO_Clock)
    SystemCoreClockUpdate                    0x08002e71   Thumb Code    90  mbed/TARGET_NUCLEO_F103RB/TOOLCHAIN_ARM_STD/system_stm32f1xx.o(i.SystemCoreClockUpdate)
    SystemInit                               0x08002ee1   Thumb Code    60  mbed/TARGET_NUCLEO_F103RB/TOOLCHAIN_ARM_STD/system_clock.o(i.SystemInit)
    TIM_Base_SetConfig                       0x08002f29   Thumb Code   106  mbed/TARGET_NUCLEO_F103RB/TOOLCHAIN_ARM_STD/stm32f1xx_hal_tim.o(i.TIM_Base_SetConfig)
    USB_HP_CAN1_TX_IRQHandler                0x08003155   Thumb Code     8  mbed/TARGET_NUCLEO_F103RB/TOOLCHAIN_ARM_STD/can_api.o(i.USB_HP_CAN1_TX_IRQHandler)
    USB_LP_CAN1_RX0_IRQHandler               0x08003161   Thumb Code     8  mbed/TARGET_NUCLEO_F103RB/TOOLCHAIN_ARM_STD/can_api.o(i.USB_LP_CAN1_RX0_IRQHandler)
    toggle_step()                            0x0800316d   Thumb Code    74  .\build\main.o(i._Z11toggle_stepv)
    mbed::DigitalOut::DigitalOut(PinName)    0x080031c1   Thumb Code    26  .\build\main.o(i._ZN4mbed10DigitalOutC1E7PinName)
    mbed::DigitalOut::DigitalOut__sub_object(PinName) 0x080031c1   Thumb Code     0  .\build\main.o(i._ZN4mbed10DigitalOutC1E7PinName)
    mbed::DigitalOut::operator =(int)        0x080031db   Thumb Code    28  .\build\main.o(i._ZN4mbed10DigitalOutaSEi)
    mbed::TimerEvent::insert_absolute(unsigned long long) 0x080031f7   Thumb Code    20  mbed/TARGET_NUCLEO_F103RB/TOOLCHAIN_ARM_STD/mbed.ar(TimerEvent.o)(i._ZN4mbed10TimerEvent15insert_absoluteEy)
    mbed::TimerEvent::irq(unsigned)          0x0800320b   Thumb Code     6  mbed/TARGET_NUCLEO_F103RB/TOOLCHAIN_ARM_STD/mbed.ar(TimerEvent.o)(i._ZN4mbed10TimerEvent3irqEj)
    mbed::TimerEvent::remove()               0x08003211   Thumb Code    12  mbed/TARGET_NUCLEO_F103RB/TOOLCHAIN_ARM_STD/mbed.ar(TimerEvent.o)(i._ZN4mbed10TimerEvent6removeEv)
    mbed::TimerEvent::TimerEvent__sub_object() 0x0800321d   Thumb Code    34  mbed/TARGET_NUCLEO_F103RB/TOOLCHAIN_ARM_STD/mbed.ar(TimerEvent.o)(i._ZN4mbed10TimerEventC2Ev)
    mbed::TimerEvent::~TimerEvent()          0x08003249   Thumb Code     0  mbed/TARGET_NUCLEO_F103RB/TOOLCHAIN_ARM_STD/mbed.ar(TimerEvent.o)(i._ZN4mbed10TimerEventD2Ev)
    mbed::TimerEvent::~TimerEvent__sub_object() 0x08003249   Thumb Code    22  mbed/TARGET_NUCLEO_F103RB/TOOLCHAIN_ARM_STD/mbed.ar(TimerEvent.o)(i._ZN4mbed10TimerEventD2Ev)
    mbed::Ticker::setup(unsigned long long)  0x08003265   Thumb Code    50  mbed/TARGET_NUCLEO_F103RB/TOOLCHAIN_ARM_STD/mbed.ar(Ticker.o)(i._ZN4mbed6Ticker5setupEy)
    mbed::Ticker::handler()                  0x08003297   Thumb Code    42  mbed/TARGET_NUCLEO_F103RB/TOOLCHAIN_ARM_STD/mbed.ar(Ticker.o)(i._ZN4mbed6Ticker7handlerEv)
    mbed::Ticker::attach_us(mbed::Callback<void()>, unsigned long long) 0x080032c1   Thumb Code    82  .\build\main.o(i._ZN4mbed6Ticker9attach_usENS_8CallbackIFvvEEEy)
    mbed::Ticker::~Ticker()                  0x08003315   Thumb Code   118  mbed/TARGET_NUCLEO_F103RB/TOOLCHAIN_ARM_STD/mbed.ar(Ticker.o)(i._ZN4mbed6TickerD1Ev)
    mbed::Ticker::~Ticker__sub_object()      0x08003315   Thumb Code     0  mbed/TARGET_NUCLEO_F103RB/TOOLCHAIN_ARM_STD/mbed.ar(Ticker.o)(i._ZN4mbed6TickerD1Ev)
    mbed::FileBase::getPathType()            0x08003391   Thumb Code     4  mbed/TARGET_NUCLEO_F103RB/TOOLCHAIN_ARM_STD/mbed.ar(FileBase.o)(i._ZN4mbed8FileBase11getPathTypeEv)
    mbed::FileBase::lookup(const char*, unsigned) 0x08003395   Thumb Code    90  mbed/TARGET_NUCLEO_F103RB/TOOLCHAIN_ARM_STD/mbed.ar(FileBase.o)(i._ZN4mbed8FileBase6lookupEPKcj)
    mbed::FilePath::fileSystem()             0x08003401   Thumb Code    30  mbed/TARGET_NUCLEO_F103RB/TOOLCHAIN_ARM_STD/mbed.ar(FilePath.o)(i._ZN4mbed8FilePath10fileSystemEv)
    mbed::FilePath::file()                   0x0800341f   Thumb Code    28  mbed/TARGET_NUCLEO_F103RB/TOOLCHAIN_ARM_STD/mbed.ar(FilePath.o)(i._ZN4mbed8FilePath4fileEv)
    mbed::FilePath::exists()                 0x0800343b   Thumb Code    10  mbed/TARGET_NUCLEO_F103RB/TOOLCHAIN_ARM_STD/mbed.ar(FilePath.o)(i._ZN4mbed8FilePath6existsEv)
    mbed::FilePath::isFile()                 0x08003445   Thumb Code    24  mbed/TARGET_NUCLEO_F103RB/TOOLCHAIN_ARM_STD/mbed.ar(FilePath.o)(i._ZN4mbed8FilePath6isFileEv)
    mbed::FilePath::fileName()               0x0800345d   Thumb Code     4  mbed/TARGET_NUCLEO_F103RB/TOOLCHAIN_ARM_STD/mbed.ar(FilePath.o)(i._ZN4mbed8FilePath8fileNameEv)
    mbed::FilePath::FilePath(const char*)    0x08003461   Thumb Code    64  mbed/TARGET_NUCLEO_F103RB/TOOLCHAIN_ARM_STD/mbed.ar(FilePath.o)(i._ZN4mbed8FilePathC1EPKc)
    mbed::FilePath::FilePath__sub_object(const char*) 0x08003461   Thumb Code     0  mbed/TARGET_NUCLEO_F103RB/TOOLCHAIN_ARM_STD/mbed.ar(FilePath.o)(i._ZN4mbed8FilePathC1EPKc)
    __ARM_fpclassify                         0x080034a1   Thumb Code    40  C:\Keil_v5\ARM\ARMCC\Bin\..\lib\armlib\m_ws.l(fpclassify.o)(i.__ARM_fpclassify)
    __aeabi_atexit                           0x080034c9   Thumb Code     4  mbed/TARGET_NUCLEO_F103RB/TOOLCHAIN_ARM_STD/mbed_retarget.o(i.__aeabi_atexit)
    __cxa_pure_virtual                       0x080034cd   Thumb Code     6  C:\Keil_v5\ARM\ARMCC\Bin\..\lib\cpplib\cpprt_w.l(pure_virt.o)(i.__cxa_pure_virtual)
    __user_setup_stackheap                   0x08003575   Thumb Code     8  mbed/TARGET_NUCLEO_F103RB/TOOLCHAIN_ARM_STD/mbed_retarget.o(i.__user_setup_stackheap)
    _is_digit                                0x0800357d   Thumb Code    14  C:\Keil_v5\ARM\ARMCC\Bin\..\lib\armlib\c_w.l(__printf_wp.o)(i._is_digit)
    _mbed_user_setup_stackheap               0x0800358d   Thumb Code    10  mbed/TARGET_NUCLEO_F103RB/TOOLCHAIN_ARM_STD/mbed_retarget.o(i._mbed_user_setup_stackheap)
    _platform_post_stackheap_init            0x0800359d   Thumb Code    24  mbed/TARGET_NUCLEO_F103RB/TOOLCHAIN_ARM_STD/mbed_sdk_boot.o(i._platform_post_stackheap_init)
    _sys_close                               0x080035b9   Thumb Code    70  mbed/TARGET_NUCLEO_F103RB/TOOLCHAIN_ARM_STD/mbed_retarget.o(i._sys_close)
    _sys_flen                                0x08003605   Thumb Code    70  mbed/TARGET_NUCLEO_F103RB/TOOLCHAIN_ARM_STD/mbed_retarget.o(i._sys_flen)
    _sys_istty                               0x08003651   Thumb Code    58  mbed/TARGET_NUCLEO_F103RB/TOOLCHAIN_ARM_STD/mbed_retarget.o(i._sys_istty)
    _sys_open                                0x08003691   Thumb Code   476  mbed/TARGET_NUCLEO_F103RB/TOOLCHAIN_ARM_STD/mbed_retarget.o(i._sys_open)
    _sys_seek                                0x08003891   Thumb Code    74  mbed/TARGET_NUCLEO_F103RB/TOOLCHAIN_ARM_STD/mbed_retarget.o(i._sys_seek)
    _sys_write                               0x080038e1   Thumb Code   110  mbed/TARGET_NUCLEO_F103RB/TOOLCHAIN_ARM_STD/mbed_retarget.o(i._sys_write)
    core_util_atomic_decr_u16                0x08003a8d   Thumb Code    26  mbed/TARGET_NUCLEO_F103RB/TOOLCHAIN_ARM_STD/mbed.ar(mbed_critical.o)(i.core_util_atomic_decr_u16)
    core_util_atomic_incr_u16                0x08003aa7   Thumb Code    26  mbed/TARGET_NUCLEO_F103RB/TOOLCHAIN_ARM_STD/mbed.ar(mbed_critical.o)(i.core_util_atomic_incr_u16)
    core_util_critical_section_enter         0x08003ac1   Thumb Code    70  mbed/TARGET_NUCLEO_F103RB/TOOLCHAIN_ARM_STD/mbed.ar(mbed_critical.o)(i.core_util_critical_section_enter)
    core_util_critical_section_exit          0x08003b4d   Thumb Code    60  mbed/TARGET_NUCLEO_F103RB/TOOLCHAIN_ARM_STD/mbed.ar(mbed_critical.o)(i.core_util_critical_section_exit)
    error                                    0x08003ba5   Thumb Code    36  mbed/TARGET_NUCLEO_F103RB/TOOLCHAIN_ARM_STD/mbed.ar(mbed_error.o)(i.error)
    exit                                     0x08003bcd   Thumb Code    24  mbed/TARGET_NUCLEO_F103RB/TOOLCHAIN_ARM_STD/mbed_retarget.o(i.exit)
    get_us_ticker_data                       0x08003bed   Thumb Code     4  mbed/TARGET_NUCLEO_F103RB/TOOLCHAIN_ARM_STD/mbed.ar(mbed_us_ticker_api.o)(i.get_us_ticker_data)
    gpio_dir                                 0x08003bf5   Thumb Code   102  mbed/TARGET_NUCLEO_F103RB/TOOLCHAIN_ARM_STD/gpio_api.o(i.gpio_dir)
    gpio_init                                0x08003c5d   Thumb Code    78  mbed/TARGET_NUCLEO_F103RB/TOOLCHAIN_ARM_STD/gpio_api.o(i.gpio_init)
    gpio_init_out                            0x08003cb1   Thumb Code    46  mbed/TARGET_NUCLEO_F103RB/TOOLCHAIN_ARM_STD/mbed.ar(mbed_gpio.o)(i.gpio_init_out)
    gpio_mode                                0x08003cdf   Thumb Code     8  mbed/TARGET_NUCLEO_F103RB/TOOLCHAIN_ARM_STD/gpio_api.o(i.gpio_mode)
    init_uart                                0x08003ce9   Thumb Code   100  mbed/TARGET_NUCLEO_F103RB/TOOLCHAIN_ARM_STD/serial_api.o(i.init_uart)
    $Super$$main                             0x08003d69   Thumb Code   162  .\build\main.o(i.main)
    mbed_assert_internal                     0x08003e31   Thumb Code    32  mbed/TARGET_NUCLEO_F103RB/TOOLCHAIN_ARM_STD/mbed.ar(mbed_assert.o)(i.mbed_assert_internal)
    mbed_die                                 0x08003e85   Thumb Code    84  mbed/TARGET_NUCLEO_F103RB/TOOLCHAIN_ARM_STD/mbed_board.o(i.mbed_die)
    mbed_error_printf                        0x08003ed9   Thumb Code    76  mbed/TARGET_NUCLEO_F103RB/TOOLCHAIN_ARM_STD/mbed_board.o(i.mbed_error_printf)
    mbed_error_vfprintf                      0x08003f2d   Thumb Code    70  mbed/TARGET_NUCLEO_F103RB/TOOLCHAIN_ARM_STD/mbed_board.o(i.mbed_error_vfprintf)
    mbed_main                                0x08003f7d   Thumb Code     2  mbed/TARGET_NUCLEO_F103RB/TOOLCHAIN_ARM_STD/mbed_sdk_boot.o(i.mbed_main)
    mbed_sdk_init                            0x08003f7f   Thumb Code    22  mbed/TARGET_NUCLEO_F103RB/TOOLCHAIN_ARM_STD/mbed_overrides.o(i.mbed_sdk_init)
    pin_function                             0x08003f95   Thumb Code   552  mbed/TARGET_NUCLEO_F103RB/TOOLCHAIN_ARM_STD/pinmap.o(i.pin_function)
    pin_mode                                 0x080041e5   Thumb Code   234  mbed/TARGET_NUCLEO_F103RB/TOOLCHAIN_ARM_STD/pinmap.o(i.pin_mode)
    pinmap_merge                             0x080042ed   Thumb Code    38  mbed/TARGET_NUCLEO_F103RB/TOOLCHAIN_ARM_STD/mbed.ar(mbed_pinmap_common.o)(i.pinmap_merge)
    pinmap_peripheral                        0x08004329   Thumb Code    62  mbed/TARGET_NUCLEO_F103RB/TOOLCHAIN_ARM_STD/mbed.ar(mbed_pinmap_common.o)(i.pinmap_peripheral)
    pinmap_pinout                            0x08004389   Thumb Code    72  mbed/TARGET_NUCLEO_F103RB/TOOLCHAIN_ARM_STD/mbed.ar(mbed_pinmap_common.o)(i.pinmap_pinout)
    serial_baud                              0x0800444b   Thumb Code     6  mbed/TARGET_NUCLEO_F103RB/TOOLCHAIN_ARM_STD/serial_device.o(i.serial_baud)
    serial_init                              0x08004451   Thumb Code   300  mbed/TARGET_NUCLEO_F103RB/TOOLCHAIN_ARM_STD/serial_device.o(i.serial_init)
    serial_putc                              0x080045b5   Thumb Code    46  mbed/TARGET_NUCLEO_F103RB/TOOLCHAIN_ARM_STD/serial_device.o(i.serial_putc)
    serial_writable                          0x080045e9   Thumb Code    18  mbed/TARGET_NUCLEO_F103RB/TOOLCHAIN_ARM_STD/serial_api.o(i.serial_writable)
    sleep_manager_lock_deep_sleep            0x08004601   Thumb Code    44  mbed/TARGET_NUCLEO_F103RB/TOOLCHAIN_ARM_STD/mbed.ar(mbed_sleep_manager.o)(i.sleep_manager_lock_deep_sleep)
    sleep_manager_unlock_deep_sleep          0x08004661   Thumb Code    38  mbed/TARGET_NUCLEO_F103RB/TOOLCHAIN_ARM_STD/mbed.ar(mbed_sleep_manager.o)(i.sleep_manager_unlock_deep_sleep)
    ticker_insert_event_us                   0x080047ad   Thumb Code   112  mbed/TARGET_NUCLEO_F103RB/TOOLCHAIN_ARM_STD/mbed.ar(mbed_ticker_api.o)(i.ticker_insert_event_us)
    ticker_irq_handler                       0x0800481d   Thumb Code    92  mbed/TARGET_NUCLEO_F103RB/TOOLCHAIN_ARM_STD/mbed.ar(mbed_ticker_api.o)(i.ticker_irq_handler)
    ticker_read_us                           0x08004879   Thumb Code    16  mbed/TARGET_NUCLEO_F103RB/TOOLCHAIN_ARM_STD/mbed.ar(mbed_ticker_api.o)(i.ticker_read_us)
    ticker_remove_event                      0x08004889   Thumb Code    56  mbed/TARGET_NUCLEO_F103RB/TOOLCHAIN_ARM_STD/mbed.ar(mbed_ticker_api.o)(i.ticker_remove_event)
    ticker_set_handler                       0x080048c1   Thumb Code    58  mbed/TARGET_NUCLEO_F103RB/TOOLCHAIN_ARM_STD/mbed.ar(mbed_ticker_api.o)(i.ticker_set_handler)
    timer_irq_handler                        0x080048fd   Thumb Code   138  mbed/TARGET_NUCLEO_F103RB/TOOLCHAIN_ARM_STD/hal_tick_16b.o(i.timer_irq_handler)
    us_ticker_clear_interrupt                0x080049c5   Thumb Code    12  mbed/TARGET_NUCLEO_F103RB/TOOLCHAIN_ARM_STD/us_ticker_16b.o(i.us_ticker_clear_interrupt)
    us_ticker_disable_interrupt              0x080049d5   Thumb Code    14  mbed/TARGET_NUCLEO_F103RB/TOOLCHAIN_ARM_STD/us_ticker_16b.o(i.us_ticker_disable_interrupt)
    us_ticker_fire_interrupt                 0x080049e9   Thumb Code    14  mbed/TARGET_NUCLEO_F103RB/TOOLCHAIN_ARM_STD/us_ticker_16b.o(i.us_ticker_fire_interrupt)
    us_ticker_init                           0x08004a01   Thumb Code     2  mbed/TARGET_NUCLEO_F103RB/TOOLCHAIN_ARM_STD/us_ticker_16b.o(i.us_ticker_init)
    us_ticker_irq_handler                    0x08004a05   Thumb Code     6  mbed/TARGET_NUCLEO_F103RB/TOOLCHAIN_ARM_STD/mbed.ar(mbed_us_ticker_api.o)(i.us_ticker_irq_handler)
    us_ticker_read                           0x08004a11   Thumb Code    60  mbed/TARGET_NUCLEO_F103RB/TOOLCHAIN_ARM_STD/us_ticker_16b.o(i.us_ticker_read)
    us_ticker_set_interrupt                  0x08004a59   Thumb Code   128  mbed/TARGET_NUCLEO_F103RB/TOOLCHAIN_ARM_STD/us_ticker_16b.o(i.us_ticker_set_interrupt)
    wait_ms                                  0x08004ae5   Thumb Code    28  mbed/TARGET_NUCLEO_F103RB/TOOLCHAIN_ARM_STD/mbed.ar(mbed_wait_api_no_rtos.o)(i.wait_ms)
    _get_lc_numeric                          0x08004b01   Thumb Code    44  C:\Keil_v5\ARM\ARMCC\Bin\..\lib\armlib\c_w.l(lc_numeric_c.o)(locale$$code)
    _get_lc_ctype                            0x08004b2d   Thumb Code    44  C:\Keil_v5\ARM\ARMCC\Bin\..\lib\armlib\c_w.l(lc_ctype_c.o)(locale$$code)
    SingletonPtr<PlatformMutex>::operator ->() 0x08004b59   Thumb Code    36  mbed/TARGET_NUCLEO_F103RB/TOOLCHAIN_ARM_STD/mbed.ar(FileBase.o)(t._ZN12SingletonPtrI13PlatformMutexEptEv)
    void mbed::Callback<void()>::function_call<void(*)()>(const void*) 0x08004b85   Thumb Code    10  .\build\main.o(t._ZN4mbed8CallbackIFvvEE13function_callIPS1_EEvPKv)
    void mbed::Callback<void()>::function_dtor<void(*)()>(void*) 0x08004b8f   Thumb Code     2  .\build\main.o(t._ZN4mbed8CallbackIFvvEE13function_dtorIPS1_EEvPv)
    void mbed::Callback<void()>::function_move<void(*)()>(void*, const void*) 0x08004b91   Thumb Code    14  .\build\main.o(t._ZN4mbed8CallbackIFvvEE13function_moveIPS1_EEvPvPKv)
    mbed::Callback<void()>::Callback(void(*)()) 0x08004ba1   Thumb Code    34  .\build\main.o(t._ZN4mbed8CallbackIFvvEEC1EPS1_)
    mbed::Callback<void()>::Callback__sub_object(void(*)()) 0x08004ba1   Thumb Code     0  .\build\main.o(t._ZN4mbed8CallbackIFvvEEC1EPS1_)
    mbed::Callback<void()>::Callback(const mbed::Callback<void()>&) 0x08004bc9   Thumb Code    28  .\build\main.o(t._ZN4mbed8CallbackIFvvEEC1ERKS2_)
    mbed::Callback<void()>::Callback__sub_object(const mbed::Callback<void()>&) 0x08004bc9   Thumb Code     0  .\build\main.o(t._ZN4mbed8CallbackIFvvEEC1ERKS2_)
    mbed::Callback<void()>::~Callback()      0x08004be5   Thumb Code    20  .\build\main.o(t._ZN4mbed8CallbackIFvvEED1Ev)
    mbed::Callback<void()>::~Callback__sub_object() 0x08004be5   Thumb Code     0  .\build\main.o(t._ZN4mbed8CallbackIFvvEED1Ev)
    __aeabi_ddiv                             0x08004bf9   Thumb Code     0  C:\Keil_v5\ARM\ARMCC\Bin\..\lib\armlib\fz_ws.l(ddiv.o)(x$fpl$ddiv)
    _ddiv                                    0x08004bf9   Thumb Code   552  C:\Keil_v5\ARM\ARMCC\Bin\..\lib\armlib\fz_ws.l(ddiv.o)(x$fpl$ddiv)
    __aeabi_d2iz                             0x08004ea9   Thumb Code     0  C:\Keil_v5\ARM\ARMCC\Bin\..\lib\armlib\fz_ws.l(dfix.o)(x$fpl$dfix)
    _dfix                                    0x08004ea9   Thumb Code    94  C:\Keil_v5\ARM\ARMCC\Bin\..\lib\armlib\fz_ws.l(dfix.o)(x$fpl$dfix)
    __aeabi_dmul                             0x08004f09   Thumb Code     0  C:\Keil_v5\ARM\ARMCC\Bin\..\lib\armlib\fz_ws.l(dmul.o)(x$fpl$dmul)
    _dmul                                    0x08004f09   Thumb Code   332  C:\Keil_v5\ARM\ARMCC\Bin\..\lib\armlib\fz_ws.l(dmul.o)(x$fpl$dmul)
    __fpl_dnaninf                            0x0800505d   Thumb Code   156  C:\Keil_v5\ARM\ARMCC\Bin\..\lib\armlib\fz_ws.l(dnaninf.o)(x$fpl$dnaninf)
    __fpl_dretinf                            0x080050f9   Thumb Code    12  C:\Keil_v5\ARM\ARMCC\Bin\..\lib\armlib\fz_ws.l(dretinf.o)(x$fpl$dretinf)
    __aeabi_fmul                             0x08005105   Thumb Code     0  C:\Keil_v5\ARM\ARMCC\Bin\..\lib\armlib\fz_ws.l(fmul.o)(x$fpl$fmul)
    _fmul                                    0x08005105   Thumb Code   258  C:\Keil_v5\ARM\ARMCC\Bin\..\lib\armlib\fz_ws.l(fmul.o)(x$fpl$fmul)
    __fpl_fnaninf                            0x08005207   Thumb Code   140  C:\Keil_v5\ARM\ARMCC\Bin\..\lib\armlib\fz_ws.l(fnaninf.o)(x$fpl$fnaninf)
    __fpl_fretinf                            0x08005293   Thumb Code    10  C:\Keil_v5\ARM\ARMCC\Bin\..\lib\armlib\fz_ws.l(fretinf.o)(x$fpl$fretinf)
    __aeabi_f2ulz                            0x0800529d   Thumb Code     0  C:\Keil_v5\ARM\ARMCC\Bin\..\lib\armlib\fz_ws.l(ffixull.o)(x$fpl$llufromf)
    _ll_ufrom_f                              0x0800529d   Thumb Code    92  C:\Keil_v5\ARM\ARMCC\Bin\..\lib\armlib\fz_ws.l(ffixull.o)(x$fpl$llufromf)
    _printf_fp_dec                           0x080052f9   Thumb Code     4  C:\Keil_v5\ARM\ARMCC\Bin\..\lib\armlib\fz_ws.l(printf1.o)(x$fpl$printf1)
    _printf_fp_hex                           0x080052fd   Thumb Code     4  C:\Keil_v5\ARM\ARMCC\Bin\..\lib\armlib\fz_ws.l(printf2.o)(x$fpl$printf2)
    __I$use$fp                               0x08005300   Number         0  C:\Keil_v5\ARM\ARMCC\Bin\..\lib\armlib\fz_ws.l(usenofp.o)(x$fpl$usenofp)
    __stdin_name                             0x08005300   Data           7  mbed/TARGET_NUCLEO_F103RB/TOOLCHAIN_ARM_STD/mbed_retarget.o(.constdata)
    __stdout_name                            0x08005307   Data           8  mbed/TARGET_NUCLEO_F103RB/TOOLCHAIN_ARM_STD/mbed_retarget.o(.constdata)
    __stderr_name                            0x0800530f   Data           8  mbed/TARGET_NUCLEO_F103RB/TOOLCHAIN_ARM_STD/mbed_retarget.o(.constdata)
    PinMap_UART_TX                           0x08005318   Data          72  mbed/TARGET_NUCLEO_F103RB/TOOLCHAIN_ARM_STD/PeripheralPins.o(.constdata)
    PinMap_UART_RX                           0x08005360   Data          72  mbed/TARGET_NUCLEO_F103RB/TOOLCHAIN_ARM_STD/PeripheralPins.o(.constdata)
    ll_pin_defines                           0x080053a8   Data          64  mbed/TARGET_NUCLEO_F103RB/TOOLCHAIN_ARM_STD/pinmap.o(.constdata)
    AHBPrescTable                            0x080053e8   Data          16  mbed/TARGET_NUCLEO_F103RB/TOOLCHAIN_ARM_STD/system_stm32f1xx.o(.constdata)
    APBPrescTable                            0x080053f8   Data           8  mbed/TARGET_NUCLEO_F103RB/TOOLCHAIN_ARM_STD/system_stm32f1xx.o(.constdata)
    vtable for mbed::TimerEvent              0x0800551c   Data          20  mbed/TARGET_NUCLEO_F103RB/TOOLCHAIN_ARM_STD/mbed.ar(TimerEvent.o)(.constdata__ZTVN4mbed10TimerEventE)
    vtable for mbed::Ticker                  0x08005530   Data          20  mbed/TARGET_NUCLEO_F103RB/TOOLCHAIN_ARM_STD/mbed.ar(Ticker.o)(.constdata__ZTVN4mbed6TickerE)
    SingletonPtr<PlatformMutex>::get()::string 0x08005544   Data          20  mbed/TARGET_NUCLEO_F103RB/TOOLCHAIN_ARM_STD/mbed_retarget.o(.constdata__ZZN12SingletonPtrI13PlatformMutexE3getEvEs)
    SingletonPtr<PlatformMutex>::get()::string (instance 2) 0x08005558   Data          89  mbed/TARGET_NUCLEO_F103RB/TOOLCHAIN_ARM_STD/mbed_retarget.o(.constdata__ZZN12SingletonPtrI13PlatformMutexE3getEvEs_0)
    void mbed::Callback<void()>::generate<void(*)()>(const T1&)::ops 0x080055b4   Data          12  .\build\main.o(.constdata__ZZN4mbed8CallbackIFvvEE8generateIPS1_EEvRKT_E3ops)
    Region$$Table$$Base                      0x080056cc   Number         0  anon$$obj.o(Region$$Table)
    Region$$Table$$Limit                     0x080056ec   Number         0  anon$$obj.o(Region$$Table)
    __ctype                                  0x08005715   Data           0  C:\Keil_v5\ARM\ARMCC\Bin\..\lib\armlib\c_w.l(lc_ctype_c.o)(locale$$data)
    SHT$$INIT_ARRAY$$Base                    0x08005818   Number         0  .\build\main.o(.init_array)
    SHT$$INIT_ARRAY$$Limit                   0x0800581c   Number         0  C:\Keil_v5\ARM\ARMCC\Bin\..\lib\armlib\c_w.l(init_aeabi.o)(.init_array)
    remain                                   0x200000f0   Data           4  .\build\main.o(.data)
    targetDistance                           0x200000f8   Data           8  .\build\main.o(.data)
    pitch                                    0x20000100   Data           8  .\build\main.o(.data)
    circle                                   0x20000108   Data           8  .\build\main.o(.data)
    stepWidth                                0x20000110   Data           8  .\build\main.o(.data)
    stepNumberPerCircle                      0x20000118   Data           8  .\build\main.o(.data)
    PreviousVal                              0x20000128   Data           4  mbed/TARGET_NUCLEO_F103RB/TOOLCHAIN_ARM_STD/hal_tick_16b.o(.data)
    stdio_uart_inited                        0x20000134   Data           4  mbed/TARGET_NUCLEO_F103RB/TOOLCHAIN_ARM_STD/serial_device.o(.data)
    uwTick                                   0x2000013c   Data           4  mbed/TARGET_NUCLEO_F103RB/TOOLCHAIN_ARM_STD/stm32f1xx_hal.o(.data)
    SystemCoreClock                          0x20000140   Data           4  mbed/TARGET_NUCLEO_F103RB/TOOLCHAIN_ARM_STD/system_stm32f1xx.o(.data)
    SlaveCounter                             0x20000144   Data           4  mbed/TARGET_NUCLEO_F103RB/TOOLCHAIN_ARM_STD/us_ticker_16b.o(.data)
    oc_int_part                              0x20000148   Data           4  mbed/TARGET_NUCLEO_F103RB/TOOLCHAIN_ARM_STD/us_ticker_16b.o(.data)
    mbed::FileBase::_head                    0x20000158   Data           4  mbed/TARGET_NUCLEO_F103RB/TOOLCHAIN_ARM_STD/mbed.ar(FileBase.o)(.data)
    mbed::FileBase::_mutex                   0x2000015c   Data           8  mbed/TARGET_NUCLEO_F103RB/TOOLCHAIN_ARM_STD/mbed.ar(FileBase.o)(.data)
    __aeabi_stdin                            0x20000164   Data           4  C:\Keil_v5\ARM\ARMCC\Bin\..\lib\armlib\c_w.l(stdio_streams.o)(.data)
    __aeabi_stdout                           0x20000168   Data           4  C:\Keil_v5\ARM\ARMCC\Bin\..\lib\armlib\c_w.l(stdio_streams.o)(.data)
    __aeabi_stderr                           0x2000016c   Data           4  C:\Keil_v5\ARM\ARMCC\Bin\..\lib\armlib\c_w.l(stdio_streams.o)(.data)
    ticker_step                              0x20000178   Data          56  .\build\main.o(.bss)
    step                                     0x200001b0   Data          28  .\build\main.o(.bss)
    dir                                      0x200001cc   Data          28  .\build\main.o(.bss)
    en                                       0x200001e8   Data          28  .\build\main.o(.bss)
    uart_handlers                            0x20000354   Data         192  mbed/TARGET_NUCLEO_F103RB/TOOLCHAIN_ARM_STD/serial_device.o(.bss)
    stdio_uart                               0x20000414   Data          76  mbed/TARGET_NUCLEO_F103RB/TOOLCHAIN_ARM_STD/serial_device.o(.bss)
    TimMasterHandle                          0x20000460   Data          64  mbed/TARGET_NUCLEO_F103RB/TOOLCHAIN_ARM_STD/us_ticker_16b.o(.bss)
    __stdin                                  0x200004bc   Data          84  C:\Keil_v5\ARM\ARMCC\Bin\..\lib\armlib\c_w.l(stdio_streams.o)(.bss)
    __stdout                                 0x20000510   Data          84  C:\Keil_v5\ARM\ARMCC\Bin\..\lib\armlib\c_w.l(stdio_streams.o)(.bss)
    __stderr                                 0x20000564   Data          84  C:\Keil_v5\ARM\ARMCC\Bin\..\lib\armlib\c_w.l(stdio_streams.o)(.bss)
    Image$$RW_IRAM1$$ZI$$Limit               0x200005d0   Number         0  anon$$obj.o ABSOLUTE



==============================================================================

Memory Map of the image

  Image Entry point : 0x080000ed

  Load Region LR_IROM1 (Base: 0x08000000, Size: 0x000058a4, Max: 0x00020000, ABSOLUTE)

    Execution Region ER_IROM1 (Base: 0x08000000, Size: 0x0000581c, Max: 0x00020000, ABSOLUTE)

    Base Addr    Size         Type   Attr      Idx    E Section Name        Object

    0x08000000   0x000000ec   Data   RO         1259    RESET               mbed/TARGET_NUCLEO_F103RB/TOOLCHAIN_ARM_STD/startup_stm32f103xb.o
    0x080000ec   0x00000008   Code   RO         3420  * !!!main             C:\Keil_v5\ARM\ARMCC\Bin\..\lib\armlib\c_w.l(__main.o)
    0x080000f4   0x00000034   Code   RO         4013    !!!scatter          C:\Keil_v5\ARM\ARMCC\Bin\..\lib\armlib\c_w.l(__scatter.o)
    0x08000128   0x0000001a   Code   RO         4015    !!handler_copy      C:\Keil_v5\ARM\ARMCC\Bin\..\lib\armlib\c_w.l(__scatter_copy.o)
    0x08000142   0x00000002   PAD
    0x08000144   0x0000001c   Code   RO         4017    !!handler_zi        C:\Keil_v5\ARM\ARMCC\Bin\..\lib\armlib\c_w.l(__scatter_zi.o)
    0x08000160   0x00000000   Code   RO         3685    .ARM.Collect$$_printf_percent$$00000000  C:\Keil_v5\ARM\ARMCC\Bin\..\lib\armlib\c_w.l(_printf_percent.o)
    0x08000160   0x00000006   Code   RO         3674    .ARM.Collect$$_printf_percent$$00000001  C:\Keil_v5\ARM\ARMCC\Bin\..\lib\armlib\c_w.l(_printf_n.o)
    0x08000166   0x00000006   Code   RO         3676    .ARM.Collect$$_printf_percent$$00000002  C:\Keil_v5\ARM\ARMCC\Bin\..\lib\armlib\c_w.l(_printf_p.o)
    0x0800016c   0x00000006   Code   RO         3681    .ARM.Collect$$_printf_percent$$00000003  C:\Keil_v5\ARM\ARMCC\Bin\..\lib\armlib\c_w.l(_printf_f.o)
    0x08000172   0x00000006   Code   RO         3682    .ARM.Collect$$_printf_percent$$00000004  C:\Keil_v5\ARM\ARMCC\Bin\..\lib\armlib\c_w.l(_printf_e.o)
    0x08000178   0x00000006   Code   RO         3683    .ARM.Collect$$_printf_percent$$00000005  C:\Keil_v5\ARM\ARMCC\Bin\..\lib\armlib\c_w.l(_printf_g.o)
    0x0800017e   0x00000006   Code   RO         3684    .ARM.Collect$$_printf_percent$$00000006  C:\Keil_v5\ARM\ARMCC\Bin\..\lib\armlib\c_w.l(_printf_a.o)
    0x08000184   0x0000000a   Code   RO         3689    .ARM.Collect$$_printf_percent$$00000007  C:\Keil_v5\ARM\ARMCC\Bin\..\lib\armlib\c_w.l(_printf_ll.o)
    0x0800018e   0x00000006   Code   RO         3678    .ARM.Collect$$_printf_percent$$00000008  C:\Keil_v5\ARM\ARMCC\Bin\..\lib\armlib\c_w.l(_printf_i.o)
    0x08000194   0x00000006   Code   RO         3679    .ARM.Collect$$_printf_percent$$00000009  C:\Keil_v5\ARM\ARMCC\Bin\..\lib\armlib\c_w.l(_printf_d.o)
    0x0800019a   0x00000006   Code   RO         3680    .ARM.Collect$$_printf_percent$$0000000A  C:\Keil_v5\ARM\ARMCC\Bin\..\lib\armlib\c_w.l(_printf_u.o)
    0x080001a0   0x00000006   Code   RO         3677    .ARM.Collect$$_printf_percent$$0000000B  C:\Keil_v5\ARM\ARMCC\Bin\..\lib\armlib\c_w.l(_printf_o.o)
    0x080001a6   0x00000006   Code   RO         3675    .ARM.Collect$$_printf_percent$$0000000C  C:\Keil_v5\ARM\ARMCC\Bin\..\lib\armlib\c_w.l(_printf_x.o)
    0x080001ac   0x00000006   Code   RO         3686    .ARM.Collect$$_printf_percent$$0000000D  C:\Keil_v5\ARM\ARMCC\Bin\..\lib\armlib\c_w.l(_printf_lli.o)
    0x080001b2   0x00000006   Code   RO         3687    .ARM.Collect$$_printf_percent$$0000000E  C:\Keil_v5\ARM\ARMCC\Bin\..\lib\armlib\c_w.l(_printf_lld.o)
    0x080001b8   0x00000006   Code   RO         3688    .ARM.Collect$$_printf_percent$$0000000F  C:\Keil_v5\ARM\ARMCC\Bin\..\lib\armlib\c_w.l(_printf_llu.o)
    0x080001be   0x00000006   Code   RO         3693    .ARM.Collect$$_printf_percent$$00000010  C:\Keil_v5\ARM\ARMCC\Bin\..\lib\armlib\c_w.l(_printf_llo.o)
    0x080001c4   0x00000006   Code   RO         3694    .ARM.Collect$$_printf_percent$$00000011  C:\Keil_v5\ARM\ARMCC\Bin\..\lib\armlib\c_w.l(_printf_llx.o)
    0x080001ca   0x0000000a   Code   RO         3690    .ARM.Collect$$_printf_percent$$00000012  C:\Keil_v5\ARM\ARMCC\Bin\..\lib\armlib\c_w.l(_printf_l.o)
    0x080001d4   0x00000006   Code   RO         3672    .ARM.Collect$$_printf_percent$$00000013  C:\Keil_v5\ARM\ARMCC\Bin\..\lib\armlib\c_w.l(_printf_c.o)
    0x080001da   0x00000006   Code   RO         3673    .ARM.Collect$$_printf_percent$$00000014  C:\Keil_v5\ARM\ARMCC\Bin\..\lib\armlib\c_w.l(_printf_s.o)
    0x080001e0   0x00000006   Code   RO         3691    .ARM.Collect$$_printf_percent$$00000015  C:\Keil_v5\ARM\ARMCC\Bin\..\lib\armlib\c_w.l(_printf_lc.o)
    0x080001e6   0x00000006   Code   RO         3692    .ARM.Collect$$_printf_percent$$00000016  C:\Keil_v5\ARM\ARMCC\Bin\..\lib\armlib\c_w.l(_printf_ls.o)
    0x080001ec   0x00000004   Code   RO         3841    .ARM.Collect$$_printf_percent$$00000017  C:\Keil_v5\ARM\ARMCC\Bin\..\lib\armlib\c_w.l(_printf_percent_end.o)
    0x080001f0   0x00000002   Code   RO         3974    .ARM.Collect$$libinit$$00000000  C:\Keil_v5\ARM\ARMCC\Bin\..\lib\armlib\c_w.l(libinit.o)
    0x080001f2   0x00000000   Code   RO         3725    .ARM.Collect$$libinit$$00000002  C:\Keil_v5\ARM\ARMCC\Bin\..\lib\armlib\c_w.l(libinit2.o)
    0x080001f2   0x00000000   Code   RO         3727    .ARM.Collect$$libinit$$00000004  C:\Keil_v5\ARM\ARMCC\Bin\..\lib\armlib\c_w.l(libinit2.o)
    0x080001f2   0x00000008   Code   RO         3728    .ARM.Collect$$libinit$$00000005  C:\Keil_v5\ARM\ARMCC\Bin\..\lib\armlib\c_w.l(libinit2.o)
    0x080001fa   0x00000000   Code   RO         3730    .ARM.Collect$$libinit$$0000000A  C:\Keil_v5\ARM\ARMCC\Bin\..\lib\armlib\c_w.l(libinit2.o)
    0x080001fa   0x00000000   Code   RO         3732    .ARM.Collect$$libinit$$0000000C  C:\Keil_v5\ARM\ARMCC\Bin\..\lib\armlib\c_w.l(libinit2.o)
    0x080001fa   0x00000000   Code   RO         3734    .ARM.Collect$$libinit$$0000000E  C:\Keil_v5\ARM\ARMCC\Bin\..\lib\armlib\c_w.l(libinit2.o)
    0x080001fa   0x00000006   Code   RO         3735    .ARM.Collect$$libinit$$0000000F  C:\Keil_v5\ARM\ARMCC\Bin\..\lib\armlib\c_w.l(libinit2.o)
    0x08000200   0x00000000   Code   RO         3737    .ARM.Collect$$libinit$$00000011  C:\Keil_v5\ARM\ARMCC\Bin\..\lib\armlib\c_w.l(libinit2.o)
    0x08000200   0x0000000c   Code   RO         3738    .ARM.Collect$$libinit$$00000012  C:\Keil_v5\ARM\ARMCC\Bin\..\lib\armlib\c_w.l(libinit2.o)
    0x0800020c   0x00000000   Code   RO         3739    .ARM.Collect$$libinit$$00000013  C:\Keil_v5\ARM\ARMCC\Bin\..\lib\armlib\c_w.l(libinit2.o)
    0x0800020c   0x00000000   Code   RO         3741    .ARM.Collect$$libinit$$00000015  C:\Keil_v5\ARM\ARMCC\Bin\..\lib\armlib\c_w.l(libinit2.o)
    0x0800020c   0x0000000a   Code   RO         3742    .ARM.Collect$$libinit$$00000016  C:\Keil_v5\ARM\ARMCC\Bin\..\lib\armlib\c_w.l(libinit2.o)
    0x08000216   0x00000000   Code   RO         3743    .ARM.Collect$$libinit$$00000017  C:\Keil_v5\ARM\ARMCC\Bin\..\lib\armlib\c_w.l(libinit2.o)
    0x08000216   0x00000000   Code   RO         3745    .ARM.Collect$$libinit$$00000019  C:\Keil_v5\ARM\ARMCC\Bin\..\lib\armlib\c_w.l(libinit2.o)
    0x08000216   0x00000000   Code   RO         3747    .ARM.Collect$$libinit$$0000001B  C:\Keil_v5\ARM\ARMCC\Bin\..\lib\armlib\c_w.l(libinit2.o)
    0x08000216   0x00000000   Code   RO         3749    .ARM.Collect$$libinit$$0000001D  C:\Keil_v5\ARM\ARMCC\Bin\..\lib\armlib\c_w.l(libinit2.o)
    0x08000216   0x00000000   Code   RO         3751    .ARM.Collect$$libinit$$0000001F  C:\Keil_v5\ARM\ARMCC\Bin\..\lib\armlib\c_w.l(libinit2.o)
    0x08000216   0x00000000   Code   RO         3753    .ARM.Collect$$libinit$$00000021  C:\Keil_v5\ARM\ARMCC\Bin\..\lib\armlib\c_w.l(libinit2.o)
    0x08000216   0x00000000   Code   RO         3755    .ARM.Collect$$libinit$$00000023  C:\Keil_v5\ARM\ARMCC\Bin\..\lib\armlib\c_w.l(libinit2.o)
    0x08000216   0x00000004   Code   RO         3756    .ARM.Collect$$libinit$$00000024  C:\Keil_v5\ARM\ARMCC\Bin\..\lib\armlib\c_w.l(libinit2.o)
    0x0800021a   0x00000000   Code   RO         3757    .ARM.Collect$$libinit$$00000025  C:\Keil_v5\ARM\ARMCC\Bin\..\lib\armlib\c_w.l(libinit2.o)
    0x0800021a   0x00000000   Code   RO         3761    .ARM.Collect$$libinit$$0000002C  C:\Keil_v5\ARM\ARMCC\Bin\..\lib\armlib\c_w.l(libinit2.o)
    0x0800021a   0x00000000   Code   RO         3763    .ARM.Collect$$libinit$$0000002E  C:\Keil_v5\ARM\ARMCC\Bin\..\lib\armlib\c_w.l(libinit2.o)
    0x0800021a   0x00000000   Code   RO         3765    .ARM.Collect$$libinit$$00000030  C:\Keil_v5\ARM\ARMCC\Bin\..\lib\armlib\c_w.l(libinit2.o)
    0x0800021a   0x00000004   Code   RO         3766    .ARM.Collect$$libinit$$00000031  C:\Keil_v5\ARM\ARMCC\Bin\..\lib\armlib\c_w.l(libinit2.o)
    0x0800021e   0x00000000   Code   RO         3767    .ARM.Collect$$libinit$$00000032  C:\Keil_v5\ARM\ARMCC\Bin\..\lib\armlib\c_w.l(libinit2.o)
    0x0800021e   0x00000002   Code   RO         3768    .ARM.Collect$$libinit$$00000033  C:\Keil_v5\ARM\ARMCC\Bin\..\lib\armlib\c_w.l(libinit2.o)
    0x08000220   0x00000000   Code   RO         3881    .ARM.Collect$$libshutdown$$00000003  C:\Keil_v5\ARM\ARMCC\Bin\..\lib\armlib\c_w.l(libshutdown2.o)
    0x08000220   0x00000000   Code   RO         3576    .ARM.Collect$$rtentry$$00000000  C:\Keil_v5\ARM\ARMCC\Bin\..\lib\armlib\c_w.l(__rtentry.o)
    0x08000220   0x00000000   Code   RO         3802    .ARM.Collect$$rtentry$$00000002  C:\Keil_v5\ARM\ARMCC\Bin\..\lib\armlib\c_w.l(__rtentry2.o)
    0x08000220   0x00000006   Code   RO         3814    .ARM.Collect$$rtentry$$00000004  C:\Keil_v5\ARM\ARMCC\Bin\..\lib\armlib\c_w.l(__rtentry4.o)
    0x08000226   0x00000008   Code   RO         3803    .ARM.Collect$$rtentry$$00000008  C:\Keil_v5\ARM\ARMCC\Bin\..\lib\armlib\c_w.l(__rtentry2.o)
    0x0800022e   0x00000004   Code   RO         3805    .ARM.Collect$$rtentry$$0000000A  C:\Keil_v5\ARM\ARMCC\Bin\..\lib\armlib\c_w.l(__rtentry2.o)
    0x08000232   0x00000000   Code   RO         3807    .ARM.Collect$$rtentry$$0000000C  C:\Keil_v5\ARM\ARMCC\Bin\..\lib\armlib\c_w.l(__rtentry2.o)
    0x08000232   0x00000008   Code   RO         3808    .ARM.Collect$$rtentry$$0000000D  C:\Keil_v5\ARM\ARMCC\Bin\..\lib\armlib\c_w.l(__rtentry2.o)
    0x0800023a   0x00000002   PAD
    0x0800023c   0x00000000   Code   RO         3820    .emb_text           C:\Keil_v5\ARM\ARMCC\Bin\..\lib\armlib\c_w.l(maybetermalloc1.o)
    0x0800023c   0x00000024   Code   RO         1260    .text               mbed/TARGET_NUCLEO_F103RB/TOOLCHAIN_ARM_STD/startup_stm32f103xb.o
    0x08000260   0x00000008   Code   RO         3313    .text               C:\Keil_v5\ARM\ARMCC\Bin\..\lib\armlib\c_w.l(rt_errno_addr.o)
    0x08000268   0x0000005e   Code   RO         3322    .text               C:\Keil_v5\ARM\ARMCC\Bin\..\lib\armlib\c_w.l(h1_alloc.o)
    0x080002c6   0x0000004e   Code   RO         3324    .text               C:\Keil_v5\ARM\ARMCC\Bin\..\lib\armlib\c_w.l(h1_free.o)
    0x08000314   0x00000034   Code   RO         3382    .text               C:\Keil_v5\ARM\ARMCC\Bin\..\lib\armlib\c_w.l(vsnprintf.o)
    0x08000348   0x00000064   Code   RO         3384    .text               C:\Keil_v5\ARM\ARMCC\Bin\..\lib\armlib\c_w.l(fflush.o)
    0x080003ac   0x000000ec   Code   RO         3392    .text               C:\Keil_v5\ARM\ARMCC\Bin\..\lib\armlib\c_w.l(fopen.o)
    0x08000498   0x0000003e   Code   RO         3408    .text               C:\Keil_v5\ARM\ARMCC\Bin\..\lib\armlib\c_w.l(strlen.o)
    0x080004d6   0x00000096   Code   RO         3410    .text               C:\Keil_v5\ARM\ARMCC\Bin\..\lib\armlib\c_w.l(strncmp.o)
    0x0800056c   0x00000064   Code   RO         3412    .text               C:\Keil_v5\ARM\ARMCC\Bin\..\lib\armlib\c_w.l(rt_memcpy_w.o)
    0x080005d0   0x0000004e   Code   RO         3416    .text               C:\Keil_v5\ARM\ARMCC\Bin\..\lib\armlib\c_w.l(rt_memclr_w.o)
    0x0800061e   0x00000002   PAD
    0x08000620   0x00000080   Code   RO         3418    .text               C:\Keil_v5\ARM\ARMCC\Bin\..\lib\armlib\c_w.l(strcmpv7m.o)
    0x080006a0   0x00000024   Code   RO         3425    .text               C:\Keil_v5\ARM\ARMCC\Bin\..\lib\armlib\c_w.l(init_aeabi.o)
    0x080006c4   0x00000008   Code   RO         3577    .text               C:\Keil_v5\ARM\ARMCC\Bin\..\lib\armlib\c_w.l(rt_heap_descriptor.o)
    0x080006cc   0x00000004   Code   RO         3582    .text               C:\Keil_v5\ARM\ARMCC\Bin\..\lib\armlib\c_w.l(hguard.o)
    0x080006d0   0x0000008a   Code   RO         3584    .text               C:\Keil_v5\ARM\ARMCC\Bin\..\lib\armlib\c_w.l(init_alloc.o)
    0x0800075a   0x0000000e   Code   RO         3588    .text               C:\Keil_v5\ARM\ARMCC\Bin\..\lib\armlib\c_w.l(h1_init.o)
    0x08000768   0x0000004e   Code   RO         3604    .text               C:\Keil_v5\ARM\ARMCC\Bin\..\lib\armlib\c_w.l(_printf_pad.o)
    0x080007b6   0x00000024   Code   RO         3606    .text               C:\Keil_v5\ARM\ARMCC\Bin\..\lib\armlib\c_w.l(_printf_truncate.o)
    0x080007da   0x00000052   Code   RO         3608    .text               C:\Keil_v5\ARM\ARMCC\Bin\..\lib\armlib\c_w.l(_printf_str.o)
    0x0800082c   0x00000078   Code   RO         3610    .text               C:\Keil_v5\ARM\ARMCC\Bin\..\lib\armlib\c_w.l(_printf_dec.o)
    0x080008a4   0x00000028   Code   RO         3612    .text               C:\Keil_v5\ARM\ARMCC\Bin\..\lib\armlib\c_w.l(_printf_charcount.o)
    0x080008cc   0x00000030   Code   RO         3614    .text               C:\Keil_v5\ARM\ARMCC\Bin\..\lib\armlib\c_w.l(_printf_char_common.o)
    0x080008fc   0x0000000a   Code   RO         3616    .text               C:\Keil_v5\ARM\ARMCC\Bin\..\lib\armlib\c_w.l(_sputc.o)
    0x08000906   0x00000010   Code   RO         3618    .text               C:\Keil_v5\ARM\ARMCC\Bin\..\lib\armlib\c_w.l(_snputc.o)
    0x08000916   0x00000002   PAD
    0x08000918   0x000000bc   Code   RO         3620    .text               C:\Keil_v5\ARM\ARMCC\Bin\..\lib\armlib\c_w.l(_printf_wctomb.o)
    0x080009d4   0x0000007c   Code   RO         3623    .text               C:\Keil_v5\ARM\ARMCC\Bin\..\lib\armlib\c_w.l(_printf_longlong_dec.o)
    0x08000a50   0x00000070   Code   RO         3629    .text               C:\Keil_v5\ARM\ARMCC\Bin\..\lib\armlib\c_w.l(_printf_oct_int_ll.o)
    0x08000ac0   0x00000094   Code   RO         3649    .text               C:\Keil_v5\ARM\ARMCC\Bin\..\lib\armlib\c_w.l(_printf_hex_int_ll_ptr.o)
    0x08000b54   0x00000188   Code   RO         3669    .text               C:\Keil_v5\ARM\ARMCC\Bin\..\lib\armlib\c_w.l(__printf_flags_ss_wp.o)
    0x08000cdc   0x000000f8   Code   RO         3699    .text               C:\Keil_v5\ARM\ARMCC\Bin\..\lib\armlib\c_w.l(fseek.o)
    0x08000dd4   0x00000046   Code   RO         3701    .text               C:\Keil_v5\ARM\ARMCC\Bin\..\lib\armlib\c_w.l(setvbuf.o)
    0x08000e1a   0x00000002   PAD
    0x08000e1c   0x000000f0   Code   RO         3703    .text               C:\Keil_v5\ARM\ARMCC\Bin\..\lib\armlib\c_w.l(stdio.o)
    0x08000f0c   0x00000138   Code   RO         3706    .text               C:\Keil_v5\ARM\ARMCC\Bin\..\lib\armlib\c_w.l(initio.o)
    0x08001044   0x0000004c   Code   RO         3708    .text               C:\Keil_v5\ARM\ARMCC\Bin\..\lib\armlib\c_w.l(fclose.o)
    0x08001090   0x0000000e   Code   RO         3716    .text               C:\Keil_v5\ARM\ARMCC\Bin\..\lib\armlib\c_w.l(defsig_pvfn_outer.o)
    0x0800109e   0x00000034   Code   RO         3822    .text               C:\Keil_v5\ARM\ARMCC\Bin\..\lib\armlib\c_w.l(h1_extend.o)
    0x080010d2   0x0000008a   Code   RO         3826    .text               C:\Keil_v5\ARM\ARMCC\Bin\..\lib\armlib\c_w.l(lludiv10.o)
    0x0800115c   0x000000b2   Code   RO         3828    .text               C:\Keil_v5\ARM\ARMCC\Bin\..\lib\armlib\c_w.l(_printf_intcommon.o)
    0x0800120e   0x0000041a   Code   RO         3830    .text               C:\Keil_v5\ARM\ARMCC\Bin\..\lib\armlib\c_w.l(_printf_fp_dec.o)
    0x08001628   0x000002fc   Code   RO         3832    .text               C:\Keil_v5\ARM\ARMCC\Bin\..\lib\armlib\c_w.l(_printf_fp_hex.o)
    0x08001924   0x0000002c   Code   RO         3837    .text               C:\Keil_v5\ARM\ARMCC\Bin\..\lib\armlib\c_w.l(_printf_char.o)
    0x08001950   0x0000002c   Code   RO         3839    .text               C:\Keil_v5\ARM\ARMCC\Bin\..\lib\armlib\c_w.l(_printf_wchar.o)
    0x0800197c   0x00000042   Code   RO         3842    .text               C:\Keil_v5\ARM\ARMCC\Bin\..\lib\armlib\c_w.l(ftell.o)
    0x080019be   0x00000040   Code   RO         3858    .text               C:\Keil_v5\ARM\ARMCC\Bin\..\lib\armlib\c_w.l(_wcrtomb.o)
    0x080019fe   0x0000000a   Code   RO         3860    .text               C:\Keil_v5\ARM\ARMCC\Bin\..\lib\armlib\c_w.l(defsig_exit.o)
    0x08001a08   0x0000000e   Code   RO         3862    .text               C:\Keil_v5\ARM\ARMCC\Bin\..\lib\armlib\c_w.l(defsig_rtred_outer.o)
    0x08001a16   0x0000000e   Code   RO         3866    .text               C:\Keil_v5\ARM\ARMCC\Bin\..\lib\armlib\c_w.l(defsig_rtmem_outer.o)
    0x08001a24   0x00000030   Code   RO         3870    .text               C:\Keil_v5\ARM\ARMCC\Bin\..\lib\armlib\c_w.l(defsig_pvfn_inner.o)
    0x08001a54   0x00000050   Code   RO         3872    .text               C:\Keil_v5\ARM\ARMCC\Bin\..\lib\armlib\c_w.l(heapauxa.o)
    0x08001aa4   0x0000000c   Code   RO         3909    .text               C:\Keil_v5\ARM\ARMCC\Bin\..\lib\armlib\c_w.l(sys_exit.o)
    0x08001ab0   0x00000010   Code   RO         3911    .text               C:\Keil_v5\ARM\ARMCC\Bin\..\lib\armlib\c_w.l(rt_ctype_table.o)
    0x08001ac0   0x00000008   Code   RO         3913    .text               C:\Keil_v5\ARM\ARMCC\Bin\..\lib\armlib\c_w.l(rt_locale.o)
    0x08001ac8   0x00000080   Code   RO         3925    .text               C:\Keil_v5\ARM\ARMCC\Bin\..\lib\armlib\c_w.l(_printf_fp_infnan.o)
    0x08001b48   0x000000dc   Code   RO         3927    .text               C:\Keil_v5\ARM\ARMCC\Bin\..\lib\armlib\c_w.l(bigflt0.o)
    0x08001c24   0x00000032   Code   RO         3959    .text               C:\Keil_v5\ARM\ARMCC\Bin\..\lib\armlib\c_w.l(defsig_general.o)
    0x08001c56   0x00000002   PAD
    0x08001c58   0x00000034   Code   RO         3961    .text               C:\Keil_v5\ARM\ARMCC\Bin\..\lib\armlib\c_w.l(defsig_rtred_inner.o)
    0x08001c8c   0x00000050   Code   RO         3963    .text               C:\Keil_v5\ARM\ARMCC\Bin\..\lib\armlib\c_w.l(defsig_rtmem_inner.o)
    0x08001cdc   0x0000000e   Code   RO         3982    .text               C:\Keil_v5\ARM\ARMCC\Bin\..\lib\armlib\c_w.l(sys_wrch.o)
    0x08001cea   0x00000002   Code   RO         3984    .text               C:\Keil_v5\ARM\ARMCC\Bin\..\lib\armlib\c_w.l(use_no_semi.o)
    0x08001cec   0x00000000   Code   RO         3986    .text               C:\Keil_v5\ARM\ARMCC\Bin\..\lib\armlib\c_w.l(indicate_semi.o)
    0x08001cec   0x0000003e   Code   RO         3930    CL$$btod_d2e        C:\Keil_v5\ARM\ARMCC\Bin\..\lib\armlib\c_w.l(btod.o)
    0x08001d2a   0x00000046   Code   RO         3932    CL$$btod_d2e_denorm_low  C:\Keil_v5\ARM\ARMCC\Bin\..\lib\armlib\c_w.l(btod.o)
    0x08001d70   0x00000060   Code   RO         3931    CL$$btod_d2e_norm_op1  C:\Keil_v5\ARM\ARMCC\Bin\..\lib\armlib\c_w.l(btod.o)
    0x08001dd0   0x00000338   Code   RO         3940    CL$$btod_div_common  C:\Keil_v5\ARM\ARMCC\Bin\..\lib\armlib\c_w.l(btod.o)
    0x08002108   0x000000c6   Code   RO         3937    CL$$btod_e2e        C:\Keil_v5\ARM\ARMCC\Bin\..\lib\armlib\c_w.l(btod.o)
    0x080021ce   0x00000028   Code   RO         3934    CL$$btod_ediv       C:\Keil_v5\ARM\ARMCC\Bin\..\lib\armlib\c_w.l(btod.o)
    0x080021f6   0x00000028   Code   RO         3933    CL$$btod_emul       C:\Keil_v5\ARM\ARMCC\Bin\..\lib\armlib\c_w.l(btod.o)
    0x0800221e   0x00000244   Code   RO         3939    CL$$btod_mult_common  C:\Keil_v5\ARM\ARMCC\Bin\..\lib\armlib\c_w.l(btod.o)
    0x08002462   0x0000000e   Code   RO         1047    i.$Sub$$main        mbed/TARGET_NUCLEO_F103RB/TOOLCHAIN_ARM_STD/mbed_sdk_boot.o
    0x08002470   0x0000000c   Code   RO          679    i.CAN1_SCE_IRQHandler  mbed/TARGET_NUCLEO_F103RB/TOOLCHAIN_ARM_STD/can_api.o
    0x0800247c   0x0000000c   Code   RO         1276    i.HAL_GetTick       mbed/TARGET_NUCLEO_F103RB/TOOLCHAIN_ARM_STD/stm32f1xx_hal.o
    0x08002488   0x00000010   Code   RO         1278    i.HAL_IncTick       mbed/TARGET_NUCLEO_F103RB/TOOLCHAIN_ARM_STD/stm32f1xx_hal.o
    0x08002498   0x00000024   Code   RO         1279    i.HAL_Init          mbed/TARGET_NUCLEO_F103RB/TOOLCHAIN_ARM_STD/stm32f1xx_hal.o
    0x080024bc   0x000000c8   Code   RO          784    i.HAL_InitTick      mbed/TARGET_NUCLEO_F103RB/TOOLCHAIN_ARM_STD/hal_tick_16b.o
    0x08002584   0x00000002   Code   RO         1282    i.HAL_MspInit       mbed/TARGET_NUCLEO_F103RB/TOOLCHAIN_ARM_STD/stm32f1xx_hal.o
    0x08002586   0x00000002   PAD
    0x08002588   0x00000024   Code   RO         1461    i.HAL_NVIC_SetPriorityGrouping  mbed/TARGET_NUCLEO_F103RB/TOOLCHAIN_ARM_STD/stm32f1xx_hal_cortex.o
    0x080025ac   0x000001e0   Code   RO         2014    i.HAL_RCC_ClockConfig  mbed/TARGET_NUCLEO_F103RB/TOOLCHAIN_ARM_STD/stm32f1xx_hal_rcc.o
    0x0800278c   0x00000020   Code   RO         2021    i.HAL_RCC_GetPCLK1Freq  mbed/TARGET_NUCLEO_F103RB/TOOLCHAIN_ARM_STD/stm32f1xx_hal_rcc.o
    0x080027ac   0x00000020   Code   RO         2022    i.HAL_RCC_GetPCLK2Freq  mbed/TARGET_NUCLEO_F103RB/TOOLCHAIN_ARM_STD/stm32f1xx_hal_rcc.o
    0x080027cc   0x00000074   Code   RO         2023    i.HAL_RCC_GetSysClockFreq  mbed/TARGET_NUCLEO_F103RB/TOOLCHAIN_ARM_STD/stm32f1xx_hal_rcc.o
    0x08002840   0x000003a0   Code   RO         2026    i.HAL_RCC_OscConfig  mbed/TARGET_NUCLEO_F103RB/TOOLCHAIN_ARM_STD/stm32f1xx_hal_rcc.o
    0x08002be0   0x00000036   Code   RO         2356    i.HAL_TIM_Base_Init  mbed/TARGET_NUCLEO_F103RB/TOOLCHAIN_ARM_STD/stm32f1xx_hal_tim.o
    0x08002c16   0x00000002   Code   RO         2358    i.HAL_TIM_Base_MspInit  mbed/TARGET_NUCLEO_F103RB/TOOLCHAIN_ARM_STD/stm32f1xx_hal_tim.o
    0x08002c18   0x0000001a   Code   RO         2359    i.HAL_TIM_Base_Start  mbed/TARGET_NUCLEO_F103RB/TOOLCHAIN_ARM_STD/stm32f1xx_hal_tim.o
    0x08002c32   0x00000026   Code   RO         2384    i.HAL_TIM_GenerateEvent  mbed/TARGET_NUCLEO_F103RB/TOOLCHAIN_ARM_STD/stm32f1xx_hal_tim.o
    0x08002c58   0x00000036   Code   RO         2406    i.HAL_TIM_OC_Start  mbed/TARGET_NUCLEO_F103RB/TOOLCHAIN_ARM_STD/stm32f1xx_hal_tim.o
    0x08002c8e   0x00000062   Code   RO         2653    i.HAL_UART_Init     mbed/TARGET_NUCLEO_F103RB/TOOLCHAIN_ARM_STD/stm32f1xx_hal_uart.o
    0x08002cf0   0x00000002   Code   RO         2655    i.HAL_UART_MspInit  mbed/TARGET_NUCLEO_F103RB/TOOLCHAIN_ARM_STD/stm32f1xx_hal_uart.o
    0x08002cf2   0x000000c4   Code   RO         2968    i.SetSysClock       mbed/TARGET_NUCLEO_F103RB/TOOLCHAIN_ARM_STD/system_clock.o
    0x08002db6   0x00000002   PAD
    0x08002db8   0x000000b8   Code   RO          726    i.Set_GPIO_Clock    mbed/TARGET_NUCLEO_F103RB/TOOLCHAIN_ARM_STD/gpio_api.o
    0x08002e70   0x00000070   Code   RO         2982    i.SystemCoreClockUpdate  mbed/TARGET_NUCLEO_F103RB/TOOLCHAIN_ARM_STD/system_stm32f1xx.o
    0x08002ee0   0x00000048   Code   RO         2971    i.SystemInit        mbed/TARGET_NUCLEO_F103RB/TOOLCHAIN_ARM_STD/system_clock.o
    0x08002f28   0x00000078   Code   RO         2440    i.TIM_Base_SetConfig  mbed/TARGET_NUCLEO_F103RB/TOOLCHAIN_ARM_STD/stm32f1xx_hal_tim.o
    0x08002fa0   0x000001b4   Code   RO         2676    i.UART_SetConfig    mbed/TARGET_NUCLEO_F103RB/TOOLCHAIN_ARM_STD/stm32f1xx_hal_uart.o
    0x08003154   0x0000000c   Code   RO          680    i.USB_HP_CAN1_TX_IRQHandler  mbed/TARGET_NUCLEO_F103RB/TOOLCHAIN_ARM_STD/can_api.o
    0x08003160   0x0000000c   Code   RO          681    i.USB_LP_CAN1_RX0_IRQHandler  mbed/TARGET_NUCLEO_F103RB/TOOLCHAIN_ARM_STD/can_api.o
    0x0800316c   0x00000054   Code   RO            4    i._Z11toggle_stepv  .\build\main.o
    0x080031c0   0x0000001a   Code   RO           69    i._ZN4mbed10DigitalOutC1E7PinName  .\build\main.o
    0x080031da   0x0000001c   Code   RO           39    i._ZN4mbed10DigitalOutaSEi  .\build\main.o
    0x080031f6   0x00000014   Code   RO         3049    i._ZN4mbed10TimerEvent15insert_absoluteEy  mbed/TARGET_NUCLEO_F103RB/TOOLCHAIN_ARM_STD/mbed.ar(TimerEvent.o)
    0x0800320a   0x00000006   Code   RO         3050    i._ZN4mbed10TimerEvent3irqEj  mbed/TARGET_NUCLEO_F103RB/TOOLCHAIN_ARM_STD/mbed.ar(TimerEvent.o)
    0x08003210   0x0000000c   Code   RO         3052    i._ZN4mbed10TimerEvent6removeEv  mbed/TARGET_NUCLEO_F103RB/TOOLCHAIN_ARM_STD/mbed.ar(TimerEvent.o)
    0x0800321c   0x0000002c   Code   RO         3054    i._ZN4mbed10TimerEventC2Ev  mbed/TARGET_NUCLEO_F103RB/TOOLCHAIN_ARM_STD/mbed.ar(TimerEvent.o)
    0x08003248   0x0000001c   Code   RO         3056    i._ZN4mbed10TimerEventD2Ev  mbed/TARGET_NUCLEO_F103RB/TOOLCHAIN_ARM_STD/mbed.ar(TimerEvent.o)
    0x08003264   0x00000032   Code   RO         3019    i._ZN4mbed6Ticker5setupEy  mbed/TARGET_NUCLEO_F103RB/TOOLCHAIN_ARM_STD/mbed.ar(Ticker.o)
    0x08003296   0x0000002a   Code   RO         3021    i._ZN4mbed6Ticker7handlerEv  mbed/TARGET_NUCLEO_F103RB/TOOLCHAIN_ARM_STD/mbed.ar(Ticker.o)
    0x080032c0   0x00000052   Code   RO           63    i._ZN4mbed6Ticker9attach_usENS_8CallbackIFvvEEEy  .\build\main.o
    0x08003312   0x00000002   PAD
    0x08003314   0x0000007c   Code   RO         3036    i._ZN4mbed6TickerD1Ev  mbed/TARGET_NUCLEO_F103RB/TOOLCHAIN_ARM_STD/mbed.ar(Ticker.o)
    0x08003390   0x00000004   Code   RO         3277    i._ZN4mbed8FileBase11getPathTypeEv  mbed/TARGET_NUCLEO_F103RB/TOOLCHAIN_ARM_STD/mbed.ar(FileBase.o)
    0x08003394   0x0000006c   Code   RO         3279    i._ZN4mbed8FileBase6lookupEPKcj  mbed/TARGET_NUCLEO_F103RB/TOOLCHAIN_ARM_STD/mbed.ar(FileBase.o)
    0x08003400   0x0000001e   Code   RO         3148    i._ZN4mbed8FilePath10fileSystemEv  mbed/TARGET_NUCLEO_F103RB/TOOLCHAIN_ARM_STD/mbed.ar(FilePath.o)
    0x0800341e   0x0000001c   Code   RO         3150    i._ZN4mbed8FilePath4fileEv  mbed/TARGET_NUCLEO_F103RB/TOOLCHAIN_ARM_STD/mbed.ar(FilePath.o)
    0x0800343a   0x0000000a   Code   RO         3151    i._ZN4mbed8FilePath6existsEv  mbed/TARGET_NUCLEO_F103RB/TOOLCHAIN_ARM_STD/mbed.ar(FilePath.o)
    0x08003444   0x00000018   Code   RO         3152    i._ZN4mbed8FilePath6isFileEv  mbed/TARGET_NUCLEO_F103RB/TOOLCHAIN_ARM_STD/mbed.ar(FilePath.o)
    0x0800345c   0x00000004   Code   RO         3153    i._ZN4mbed8FilePath8fileNameEv  mbed/TARGET_NUCLEO_F103RB/TOOLCHAIN_ARM_STD/mbed.ar(FilePath.o)
    0x08003460   0x00000040   Code   RO         3154    i._ZN4mbed8FilePathC1EPKc  mbed/TARGET_NUCLEO_F103RB/TOOLCHAIN_ARM_STD/mbed.ar(FilePath.o)
    0x080034a0   0x00000028   Code   RO         3980    i.__ARM_fpclassify  C:\Keil_v5\ARM\ARMCC\Bin\..\lib\armlib\m_ws.l(fpclassify.o)
    0x080034c8   0x00000004   Code   RO          916    i.__aeabi_atexit    mbed/TARGET_NUCLEO_F103RB/TOOLCHAIN_ARM_STD/mbed_retarget.o
    0x080034cc   0x00000006   Code   RO         3428    i.__cxa_pure_virtual  C:\Keil_v5\ARM\ARMCC\Bin\..\lib\cpplib\cpprt_w.l(pure_virt.o)
    0x080034d2   0x00000002   PAD
    0x080034d4   0x000000a0   Code   RO            5    i.__sti___8_main_cpp_a73b0819  .\build\main.o
    0x08003574   0x00000008   Code   RO          919    i.__user_setup_stackheap  mbed/TARGET_NUCLEO_F103RB/TOOLCHAIN_ARM_STD/mbed_retarget.o
    0x0800357c   0x0000000e   Code   RO         3662    i._is_digit         C:\Keil_v5\ARM\ARMCC\Bin\..\lib\armlib\c_w.l(__printf_wp.o)
    0x0800358a   0x00000002   PAD
    0x0800358c   0x00000010   Code   RO          920    i._mbed_user_setup_stackheap  mbed/TARGET_NUCLEO_F103RB/TOOLCHAIN_ARM_STD/mbed_retarget.o
    0x0800359c   0x0000001c   Code   RO         1048    i._platform_post_stackheap_init  mbed/TARGET_NUCLEO_F103RB/TOOLCHAIN_ARM_STD/mbed_sdk_boot.o
    0x080035b8   0x0000004c   Code   RO          921    i._sys_close        mbed/TARGET_NUCLEO_F103RB/TOOLCHAIN_ARM_STD/mbed_retarget.o
    0x08003604   0x0000004c   Code   RO          924    i._sys_flen         mbed/TARGET_NUCLEO_F103RB/TOOLCHAIN_ARM_STD/mbed_retarget.o
    0x08003650   0x00000040   Code   RO          925    i._sys_istty        mbed/TARGET_NUCLEO_F103RB/TOOLCHAIN_ARM_STD/mbed_retarget.o
    0x08003690   0x00000200   Code   RO          926    i._sys_open         mbed/TARGET_NUCLEO_F103RB/TOOLCHAIN_ARM_STD/mbed_retarget.o
    0x08003890   0x00000050   Code   RO          928    i._sys_seek         mbed/TARGET_NUCLEO_F103RB/TOOLCHAIN_ARM_STD/mbed_retarget.o
    0x080038e0   0x0000007c   Code   RO          929    i._sys_write        mbed/TARGET_NUCLEO_F103RB/TOOLCHAIN_ARM_STD/mbed_retarget.o
    0x0800395c   0x00000130   Code   RO          687    i.can_irq           mbed/TARGET_NUCLEO_F103RB/TOOLCHAIN_ARM_STD/can_api.o
    0x08003a8c   0x0000001a   Code   RO         3205    i.core_util_atomic_decr_u16  mbed/TARGET_NUCLEO_F103RB/TOOLCHAIN_ARM_STD/mbed.ar(mbed_critical.o)
    0x08003aa6   0x0000001a   Code   RO         3209    i.core_util_atomic_incr_u16  mbed/TARGET_NUCLEO_F103RB/TOOLCHAIN_ARM_STD/mbed.ar(mbed_critical.o)
    0x08003ac0   0x0000008c   Code   RO         3212    i.core_util_critical_section_enter  mbed/TARGET_NUCLEO_F103RB/TOOLCHAIN_ARM_STD/mbed.ar(mbed_critical.o)
    0x08003b4c   0x00000058   Code   RO         3213    i.core_util_critical_section_exit  mbed/TARGET_NUCLEO_F103RB/TOOLCHAIN_ARM_STD/mbed.ar(mbed_critical.o)
    0x08003ba4   0x00000028   Code   RO         3190    i.error             mbed/TARGET_NUCLEO_F103RB/TOOLCHAIN_ARM_STD/mbed.ar(mbed_error.o)
    0x08003bcc   0x00000020   Code   RO          931    i.exit              mbed/TARGET_NUCLEO_F103RB/TOOLCHAIN_ARM_STD/mbed_retarget.o
    0x08003bec   0x00000008   Code   RO         3135    i.get_us_ticker_data  mbed/TARGET_NUCLEO_F103RB/TOOLCHAIN_ARM_STD/mbed.ar(mbed_us_ticker_api.o)
    0x08003bf4   0x00000066   Code   RO          738    i.gpio_dir          mbed/TARGET_NUCLEO_F103RB/TOOLCHAIN_ARM_STD/gpio_api.o
    0x08003c5a   0x00000002   PAD
    0x08003c5c   0x00000054   Code   RO          727    i.gpio_init         mbed/TARGET_NUCLEO_F103RB/TOOLCHAIN_ARM_STD/gpio_api.o
    0x08003cb0   0x0000002e   Code   RO         3089    i.gpio_init_out     mbed/TARGET_NUCLEO_F103RB/TOOLCHAIN_ARM_STD/mbed.ar(mbed_gpio.o)
    0x08003cde   0x00000008   Code   RO          728    i.gpio_mode         mbed/TARGET_NUCLEO_F103RB/TOOLCHAIN_ARM_STD/gpio_api.o
    0x08003ce6   0x00000002   PAD
    0x08003ce8   0x00000080   Code   RO         1170    i.init_uart         mbed/TARGET_NUCLEO_F103RB/TOOLCHAIN_ARM_STD/serial_api.o
    0x08003d68   0x000000c8   Code   RO            6    i.main              .\build\main.o
    0x08003e30   0x00000054   Code   RO         3175    i.mbed_assert_internal  mbed/TARGET_NUCLEO_F103RB/TOOLCHAIN_ARM_STD/mbed.ar(mbed_assert.o)
    0x08003e84   0x00000054   Code   RO          887    i.mbed_die          mbed/TARGET_NUCLEO_F103RB/TOOLCHAIN_ARM_STD/mbed_board.o
    0x08003ed8   0x00000054   Code   RO          888    i.mbed_error_printf  mbed/TARGET_NUCLEO_F103RB/TOOLCHAIN_ARM_STD/mbed_board.o
    0x08003f2c   0x00000050   Code   RO          889    i.mbed_error_vfprintf  mbed/TARGET_NUCLEO_F103RB/TOOLCHAIN_ARM_STD/mbed_board.o
    0x08003f7c   0x00000002   Code   RO         1050    i.mbed_main         mbed/TARGET_NUCLEO_F103RB/TOOLCHAIN_ARM_STD/mbed_sdk_boot.o
    0x08003f7e   0x00000016   Code   RO          899    i.mbed_sdk_init     mbed/TARGET_NUCLEO_F103RB/TOOLCHAIN_ARM_STD/mbed_overrides.o
    0x08003f94   0x00000250   Code   RO         1086    i.pin_function      mbed/TARGET_NUCLEO_F103RB/TOOLCHAIN_ARM_STD/pinmap.o
    0x080041e4   0x00000108   Code   RO         1087    i.pin_mode          mbed/TARGET_NUCLEO_F103RB/TOOLCHAIN_ARM_STD/pinmap.o
    0x080042ec   0x0000003c   Code   RO         3105    i.pinmap_merge      mbed/TARGET_NUCLEO_F103RB/TOOLCHAIN_ARM_STD/mbed.ar(mbed_pinmap_common.o)
    0x08004328   0x00000060   Code   RO         3106    i.pinmap_peripheral  mbed/TARGET_NUCLEO_F103RB/TOOLCHAIN_ARM_STD/mbed.ar(mbed_pinmap_common.o)
    0x08004388   0x0000005c   Code   RO         3107    i.pinmap_pinout     mbed/TARGET_NUCLEO_F103RB/TOOLCHAIN_ARM_STD/mbed.ar(mbed_pinmap_common.o)
    0x080043e4   0x00000066   Code   RO         3251    i.schedule_interrupt  mbed/TARGET_NUCLEO_F103RB/TOOLCHAIN_ARM_STD/mbed.ar(mbed_ticker_api.o)
    0x0800444a   0x00000006   Code   RO         1191    i.serial_baud       mbed/TARGET_NUCLEO_F103RB/TOOLCHAIN_ARM_STD/serial_device.o
    0x08004450   0x00000164   Code   RO         1196    i.serial_init       mbed/TARGET_NUCLEO_F103RB/TOOLCHAIN_ARM_STD/serial_device.o
    0x080045b4   0x00000034   Code   RO         1200    i.serial_putc       mbed/TARGET_NUCLEO_F103RB/TOOLCHAIN_ARM_STD/serial_device.o
    0x080045e8   0x00000018   Code   RO         1175    i.serial_writable   mbed/TARGET_NUCLEO_F103RB/TOOLCHAIN_ARM_STD/serial_api.o
    0x08004600   0x00000060   Code   RO         3121    i.sleep_manager_lock_deep_sleep  mbed/TARGET_NUCLEO_F103RB/TOOLCHAIN_ARM_STD/mbed.ar(mbed_sleep_manager.o)
    0x08004660   0x00000054   Code   RO         3123    i.sleep_manager_unlock_deep_sleep  mbed/TARGET_NUCLEO_F103RB/TOOLCHAIN_ARM_STD/mbed.ar(mbed_sleep_manager.o)
    0x080046b4   0x000000f8   Code   RO         1088    i.stm_pin_PullConfig  mbed/TARGET_NUCLEO_F103RB/TOOLCHAIN_ARM_STD/pinmap.o
    0x080047ac   0x00000070   Code   RO         3254    i.ticker_insert_event_us  mbed/TARGET_NUCLEO_F103RB/TOOLCHAIN_ARM_STD/mbed.ar(mbed_ticker_api.o)
    0x0800481c   0x0000005c   Code   RO         3255    i.ticker_irq_handler  mbed/TARGET_NUCLEO_F103RB/TOOLCHAIN_ARM_STD/mbed.ar(mbed_ticker_api.o)
    0x08004878   0x00000010   Code   RO         3257    i.ticker_read_us    mbed/TARGET_NUCLEO_F103RB/TOOLCHAIN_ARM_STD/mbed.ar(mbed_ticker_api.o)
    0x08004888   0x00000038   Code   RO         3258    i.ticker_remove_event  mbed/TARGET_NUCLEO_F103RB/TOOLCHAIN_ARM_STD/mbed.ar(mbed_ticker_api.o)
    0x080048c0   0x0000003a   Code   RO         3259    i.ticker_set_handler  mbed/TARGET_NUCLEO_F103RB/TOOLCHAIN_ARM_STD/mbed.ar(mbed_ticker_api.o)
    0x080048fa   0x00000002   PAD
    0x080048fc   0x000000a0   Code   RO          787    i.timer_irq_handler  mbed/TARGET_NUCLEO_F103RB/TOOLCHAIN_ARM_STD/hal_tick_16b.o
    0x0800499c   0x00000028   Code   RO         3260    i.update_present_time  mbed/TARGET_NUCLEO_F103RB/TOOLCHAIN_ARM_STD/mbed.ar(mbed_ticker_api.o)
    0x080049c4   0x00000010   Code   RO         2993    i.us_ticker_clear_interrupt  mbed/TARGET_NUCLEO_F103RB/TOOLCHAIN_ARM_STD/us_ticker_16b.o
    0x080049d4   0x00000014   Code   RO         2994    i.us_ticker_disable_interrupt  mbed/TARGET_NUCLEO_F103RB/TOOLCHAIN_ARM_STD/us_ticker_16b.o
    0x080049e8   0x00000018   Code   RO         2995    i.us_ticker_fire_interrupt  mbed/TARGET_NUCLEO_F103RB/TOOLCHAIN_ARM_STD/us_ticker_16b.o
    0x08004a00   0x00000002   Code   RO         2996    i.us_ticker_init    mbed/TARGET_NUCLEO_F103RB/TOOLCHAIN_ARM_STD/us_ticker_16b.o
    0x08004a02   0x00000002   PAD
    0x08004a04   0x0000000c   Code   RO         3136    i.us_ticker_irq_handler  mbed/TARGET_NUCLEO_F103RB/TOOLCHAIN_ARM_STD/mbed.ar(mbed_us_ticker_api.o)
    0x08004a10   0x00000048   Code   RO         2997    i.us_ticker_read    mbed/TARGET_NUCLEO_F103RB/TOOLCHAIN_ARM_STD/us_ticker_16b.o
    0x08004a58   0x0000008c   Code   RO         2998    i.us_ticker_set_interrupt  mbed/TARGET_NUCLEO_F103RB/TOOLCHAIN_ARM_STD/us_ticker_16b.o
    0x08004ae4   0x0000001c   Code   RO         3240    i.wait_ms           mbed/TARGET_NUCLEO_F103RB/TOOLCHAIN_ARM_STD/mbed.ar(mbed_wait_api_no_rtos.o)
    0x08004b00   0x0000002c   Code   RO         3953    locale$$code        C:\Keil_v5\ARM\ARMCC\Bin\..\lib\armlib\c_w.l(lc_numeric_c.o)
    0x08004b2c   0x0000002c   Code   RO         3992    locale$$code        C:\Keil_v5\ARM\ARMCC\Bin\..\lib\armlib\c_w.l(lc_ctype_c.o)
    0x08004b58   0x0000002c   Code   RO         3304    t._ZN12SingletonPtrI13PlatformMutexEptEv  mbed/TARGET_NUCLEO_F103RB/TOOLCHAIN_ARM_STD/mbed.ar(FileBase.o)
    0x08004b84   0x0000000a   Code   RO           82    t._ZN4mbed8CallbackIFvvEE13function_callIPS1_EEvPKv  .\build\main.o
    0x08004b8e   0x00000002   Code   RO           94    t._ZN4mbed8CallbackIFvvEE13function_dtorIPS1_EEvPv  .\build\main.o
    0x08004b90   0x0000000e   Code   RO           88    t._ZN4mbed8CallbackIFvvEE13function_moveIPS1_EEvPvPKv  .\build\main.o
    0x08004b9e   0x00000002   PAD
    0x08004ba0   0x00000028   Code   RO           45    t._ZN4mbed8CallbackIFvvEEC1EPS1_  .\build\main.o
    0x08004bc8   0x0000001c   Code   RO           51    t._ZN4mbed8CallbackIFvvEEC1ERKS2_  .\build\main.o
    0x08004be4   0x00000014   Code   RO           57    t._ZN4mbed8CallbackIFvvEED1Ev  .\build\main.o
    0x08004bf8   0x000002b0   Code   RO         3538    x$fpl$ddiv          C:\Keil_v5\ARM\ARMCC\Bin\..\lib\armlib\fz_ws.l(ddiv.o)
    0x08004ea8   0x0000005e   Code   RO         3541    x$fpl$dfix          C:\Keil_v5\ARM\ARMCC\Bin\..\lib\armlib\fz_ws.l(dfix.o)
    0x08004f06   0x00000002   PAD
    0x08004f08   0x00000154   Code   RO         3545    x$fpl$dmul          C:\Keil_v5\ARM\ARMCC\Bin\..\lib\armlib\fz_ws.l(dmul.o)
    0x0800505c   0x0000009c   Code   RO         3784    x$fpl$dnaninf       C:\Keil_v5\ARM\ARMCC\Bin\..\lib\armlib\fz_ws.l(dnaninf.o)
    0x080050f8   0x0000000c   Code   RO         3786    x$fpl$dretinf       C:\Keil_v5\ARM\ARMCC\Bin\..\lib\armlib\fz_ws.l(dretinf.o)
    0x08005104   0x00000102   Code   RO         3569    x$fpl$fmul          C:\Keil_v5\ARM\ARMCC\Bin\..\lib\armlib\fz_ws.l(fmul.o)
    0x08005206   0x0000008c   Code   RO         3788    x$fpl$fnaninf       C:\Keil_v5\ARM\ARMCC\Bin\..\lib\armlib\fz_ws.l(fnaninf.o)
    0x08005292   0x0000000a   Code   RO         3790    x$fpl$fretinf       C:\Keil_v5\ARM\ARMCC\Bin\..\lib\armlib\fz_ws.l(fretinf.o)
    0x0800529c   0x0000005c   Code   RO         3559    x$fpl$llufromf      C:\Keil_v5\ARM\ARMCC\Bin\..\lib\armlib\fz_ws.l(ffixull.o)
    0x080052f8   0x00000004   Code   RO         3792    x$fpl$printf1       C:\Keil_v5\ARM\ARMCC\Bin\..\lib\armlib\fz_ws.l(printf1.o)
    0x080052fc   0x00000004   Code   RO         3794    x$fpl$printf2       C:\Keil_v5\ARM\ARMCC\Bin\..\lib\armlib\fz_ws.l(printf2.o)
    0x08005300   0x00000000   Code   RO         3800    x$fpl$usenofp       C:\Keil_v5\ARM\ARMCC\Bin\..\lib\armlib\fz_ws.l(usenofp.o)
    0x08005300   0x00000017   Data   RO          980    .constdata          mbed/TARGET_NUCLEO_F103RB/TOOLCHAIN_ARM_STD/mbed_retarget.o
    0x08005317   0x00000001   PAD
    0x08005318   0x00000048   Data   RO         1070    .constdata          mbed/TARGET_NUCLEO_F103RB/TOOLCHAIN_ARM_STD/PeripheralPins.o
    0x08005360   0x00000048   Data   RO         1071    .constdata          mbed/TARGET_NUCLEO_F103RB/TOOLCHAIN_ARM_STD/PeripheralPins.o
    0x080053a8   0x00000040   Data   RO         1089    .constdata          mbed/TARGET_NUCLEO_F103RB/TOOLCHAIN_ARM_STD/pinmap.o
    0x080053e8   0x00000010   Data   RO         2983    .constdata          mbed/TARGET_NUCLEO_F103RB/TOOLCHAIN_ARM_STD/system_stm32f1xx.o
    0x080053f8   0x00000008   Data   RO         2984    .constdata          mbed/TARGET_NUCLEO_F103RB/TOOLCHAIN_ARM_STD/system_stm32f1xx.o
    0x08005400   0x00000018   Data   RO         3138    .constdata          mbed/TARGET_NUCLEO_F103RB/TOOLCHAIN_ARM_STD/mbed.ar(mbed_us_ticker_api.o)
    0x08005418   0x00000008   Data   RO         3139    .constdata          mbed/TARGET_NUCLEO_F103RB/TOOLCHAIN_ARM_STD/mbed.ar(mbed_us_ticker_api.o)
    0x08005420   0x00000008   Data   RO         3621    .constdata          C:\Keil_v5\ARM\ARMCC\Bin\..\lib\armlib\c_w.l(_printf_wctomb.o)
    0x08005428   0x00000028   Data   RO         3650    .constdata          C:\Keil_v5\ARM\ARMCC\Bin\..\lib\armlib\c_w.l(_printf_hex_int_ll_ptr.o)
    0x08005450   0x00000011   Data   RO         3670    .constdata          C:\Keil_v5\ARM\ARMCC\Bin\..\lib\armlib\c_w.l(__printf_flags_ss_wp.o)
    0x08005461   0x00000026   Data   RO         3833    .constdata          C:\Keil_v5\ARM\ARMCC\Bin\..\lib\armlib\c_w.l(_printf_fp_hex.o)
    0x08005487   0x00000001   PAD
    0x08005488   0x00000094   Data   RO         3928    .constdata          C:\Keil_v5\ARM\ARMCC\Bin\..\lib\armlib\c_w.l(bigflt0.o)
    0x0800551c   0x00000014   Data   RO         3078    .constdata__ZTVN4mbed10TimerEventE  mbed/TARGET_NUCLEO_F103RB/TOOLCHAIN_ARM_STD/mbed.ar(TimerEvent.o)
    0x08005530   0x00000014   Data   RO         3032    .constdata__ZTVN4mbed6TickerE  mbed/TARGET_NUCLEO_F103RB/TOOLCHAIN_ARM_STD/mbed.ar(Ticker.o)
    0x08005544   0x00000014   Data   RO         1042    .constdata__ZZN12SingletonPtrI13PlatformMutexE3getEvEs  mbed/TARGET_NUCLEO_F103RB/TOOLCHAIN_ARM_STD/mbed_retarget.o
    0x08005558   0x00000059   Data   RO         1043    .constdata__ZZN12SingletonPtrI13PlatformMutexE3getEvEs_0  mbed/TARGET_NUCLEO_F103RB/TOOLCHAIN_ARM_STD/mbed_retarget.o
    0x080055b1   0x00000003   PAD
    0x080055b4   0x0000000c   Data   RO           81    .constdata__ZZN4mbed8CallbackIFvvEE8generateIPS1_EEvRKT_E3ops  .\build\main.o
    0x080055c0   0x00000052   Data   RO         1090    .conststring        mbed/TARGET_NUCLEO_F103RB/TOOLCHAIN_ARM_STD/pinmap.o
    0x08005612   0x00000002   PAD
    0x08005614   0x00000068   Data   RO         1213    .conststring        mbed/TARGET_NUCLEO_F103RB/TOOLCHAIN_ARM_STD/serial_device.o
    0x0800567c   0x0000004f   Data   RO         3215    .conststring        mbed/TARGET_NUCLEO_F103RB/TOOLCHAIN_ARM_STD/mbed.ar(mbed_critical.o)
    0x080056cb   0x00000001   PAD
    0x080056cc   0x00000020   Data   RO         4012    Region$$Table       anon$$obj.o
    0x080056ec   0x0000001c   Data   RO         3952    locale$$data        C:\Keil_v5\ARM\ARMCC\Bin\..\lib\armlib\c_w.l(lc_numeric_c.o)
    0x08005708   0x00000110   Data   RO         3991    locale$$data        C:\Keil_v5\ARM\ARMCC\Bin\..\lib\armlib\c_w.l(lc_ctype_c.o)
    0x08005818   0x00000004   Data   RO           12    .init_array         .\build\main.o
    0x0800581c   0x00000000   Data   RO         3423    .init_array         C:\Keil_v5\ARM\ARMCC\Bin\..\lib\armlib\c_w.l(init_aeabi.o)


    Execution Region RW_IRAM1 (Base: 0x200000ec, Size: 0x000004e4, Max: 0x00004f14, ABSOLUTE)

    Base Addr    Size         Type   Attr      Idx    E Section Name        Object

    0x200000ec   0x00000004   PAD
    0x200000f0   0x00000030   Data   RW           11    .data               .\build\main.o
    0x20000120   0x00000008   Data   RW          700    .data               mbed/TARGET_NUCLEO_F103RB/TOOLCHAIN_ARM_STD/can_api.o
    0x20000128   0x00000004   Data   RW          788    .data               mbed/TARGET_NUCLEO_F103RB/TOOLCHAIN_ARM_STD/hal_tick_16b.o
    0x2000012c   0x00000008   Data   RW          983    .data               mbed/TARGET_NUCLEO_F103RB/TOOLCHAIN_ARM_STD/mbed_retarget.o
    0x20000134   0x00000008   Data   RW         1214    .data               mbed/TARGET_NUCLEO_F103RB/TOOLCHAIN_ARM_STD/serial_device.o
    0x2000013c   0x00000004   Data   RW         1285    .data               mbed/TARGET_NUCLEO_F103RB/TOOLCHAIN_ARM_STD/stm32f1xx_hal.o
    0x20000140   0x00000004   Data   RW         2985    .data               mbed/TARGET_NUCLEO_F103RB/TOOLCHAIN_ARM_STD/system_stm32f1xx.o
    0x20000144   0x00000008   Data   RW         3000    .data               mbed/TARGET_NUCLEO_F103RB/TOOLCHAIN_ARM_STD/us_ticker_16b.o
    0x2000014c   0x00000002   Data   RW         3124    .data               mbed/TARGET_NUCLEO_F103RB/TOOLCHAIN_ARM_STD/mbed.ar(mbed_sleep_manager.o)
    0x2000014e   0x00000001   Data   RW         3191    .data               mbed/TARGET_NUCLEO_F103RB/TOOLCHAIN_ARM_STD/mbed.ar(mbed_error.o)
    0x2000014f   0x00000001   PAD
    0x20000150   0x00000008   Data   RW         3216    .data               mbed/TARGET_NUCLEO_F103RB/TOOLCHAIN_ARM_STD/mbed.ar(mbed_critical.o)
    0x20000158   0x0000000c   Data   RW         3291    .data               mbed/TARGET_NUCLEO_F103RB/TOOLCHAIN_ARM_STD/mbed.ar(FileBase.o)
    0x20000164   0x00000004   Data   RW         3399    .data               C:\Keil_v5\ARM\ARMCC\Bin\..\lib\armlib\c_w.l(stdio_streams.o)
    0x20000168   0x00000004   Data   RW         3400    .data               C:\Keil_v5\ARM\ARMCC\Bin\..\lib\armlib\c_w.l(stdio_streams.o)
    0x2000016c   0x00000004   Data   RW         3401    .data               C:\Keil_v5\ARM\ARMCC\Bin\..\lib\armlib\c_w.l(stdio_streams.o)
    0x20000170   0x00000004   Data   RW         3873    .data               C:\Keil_v5\ARM\ARMCC\Bin\..\lib\armlib\c_w.l(heapauxa.o)
    0x20000174   0x00000004   PAD
    0x20000178   0x0000008c   Zero   RW           10    .bss                .\build\main.o
    0x20000204   0x00000144   Zero   RW          979    .bss                mbed/TARGET_NUCLEO_F103RB/TOOLCHAIN_ARM_STD/mbed_retarget.o
    0x20000348   0x00000118   Zero   RW         1212    .bss                mbed/TARGET_NUCLEO_F103RB/TOOLCHAIN_ARM_STD/serial_device.o
    0x20000460   0x00000040   Zero   RW         2999    .bss                mbed/TARGET_NUCLEO_F103RB/TOOLCHAIN_ARM_STD/us_ticker_16b.o
    0x200004a0   0x00000018   Zero   RW         3137    .bss                mbed/TARGET_NUCLEO_F103RB/TOOLCHAIN_ARM_STD/mbed.ar(mbed_us_ticker_api.o)
    0x200004b8   0x00000004   Zero   RW         3314    .bss                C:\Keil_v5\ARM\ARMCC\Bin\..\lib\armlib\c_w.l(rt_errno_addr.o)
    0x200004bc   0x00000054   Zero   RW         3396    .bss                C:\Keil_v5\ARM\ARMCC\Bin\..\lib\armlib\c_w.l(stdio_streams.o)
    0x20000510   0x00000054   Zero   RW         3397    .bss                C:\Keil_v5\ARM\ARMCC\Bin\..\lib\armlib\c_w.l(stdio_streams.o)
    0x20000564   0x00000054   Zero   RW         3398    .bss                C:\Keil_v5\ARM\ARMCC\Bin\..\lib\armlib\c_w.l(stdio_streams.o)
    0x200005b8   0x00000004   Zero   RW         3578    .bss                C:\Keil_v5\ARM\ARMCC\Bin\..\lib\armlib\c_w.l(rt_heap_descriptor.o)
    0x200005bc   0x00000014   Zero   RW         3914    .bss                C:\Keil_v5\ARM\ARMCC\Bin\..\lib\armlib\c_w.l(rt_locale.o)


==============================================================================

Image component sizes


      Code (inc. data)   RO Data    RW Data    ZI Data      Debug   Object Name

         0          0        144          0          0          0   mbed/TARGET_NUCLEO_F103RB/TOOLCHAIN_ARM_STD/PeripheralPins.o
       340         28          0          8          0        312   mbed/TARGET_NUCLEO_F103RB/TOOLCHAIN_ARM_STD/can_api.o
       378         72          0          0          0        312   mbed/TARGET_NUCLEO_F103RB/TOOLCHAIN_ARM_STD/gpio_api.o
       360         56          0          4          0        160   mbed/TARGET_NUCLEO_F103RB/TOOLCHAIN_ARM_STD/hal_tick_16b.o
       694        106         16         48        140     371400   .\build\main.o
       248         18          0          0          0        260   mbed/TARGET_NUCLEO_F103RB/TOOLCHAIN_ARM_STD/mbed_board.o
        22          0          0          0          0         80   mbed/TARGET_NUCLEO_F103RB/TOOLCHAIN_ARM_STD/mbed_overrides.o
       992         88        132          8        324        820   mbed/TARGET_NUCLEO_F103RB/TOOLCHAIN_ARM_STD/mbed_retarget.o
        44          4          0          0          0        224   mbed/TARGET_NUCLEO_F103RB/TOOLCHAIN_ARM_STD/mbed_sdk_boot.o
      1104         82        146          0          0        312   mbed/TARGET_NUCLEO_F103RB/TOOLCHAIN_ARM_STD/pinmap.o
       152         34          0          0          0        148   mbed/TARGET_NUCLEO_F103RB/TOOLCHAIN_ARM_STD/serial_api.o
       414         62        104          8        280        244   mbed/TARGET_NUCLEO_F103RB/TOOLCHAIN_ARM_STD/serial_device.o
        36          8        236          0          0        228   mbed/TARGET_NUCLEO_F103RB/TOOLCHAIN_ARM_STD/startup_stm32f103xb.o
        66         16          0          4          0        280   mbed/TARGET_NUCLEO_F103RB/TOOLCHAIN_ARM_STD/stm32f1xx_hal.o
        36          6          0          0          0         68   mbed/TARGET_NUCLEO_F103RB/TOOLCHAIN_ARM_STD/stm32f1xx_hal_cortex.o
      1588        108          0          0          0        428   mbed/TARGET_NUCLEO_F103RB/TOOLCHAIN_ARM_STD/stm32f1xx_hal_rcc.o
       294         14          0          0          0        428   mbed/TARGET_NUCLEO_F103RB/TOOLCHAIN_ARM_STD/stm32f1xx_hal_tim.o
       536          4          0          0          0        232   mbed/TARGET_NUCLEO_F103RB/TOOLCHAIN_ARM_STD/stm32f1xx_hal_uart.o
       268         12          0          0          0        176   mbed/TARGET_NUCLEO_F103RB/TOOLCHAIN_ARM_STD/system_clock.o
       112         22         24          4          0         68   mbed/TARGET_NUCLEO_F103RB/TOOLCHAIN_ARM_STD/system_stm32f1xx.o
       274         44          0          8         64        456   mbed/TARGET_NUCLEO_F103RB/TOOLCHAIN_ARM_STD/us_ticker_16b.o

    ----------------------------------------------------------------------
      7972        784        840         92        808     376636   Object Totals
         0          0         32          0          0          0   (incl. Generated)
        14          0          6          0          0          0   (incl. Padding)

    ----------------------------------------------------------------------

      Code (inc. data)   RO Data    RW Data    ZI Data      Debug   Library Member Name

         8          0          0          0          0         68   C:\Keil_v5\ARM\ARMCC\Bin\..\lib\armlib\c_w.l(__main.o)
       392          4         17          0          0         92   C:\Keil_v5\ARM\ARMCC\Bin\..\lib\armlib\c_w.l(__printf_flags_ss_wp.o)
        14          0          0          0          0         68   C:\Keil_v5\ARM\ARMCC\Bin\..\lib\armlib\c_w.l(__printf_wp.o)
         0          0          0          0          0          0   C:\Keil_v5\ARM\ARMCC\Bin\..\lib\armlib\c_w.l(__rtentry.o)
        20          0          0          0          0          0   C:\Keil_v5\ARM\ARMCC\Bin\..\lib\armlib\c_w.l(__rtentry2.o)
         6          0          0          0          0          0   C:\Keil_v5\ARM\ARMCC\Bin\..\lib\armlib\c_w.l(__rtentry4.o)
        52          8          0          0          0          0   C:\Keil_v5\ARM\ARMCC\Bin\..\lib\armlib\c_w.l(__scatter.o)
        26          0          0          0          0          0   C:\Keil_v5\ARM\ARMCC\Bin\..\lib\armlib\c_w.l(__scatter_copy.o)
        28          0          0          0          0          0   C:\Keil_v5\ARM\ARMCC\Bin\..\lib\armlib\c_w.l(__scatter_zi.o)
         6          0          0          0          0          0   C:\Keil_v5\ARM\ARMCC\Bin\..\lib\armlib\c_w.l(_printf_a.o)
         6          0          0          0          0          0   C:\Keil_v5\ARM\ARMCC\Bin\..\lib\armlib\c_w.l(_printf_c.o)
        44          0          0          0          0        108   C:\Keil_v5\ARM\ARMCC\Bin\..\lib\armlib\c_w.l(_printf_char.o)
        48          6          0          0          0         96   C:\Keil_v5\ARM\ARMCC\Bin\..\lib\armlib\c_w.l(_printf_char_common.o)
        40          0          0          0          0         68   C:\Keil_v5\ARM\ARMCC\Bin\..\lib\armlib\c_w.l(_printf_charcount.o)
         6          0          0          0          0          0   C:\Keil_v5\ARM\ARMCC\Bin\..\lib\armlib\c_w.l(_printf_d.o)
       120         16          0          0          0         92   C:\Keil_v5\ARM\ARMCC\Bin\..\lib\armlib\c_w.l(_printf_dec.o)
         6          0          0          0          0          0   C:\Keil_v5\ARM\ARMCC\Bin\..\lib\armlib\c_w.l(_printf_e.o)
         6          0          0          0          0          0   C:\Keil_v5\ARM\ARMCC\Bin\..\lib\armlib\c_w.l(_printf_f.o)
      1050          0          0          0          0        216   C:\Keil_v5\ARM\ARMCC\Bin\..\lib\armlib\c_w.l(_printf_fp_dec.o)
       764         10         38          0          0        100   C:\Keil_v5\ARM\ARMCC\Bin\..\lib\armlib\c_w.l(_printf_fp_hex.o)
       128         16          0          0          0         84   C:\Keil_v5\ARM\ARMCC\Bin\..\lib\armlib\c_w.l(_printf_fp_infnan.o)
         6          0          0          0          0          0   C:\Keil_v5\ARM\ARMCC\Bin\..\lib\armlib\c_w.l(_printf_g.o)
       148          4         40          0          0        160   C:\Keil_v5\ARM\ARMCC\Bin\..\lib\armlib\c_w.l(_printf_hex_int_ll_ptr.o)
         6          0          0          0          0          0   C:\Keil_v5\ARM\ARMCC\Bin\..\lib\armlib\c_w.l(_printf_i.o)
       178          0          0          0          0         88   C:\Keil_v5\ARM\ARMCC\Bin\..\lib\armlib\c_w.l(_printf_intcommon.o)
        10          0          0          0          0          0   C:\Keil_v5\ARM\ARMCC\Bin\..\lib\armlib\c_w.l(_printf_l.o)
         6          0          0          0          0          0   C:\Keil_v5\ARM\ARMCC\Bin\..\lib\armlib\c_w.l(_printf_lc.o)
        10          0          0          0          0          0   C:\Keil_v5\ARM\ARMCC\Bin\..\lib\armlib\c_w.l(_printf_ll.o)
         6          0          0          0          0          0   C:\Keil_v5\ARM\ARMCC\Bin\..\lib\armlib\c_w.l(_printf_lld.o)
         6          0          0          0          0          0   C:\Keil_v5\ARM\ARMCC\Bin\..\lib\armlib\c_w.l(_printf_lli.o)
         6          0          0          0          0          0   C:\Keil_v5\ARM\ARMCC\Bin\..\lib\armlib\c_w.l(_printf_llo.o)
         6          0          0          0          0          0   C:\Keil_v5\ARM\ARMCC\Bin\..\lib\armlib\c_w.l(_printf_llu.o)
         6          0          0          0          0          0   C:\Keil_v5\ARM\ARMCC\Bin\..\lib\armlib\c_w.l(_printf_llx.o)
       124         16          0          0          0         92   C:\Keil_v5\ARM\ARMCC\Bin\..\lib\armlib\c_w.l(_printf_longlong_dec.o)
         6          0          0          0          0          0   C:\Keil_v5\ARM\ARMCC\Bin\..\lib\armlib\c_w.l(_printf_ls.o)
         6          0          0          0          0          0   C:\Keil_v5\ARM\ARMCC\Bin\..\lib\armlib\c_w.l(_printf_n.o)
         6          0          0          0          0          0   C:\Keil_v5\ARM\ARMCC\Bin\..\lib\armlib\c_w.l(_printf_o.o)
       112          8          0          0          0        124   C:\Keil_v5\ARM\ARMCC\Bin\..\lib\armlib\c_w.l(_printf_oct_int_ll.o)
         6          0          0          0          0          0   C:\Keil_v5\ARM\ARMCC\Bin\..\lib\armlib\c_w.l(_printf_p.o)
        78          0          0          0          0        108   C:\Keil_v5\ARM\ARMCC\Bin\..\lib\armlib\c_w.l(_printf_pad.o)
         0          0          0          0          0          0   C:\Keil_v5\ARM\ARMCC\Bin\..\lib\armlib\c_w.l(_printf_percent.o)
         4          0          0          0          0          0   C:\Keil_v5\ARM\ARMCC\Bin\..\lib\armlib\c_w.l(_printf_percent_end.o)
         6          0          0          0          0          0   C:\Keil_v5\ARM\ARMCC\Bin\..\lib\armlib\c_w.l(_printf_s.o)
        82          0          0          0          0         80   C:\Keil_v5\ARM\ARMCC\Bin\..\lib\armlib\c_w.l(_printf_str.o)
        36          0          0          0          0         84   C:\Keil_v5\ARM\ARMCC\Bin\..\lib\armlib\c_w.l(_printf_truncate.o)
         6          0          0          0          0          0   C:\Keil_v5\ARM\ARMCC\Bin\..\lib\armlib\c_w.l(_printf_u.o)
        44          0          0          0          0        108   C:\Keil_v5\ARM\ARMCC\Bin\..\lib\armlib\c_w.l(_printf_wchar.o)
       188          6          8          0          0         92   C:\Keil_v5\ARM\ARMCC\Bin\..\lib\armlib\c_w.l(_printf_wctomb.o)
         6          0          0          0          0          0   C:\Keil_v5\ARM\ARMCC\Bin\..\lib\armlib\c_w.l(_printf_x.o)
        16          0          0          0          0         68   C:\Keil_v5\ARM\ARMCC\Bin\..\lib\armlib\c_w.l(_snputc.o)
        10          0          0          0          0         68   C:\Keil_v5\ARM\ARMCC\Bin\..\lib\armlib\c_w.l(_sputc.o)
        64          0          0          0          0         92   C:\Keil_v5\ARM\ARMCC\Bin\..\lib\armlib\c_w.l(_wcrtomb.o)
       220          4        148          0          0         96   C:\Keil_v5\ARM\ARMCC\Bin\..\lib\armlib\c_w.l(bigflt0.o)
      1910        128          0          0          0        672   C:\Keil_v5\ARM\ARMCC\Bin\..\lib\armlib\c_w.l(btod.o)
        10          0          0          0          0         68   C:\Keil_v5\ARM\ARMCC\Bin\..\lib\armlib\c_w.l(defsig_exit.o)
        50          0          0          0          0         88   C:\Keil_v5\ARM\ARMCC\Bin\..\lib\armlib\c_w.l(defsig_general.o)
        48         34          0          0          0         76   C:\Keil_v5\ARM\ARMCC\Bin\..\lib\armlib\c_w.l(defsig_pvfn_inner.o)
        14          0          0          0          0         80   C:\Keil_v5\ARM\ARMCC\Bin\..\lib\armlib\c_w.l(defsig_pvfn_outer.o)
        80         58          0          0          0         76   C:\Keil_v5\ARM\ARMCC\Bin\..\lib\armlib\c_w.l(defsig_rtmem_inner.o)
        14          0          0          0          0         80   C:\Keil_v5\ARM\ARMCC\Bin\..\lib\armlib\c_w.l(defsig_rtmem_outer.o)
        52         38          0          0          0         76   C:\Keil_v5\ARM\ARMCC\Bin\..\lib\armlib\c_w.l(defsig_rtred_inner.o)
        14          0          0          0          0         80   C:\Keil_v5\ARM\ARMCC\Bin\..\lib\armlib\c_w.l(defsig_rtred_outer.o)
        76          0          0          0          0         88   C:\Keil_v5\ARM\ARMCC\Bin\..\lib\armlib\c_w.l(fclose.o)
       100          4          0          0          0        120   C:\Keil_v5\ARM\ARMCC\Bin\..\lib\armlib\c_w.l(fflush.o)
       236          4          0          0          0        128   C:\Keil_v5\ARM\ARMCC\Bin\..\lib\armlib\c_w.l(fopen.o)
       248          6          0          0          0         84   C:\Keil_v5\ARM\ARMCC\Bin\..\lib\armlib\c_w.l(fseek.o)
        66          0          0          0          0         76   C:\Keil_v5\ARM\ARMCC\Bin\..\lib\armlib\c_w.l(ftell.o)
        94          0          0          0          0         80   C:\Keil_v5\ARM\ARMCC\Bin\..\lib\armlib\c_w.l(h1_alloc.o)
        52          0          0          0          0         68   C:\Keil_v5\ARM\ARMCC\Bin\..\lib\armlib\c_w.l(h1_extend.o)
        78          0          0          0          0         80   C:\Keil_v5\ARM\ARMCC\Bin\..\lib\armlib\c_w.l(h1_free.o)
        14          0          0          0          0         84   C:\Keil_v5\ARM\ARMCC\Bin\..\lib\armlib\c_w.l(h1_init.o)
        80          6          0          4          0         96   C:\Keil_v5\ARM\ARMCC\Bin\..\lib\armlib\c_w.l(heapauxa.o)
         4          0          0          0          0        136   C:\Keil_v5\ARM\ARMCC\Bin\..\lib\armlib\c_w.l(hguard.o)
         0          0          0          0          0          0   C:\Keil_v5\ARM\ARMCC\Bin\..\lib\armlib\c_w.l(indicate_semi.o)
        36         10          0          0          0         80   C:\Keil_v5\ARM\ARMCC\Bin\..\lib\armlib\c_w.l(init_aeabi.o)
       138          0          0          0          0        168   C:\Keil_v5\ARM\ARMCC\Bin\..\lib\armlib\c_w.l(init_alloc.o)
       312         46          0          0          0        112   C:\Keil_v5\ARM\ARMCC\Bin\..\lib\armlib\c_w.l(initio.o)
        44         10        272          0          0         76   C:\Keil_v5\ARM\ARMCC\Bin\..\lib\armlib\c_w.l(lc_ctype_c.o)
        44         10         28          0          0         76   C:\Keil_v5\ARM\ARMCC\Bin\..\lib\armlib\c_w.l(lc_numeric_c.o)
         2          0          0          0          0          0   C:\Keil_v5\ARM\ARMCC\Bin\..\lib\armlib\c_w.l(libinit.o)
        46          0          0          0          0          0   C:\Keil_v5\ARM\ARMCC\Bin\..\lib\armlib\c_w.l(libinit2.o)
         0          0          0          0          0          0   C:\Keil_v5\ARM\ARMCC\Bin\..\lib\armlib\c_w.l(libshutdown2.o)
       138          0          0          0          0         80   C:\Keil_v5\ARM\ARMCC\Bin\..\lib\armlib\c_w.l(lludiv10.o)
         0          0          0          0          0          0   C:\Keil_v5\ARM\ARMCC\Bin\..\lib\armlib\c_w.l(maybetermalloc1.o)
        16          4          0          0          0         76   C:\Keil_v5\ARM\ARMCC\Bin\..\lib\armlib\c_w.l(rt_ctype_table.o)
         8          4          0          0          4         68   C:\Keil_v5\ARM\ARMCC\Bin\..\lib\armlib\c_w.l(rt_errno_addr.o)
         8          4          0          0          4         68   C:\Keil_v5\ARM\ARMCC\Bin\..\lib\armlib\c_w.l(rt_heap_descriptor.o)
         8          4          0          0         20         68   C:\Keil_v5\ARM\ARMCC\Bin\..\lib\armlib\c_w.l(rt_locale.o)
        78          0          0          0          0         80   C:\Keil_v5\ARM\ARMCC\Bin\..\lib\armlib\c_w.l(rt_memclr_w.o)
       100          0          0          0          0         80   C:\Keil_v5\ARM\ARMCC\Bin\..\lib\armlib\c_w.l(rt_memcpy_w.o)
        70          0          0          0          0         80   C:\Keil_v5\ARM\ARMCC\Bin\..\lib\armlib\c_w.l(setvbuf.o)
       240          6          0          0          0        156   C:\Keil_v5\ARM\ARMCC\Bin\..\lib\armlib\c_w.l(stdio.o)
         0          0          0         12        252          0   C:\Keil_v5\ARM\ARMCC\Bin\..\lib\armlib\c_w.l(stdio_streams.o)
       128          0          0          0          0         68   C:\Keil_v5\ARM\ARMCC\Bin\..\lib\armlib\c_w.l(strcmpv7m.o)
        62          0          0          0          0         76   C:\Keil_v5\ARM\ARMCC\Bin\..\lib\armlib\c_w.l(strlen.o)
       150          0          0          0          0         80   C:\Keil_v5\ARM\ARMCC\Bin\..\lib\armlib\c_w.l(strncmp.o)
        12          4          0          0          0         68   C:\Keil_v5\ARM\ARMCC\Bin\..\lib\armlib\c_w.l(sys_exit.o)
        14          0          0          0          0         76   C:\Keil_v5\ARM\ARMCC\Bin\..\lib\armlib\c_w.l(sys_wrch.o)
         2          0          0          0          0         68   C:\Keil_v5\ARM\ARMCC\Bin\..\lib\armlib\c_w.l(use_no_semi.o)
        52          4          0          0          0         80   C:\Keil_v5\ARM\ARMCC\Bin\..\lib\armlib\c_w.l(vsnprintf.o)
         6          0          0          0          0         68   C:\Keil_v5\ARM\ARMCC\Bin\..\lib\cpplib\cpprt_w.l(pure_virt.o)
       688        140          0          0          0        208   C:\Keil_v5\ARM\ARMCC\Bin\..\lib\armlib\fz_ws.l(ddiv.o)
        94          4          0          0          0         92   C:\Keil_v5\ARM\ARMCC\Bin\..\lib\armlib\fz_ws.l(dfix.o)
       340         12          0          0          0        104   C:\Keil_v5\ARM\ARMCC\Bin\..\lib\armlib\fz_ws.l(dmul.o)
       156          4          0          0          0         92   C:\Keil_v5\ARM\ARMCC\Bin\..\lib\armlib\fz_ws.l(dnaninf.o)
        12          0          0          0          0         68   C:\Keil_v5\ARM\ARMCC\Bin\..\lib\armlib\fz_ws.l(dretinf.o)
        92          4          0          0          0         84   C:\Keil_v5\ARM\ARMCC\Bin\..\lib\armlib\fz_ws.l(ffixull.o)
       258          4          0          0          0         84   C:\Keil_v5\ARM\ARMCC\Bin\..\lib\armlib\fz_ws.l(fmul.o)
       140          4          0          0          0         84   C:\Keil_v5\ARM\ARMCC\Bin\..\lib\armlib\fz_ws.l(fnaninf.o)
        10          0          0          0          0         68   C:\Keil_v5\ARM\ARMCC\Bin\..\lib\armlib\fz_ws.l(fretinf.o)
         4          0          0          0          0         68   C:\Keil_v5\ARM\ARMCC\Bin\..\lib\armlib\fz_ws.l(printf1.o)
         4          0          0          0          0         68   C:\Keil_v5\ARM\ARMCC\Bin\..\lib\armlib\fz_ws.l(printf2.o)
         0          0          0          0          0          0   C:\Keil_v5\ARM\ARMCC\Bin\..\lib\armlib\fz_ws.l(usenofp.o)
        40          0          0          0          0         68   C:\Keil_v5\ARM\ARMCC\Bin\..\lib\armlib\m_ws.l(fpclassify.o)
       156         26          0         12          0        224   mbed/TARGET_NUCLEO_F103RB/TOOLCHAIN_ARM_STD/mbed.ar(FileBase.o)
       160          0          0          0          0        440   mbed/TARGET_NUCLEO_F103RB/TOOLCHAIN_ARM_STD/mbed.ar(FilePath.o)
       216          6         20          0          0        260   mbed/TARGET_NUCLEO_F103RB/TOOLCHAIN_ARM_STD/mbed.ar(Ticker.o)
       110         16         20          0          0        364   mbed/TARGET_NUCLEO_F103RB/TOOLCHAIN_ARM_STD/mbed.ar(TimerEvent.o)
        84         52          0          0          0         88   mbed/TARGET_NUCLEO_F103RB/TOOLCHAIN_ARM_STD/mbed.ar(mbed_assert.o)
       280         98         79          8          0        316   mbed/TARGET_NUCLEO_F103RB/TOOLCHAIN_ARM_STD/mbed.ar(mbed_critical.o)
        40          4          0          1          0         88   mbed/TARGET_NUCLEO_F103RB/TOOLCHAIN_ARM_STD/mbed.ar(mbed_error.o)
        46          0          0          0          0         88   mbed/TARGET_NUCLEO_F103RB/TOOLCHAIN_ARM_STD/mbed.ar(mbed_gpio.o)
       248         76          0          0          0        240   mbed/TARGET_NUCLEO_F103RB/TOOLCHAIN_ARM_STD/mbed.ar(mbed_pinmap_common.o)
       180         98          0          2          0        160   mbed/TARGET_NUCLEO_F103RB/TOOLCHAIN_ARM_STD/mbed.ar(mbed_sleep_manager.o)
       476          0          0          0          0        596   mbed/TARGET_NUCLEO_F103RB/TOOLCHAIN_ARM_STD/mbed.ar(mbed_ticker_api.o)
        20         10         32          0         24        136   mbed/TARGET_NUCLEO_F103RB/TOOLCHAIN_ARM_STD/mbed.ar(mbed_us_ticker_api.o)
        28          0          0          0          0         80   mbed/TARGET_NUCLEO_F103RB/TOOLCHAIN_ARM_STD/mbed.ar(mbed_wait_api_no_rtos.o)

    ----------------------------------------------------------------------
     13040       1040        704         44        308      10608   Library Totals
        20          0          2          5          4          0   (incl. Padding)

    ----------------------------------------------------------------------

      Code (inc. data)   RO Data    RW Data    ZI Data      Debug   Library Name

      9132        482        551         16        280       6372   C:\Keil_v5\ARM\ARMCC\Bin\..\lib\armlib\c_w.l
         6          0          0          0          0         68   C:\Keil_v5\ARM\ARMCC\Bin\..\lib\cpplib\cpprt_w.l
      1798        172          0          0          0       1020   C:\Keil_v5\ARM\ARMCC\Bin\..\lib\armlib\fz_ws.l
        40          0          0          0          0         68   C:\Keil_v5\ARM\ARMCC\Bin\..\lib\armlib\m_ws.l
      2044        386        151         23         24       3080   mbed/TARGET_NUCLEO_F103RB/TOOLCHAIN_ARM_STD/mbed.ar

    ----------------------------------------------------------------------
     13040       1040        704         44        308      10608   Library Totals

    ----------------------------------------------------------------------

==============================================================================


      Code (inc. data)   RO Data    RW Data    ZI Data      Debug   

     21012       1824       1544        136       1116     377360   Grand Totals
     21012       1824       1544        136       1116     377360   ELF Image Totals
     21012       1824       1544        136          0          0   ROM Totals

==============================================================================

    Total RO  Size (Code + RO Data)                22556 (  22.03kB)
    Total RW  Size (RW Data + ZI Data)              1252 (   1.22kB)
    Total ROM Size (Code + RO Data + RW Data)      22692 (  22.16kB)

==============================================================================

